05-22 14:02:55.243 V/cps-ScanControlProxy( 1929): --------------------------------------------------------------------------------
05-22 14:02:55.243 V/cps-ScanControlProxy( 1929): <<< [call begin][25352][pid=1076][proc=insight.tr069.client]:
05-22 14:02:55.243 V/cps-ScanControlProxy( 1929): isAntennaConnected (
05-22 14:02:55.243 V/cps-ScanControlProxy( 1929):  
05-22 14:02:55.243 V/cps-ScanControlProxy( 1929): )
05-22 14:02:55.243 V/cps-ScanControlProxy( 1929): --------------------------------------------------------------------------------
05-22 14:02:55.245 V/cps-ScanControlProxy( 1929): --------------------------------------------------------------------------------
05-22 14:02:55.245 V/cps-ScanControlProxy( 1929): >> [call end][25352][2ms][pid=1076][proc=insight.tr069.client]:
05-22 14:02:55.245 V/cps-ScanControlProxy( 1929): isAntennaConnected (
05-22 14:02:55.245 V/cps-ScanControlProxy( 1929):  
05-22 14:02:55.245 V/cps-ScanControlProxy( 1929): )
05-22 14:02:55.245 V/cps-ScanControlProxy( 1929): result=UNKNOWN_STATE
05-22 14:02:55.245 V/cps-ScanControlProxy( 1929): --------------------------------------------------------------------------------
05-22 14:02:55.336 V/cps-PvrControlProxy( 1929): --------------------------------------------------------------------------------
05-22 14:02:55.336 V/cps-PvrControlProxy( 1929): <<< [call begin][25353][pid=1076][proc=insight.tr069.client]:
05-22 14:02:55.336 V/cps-PvrControlProxy( 1929): getDevicePath (
05-22 14:02:55.336 V/cps-PvrControlProxy( 1929):  
05-22 14:02:55.336 V/cps-PvrControlProxy( 1929): )
05-22 14:02:55.336 V/cps-PvrControlProxy( 1929): --------------------------------------------------------------------------------
05-22 14:02:55.336 V/ITvService(  112): [NATIVE] pvrGetMediaPath
05-22 14:02:55.336 E/iwedia/comedia3(  112): [1;31;48m[(_C_) pvr_plugin.c(347)]: eUT_TRC_PVR_PLU : PVR_GetVolumePath: Path not set[0;38;48m
05-22 14:02:55.336 E/iwedia/comedia3(  112): [1;31;48m[(_C_) cm_PVR_device.c(191)]:  eUT_TRC_CM_PVR : cmPVR_GetVolumePath: Error in PVR_GetVolumePath[0;38;48m
05-22 14:02:55.336 D/iwedia/mal(  112): MAL_PVR_GetDevicePath - line: 339: MAL_PVR Error in cmPVR_GetVolumePath
05-22 14:02:55.336 V/TvService-Native(  112): TvService::MAL_PVR_GetDevicePath() result = 1
05-22 14:02:55.336 V/ITvService(  112): [NATIVE] pvrGetMediaPath return!
05-22 14:02:55.338 V/cps-PvrControlProxy( 1929): --------------------------------------------------------------------------------
05-22 14:02:55.338 V/cps-PvrControlProxy( 1929): >> [call end][25353][3ms][pid=1076][proc=insight.tr069.client]:
05-22 14:02:55.338 V/cps-PvrControlProxy( 1929): getDevicePath (
05-22 14:02:55.338 V/cps-PvrControlProxy( 1929):  
05-22 14:02:55.338 V/cps-PvrControlProxy( 1929): )
05-22 14:02:55.338 V/cps-PvrControlProxy( 1929): result=
05-22 14:02:55.338 V/cps-PvrControlProxy( 1929): --------------------------------------------------------------------------------
05-22 14:02:55.343 V/cps-MountControlProxy( 1929): --------------------------------------------------------------------------------
05-22 14:02:55.343 V/cps-MountControlProxy( 1929): <<< [call begin][25354][pid=1076][proc=insight.tr069.client]:
05-22 14:02:55.343 V/cps-MountControlProxy( 1929): getNumberOfMountedStorageDevices (
05-22 14:02:55.343 V/cps-MountControlProxy( 1929):  
05-22 14:02:55.343 V/cps-MountControlProxy( 1929): )
05-22 14:02:55.343 V/cps-MountControlProxy( 1929): --------------------------------------------------------------------------------
05-22 14:02:55.346 V/cps-MountControlProxy( 1929): --------------------------------------------------------------------------------
05-22 14:02:55.346 V/cps-MountControlProxy( 1929): >> [call end][25354][2ms][pid=1076][proc=insight.tr069.client]:
05-22 14:02:55.346 V/cps-MountControlProxy( 1929): getNumberOfMountedStorageDevices (
05-22 14:02:55.346 V/cps-MountControlProxy( 1929):  
05-22 14:02:55.346 V/cps-MountControlProxy( 1929): )
05-22 14:02:55.346 V/cps-MountControlProxy( 1929): result=0
05-22 14:02:55.346 V/cps-MountControlProxy( 1929): --------------------------------------------------------------------------------
05-22 14:02:55.608 V/TimeManager( 1929): [thread][ANDROID_TIME]
05-22 14:02:55.608 V/ITvService(  112): [NATIVE]: getTimeDateMode
05-22 14:02:55.608 V/ITvService(  112): [NATIVE] getTimeDateMode res: 2
05-22 14:02:56.712 D/WifiNative-wlan0(  552): doBoolean: SCAN TYPE=ONLY
05-22 14:02:56.714 D/WifiNative-wlan0(  552): SCAN TYPE=ONLY: returned true
05-22 14:02:58.016 D/WifiNative-wlan0(  552): doString: [BSS RANGE=0- MASK=0x21987]
05-22 14:02:58.026 V/AutoDiag.Receiver(  681): Intent { act=android.net.wifi.SCAN_RESULTS flg=0x4000010 cmp=fr.bouyguestelecom.tv.autodiag/.receiver.AutoDiagReceiver }
05-22 14:02:58.033 W/AutoDiag.Receiver(  681): Unexpected intent action: android.net.wifi.SCAN_RESULTS
05-22 14:02:58.169 D/WifiNative-wlan0(  552): doBoolean: SCAN TYPE=ONLY
05-22 14:02:58.170 D/WifiNative-wlan0(  552): SCAN TYPE=ONLY: returned true
05-22 14:02:58.798 W/[0;1;33m[byt]PfsProxy::StorageMgr[0m::GetTokenFromStore(  995): SSS_GetItem 'OAUTH-EXP' returns 4
05-22 14:02:58.798 I/[0;1;36m[byt]Comm::Pfs[0m::COMM_PFS_isAuthenticatedOAUTH(  995): isAuthenticated[2]: [0;1;33mNO![0m
05-22 14:02:58.798 W/ifs_SmartMW_Content(  995): [0;0m[0;34m[14:02:58.798 (4134:SmartMWSubscriptionUpdater)src/Content/Subscription/SmartMWSubscriptionUpdater.cpp:0485->onAuthentStateTimeout][1;33mIFS_WARNING: User is not logged, can't get available offers[0;0m
05-22 14:02:58.803 W/[0;1;33m[byt]PfsProxy::StorageMgr[0m::GetTokenFromStore(  995): SSS_GetItem 'OAUTH-EXP' returns 4
05-22 14:02:58.803 I/[0;1;36m[byt]Comm::Pfs[0m::COMM_PFS_isAuthenticatedOAUTH(  995): isAuthenticated[2]: [0;1;33mNO![0m
05-22 14:02:59.472 D/WifiNative-wlan0(  552): doString: [BSS RANGE=0- MASK=0x21987]
05-22 14:02:59.481 V/AutoDiag.Receiver(  681): Intent { act=android.net.wifi.SCAN_RESULTS flg=0x4000010 cmp=fr.bouyguestelecom.tv.autodiag/.receiver.AutoDiagReceiver }
05-22 14:02:59.481 W/AutoDiag.Receiver(  681): Unexpected intent action: android.net.wifi.SCAN_RESULTS
05-22 14:03:00.509 I/cpusvc  (  460): [restore_max_freq] max freq gonna restore to: 1200000
05-22 14:03:00.547 V/cps-ScanControlProxy( 1929): --------------------------------------------------------------------------------
05-22 14:03:00.547 V/cps-ScanControlProxy( 1929): <<< [call begin][25355][pid=1076][proc=insight.tr069.client]:
05-22 14:03:00.547 V/cps-ScanControlProxy( 1929): isAntennaConnected (
05-22 14:03:00.547 V/cps-ScanControlProxy( 1929):  
05-22 14:03:00.547 V/cps-ScanControlProxy( 1929): )
05-22 14:03:00.547 V/cps-ScanControlProxy( 1929): --------------------------------------------------------------------------------
05-22 14:03:00.550 V/cps-ScanControlProxy( 1929): --------------------------------------------------------------------------------
05-22 14:03:00.550 V/cps-ScanControlProxy( 1929): >> [call end][25355][1ms][pid=1076][proc=insight.tr069.client]:
05-22 14:03:00.550 V/cps-ScanControlProxy( 1929): isAntennaConnected (
05-22 14:03:00.550 V/cps-ScanControlProxy( 1929):  
05-22 14:03:00.550 V/cps-ScanControlProxy( 1929): )
05-22 14:03:00.550 V/cps-ScanControlProxy( 1929): result=UNKNOWN_STATE
05-22 14:03:00.550 V/cps-ScanControlProxy( 1929): --------------------------------------------------------------------------------
05-22 14:03:00.627 V/cps-PvrControlProxy( 1929): --------------------------------------------------------------------------------
05-22 14:03:00.627 V/cps-PvrControlProxy( 1929): <<< [call begin][25356][pid=1076][proc=insight.tr069.client]:
05-22 14:03:00.627 V/cps-PvrControlProxy( 1929): getDevicePath (
05-22 14:03:00.627 V/cps-PvrControlProxy( 1929):  
05-22 14:03:00.627 V/cps-PvrControlProxy( 1929): )
05-22 14:03:00.627 V/cps-PvrControlProxy( 1929): --------------------------------------------------------------------------------
05-22 14:03:00.627 V/ITvService(  112): [NATIVE] pvrGetMediaPath
05-22 14:03:00.627 E/iwedia/comedia3(  112): [1;31;48m[(_C_) pvr_plugin.c(347)]: eUT_TRC_PVR_PLU : PVR_GetVolumePath: Path not set[0;38;48m
05-22 14:03:00.627 E/iwedia/comedia3(  112): [1;31;48m[(_C_) cm_PVR_device.c(191)]:  eUT_TRC_CM_PVR : cmPVR_GetVolumePath: Error in PVR_GetVolumePath[0;38;48m
05-22 14:03:00.627 D/iwedia/mal(  112): MAL_PVR_GetDevicePath - line: 339: MAL_PVR Error in cmPVR_GetVolumePath
05-22 14:03:00.627 V/TvService-Native(  112): TvService::MAL_PVR_GetDevicePath() result = 1
05-22 14:03:00.627 V/ITvService(  112): [NATIVE] pvrGetMediaPath return!
05-22 14:03:00.629 V/cps-PvrControlProxy( 1929): --------------------------------------------------------------------------------
05-22 14:03:00.629 V/cps-PvrControlProxy( 1929): >> [call end][25356][2ms][pid=1076][proc=insight.tr069.client]:
05-22 14:03:00.629 V/cps-PvrControlProxy( 1929): getDevicePath (
05-22 14:03:00.629 V/cps-PvrControlProxy( 1929):  
05-22 14:03:00.629 V/cps-PvrControlProxy( 1929): )
05-22 14:03:00.629 V/cps-PvrControlProxy( 1929): result=
05-22 14:03:00.629 V/cps-PvrControlProxy( 1929): --------------------------------------------------------------------------------
05-22 14:03:00.633 V/cps-MountControlProxy( 1929): --------------------------------------------------------------------------------
05-22 14:03:00.633 V/cps-MountControlProxy( 1929): <<< [call begin][25357][pid=1076][proc=insight.tr069.client]:
05-22 14:03:00.633 V/cps-MountControlProxy( 1929): getNumberOfMountedStorageDevices (
05-22 14:03:00.633 V/cps-MountControlProxy( 1929):  
05-22 14:03:00.633 V/cps-MountControlProxy( 1929): )
05-22 14:03:00.633 V/cps-MountControlProxy( 1929): --------------------------------------------------------------------------------
05-22 14:03:00.634 V/cps-MountControlProxy( 1929): --------------------------------------------------------------------------------
05-22 14:03:00.634 V/cps-MountControlProxy( 1929): >> [call end][25357][2ms][pid=1076][proc=insight.tr069.client]:
05-22 14:03:00.634 V/cps-MountControlProxy( 1929): getNumberOfMountedStorageDevices (
05-22 14:03:00.634 V/cps-MountControlProxy( 1929):  
05-22 14:03:00.634 V/cps-MountControlProxy( 1929): )
05-22 14:03:00.634 V/cps-MountControlProxy( 1929): result=0
05-22 14:03:00.634 V/cps-MountControlProxy( 1929): --------------------------------------------------------------------------------
05-22 14:03:03.560 I/cpusvc  (  460): [reduce_max_freq] max freq gonna reduce to: 1000000
05-22 14:03:03.800 W/[0;1;33m[byt]PfsProxy::StorageMgr[0m::GetTokenFromStore(  995): SSS_GetItem 'OAUTH-EXP' returns 4
05-22 14:03:03.800 I/[0;1;36m[byt]Comm::Pfs[0m::COMM_PFS_isAuthenticatedOAUTH(  995): isAuthenticated[2]: [0;1;33mNO![0m
05-22 14:03:03.803 W/[0;1;33m[byt]PfsProxy::StorageMgr[0m::GetTokenFromStore(  995): SSS_GetItem 'OAUTH-EXP' returns 4
05-22 14:03:03.803 I/[0;1;36m[byt]Comm::Pfs[0m::COMM_PFS_isAuthenticatedOAUTH(  995): isAuthenticated[2]: [0;1;33mNO![0m
05-22 14:03:03.803 W/ifs_SmartMW_Content(  995): [0;0m[0;34m[14:03:03.803 (4134:SmartMWSubscriptionUpdater)src/Content/Subscription/SmartMWSubscriptionUpdater.cpp:0485->onAuthentStateTimeout][1;33mIFS_WARNING: User is not logged, can't get available offers[0;0m
05-22 14:03:04.799 W/ifs_SmartMW(  995): [0;0m[0;34m[14:03:04.799 (1540:IFSApplicationThread)src/Content/LiveTV/SmartMWEPGContent.cpp:1670->onTimerUpdateNow][0;32m[782035][0;0m[1;33mIFS_WARNING: onTimerUpdateNow 2 programs[0;0m
05-22 14:03:04.863 W/ifs_SmartMW(  995): [0;0m[0;34m[14:03:04.863 (1540:IFSApplicationThread)src/Content/LiveTV/SmartMWEPGContent.cpp:1808->onFutureWatcherUpdateNowDone][0;32m[782037][0;0m[1;33mIFS_WARNING: onFutureWatcherUpdateNowDone: next update in 57 secs[0;0m
05-22 14:03:05.609 V/TimeManager( 1929): [thread][ANDROID_TIME]
05-22 14:03:05.610 V/ITvService(  112): [NATIVE]: getTimeDateMode
05-22 14:03:05.610 V/ITvService(  112): [NATIVE] getTimeDateMode res: 2
05-22 14:03:05.825 V/cps-ScanControlProxy( 1929): --------------------------------------------------------------------------------
05-22 14:03:05.825 V/cps-ScanControlProxy( 1929): <<< [call begin][25358][pid=1076][proc=insight.tr069.client]:
05-22 14:03:05.825 V/cps-ScanControlProxy( 1929): isAntennaConnected (
05-22 14:03:05.825 V/cps-ScanControlProxy( 1929):  
05-22 14:03:05.825 V/cps-ScanControlProxy( 1929): )
05-22 14:03:05.825 V/cps-ScanControlProxy( 1929): --------------------------------------------------------------------------------
05-22 14:03:05.828 V/cps-ScanControlProxy( 1929): --------------------------------------------------------------------------------
05-22 14:03:05.828 V/cps-ScanControlProxy( 1929): >> [call end][25358][2ms][pid=1076][proc=insight.tr069.client]:
05-22 14:03:05.828 V/cps-ScanControlProxy( 1929): isAntennaConnected (
05-22 14:03:05.828 V/cps-ScanControlProxy( 1929):  
05-22 14:03:05.828 V/cps-ScanControlProxy( 1929): )
05-22 14:03:05.828 V/cps-ScanControlProxy( 1929): result=UNKNOWN_STATE
05-22 14:03:05.828 V/cps-ScanControlProxy( 1929): --------------------------------------------------------------------------------
05-22 14:03:05.923 V/cps-PvrControlProxy( 1929): --------------------------------------------------------------------------------
05-22 14:03:05.923 V/cps-PvrControlProxy( 1929): <<< [call begin][25359][pid=1076][proc=insight.tr069.client]:
05-22 14:03:05.923 V/cps-PvrControlProxy( 1929): getDevicePath (
05-22 14:03:05.923 V/cps-PvrControlProxy( 1929):  
05-22 14:03:05.923 V/cps-PvrControlProxy( 1929): )
05-22 14:03:05.923 V/cps-PvrControlProxy( 1929): --------------------------------------------------------------------------------
05-22 14:03:05.923 V/ITvService(  112): [NATIVE] pvrGetMediaPath
05-22 14:03:05.923 E/iwedia/comedia3(  112): [1;31;48m[(_C_) pvr_plugin.c(347)]: eUT_TRC_PVR_PLU : PVR_GetVolumePath: Path not set[0;38;48m
05-22 14:03:05.923 E/iwedia/comedia3(  112): [1;31;48m[(_C_) cm_PVR_device.c(191)]:  eUT_TRC_CM_PVR : cmPVR_GetVolumePath: Error in PVR_GetVolumePath[0;38;48m
05-22 14:03:05.923 D/iwedia/mal(  112): MAL_PVR_GetDevicePath - line: 339: MAL_PVR Error in cmPVR_GetVolumePath
05-22 14:03:05.923 V/TvService-Native(  112): TvService::MAL_PVR_GetDevicePath() result = 1
05-22 14:03:05.923 V/ITvService(  112): [NATIVE] pvrGetMediaPath return!
05-22 14:03:05.926 V/cps-PvrControlProxy( 1929): --------------------------------------------------------------------------------
05-22 14:03:05.926 V/cps-PvrControlProxy( 1929): >> [call end][25359][4ms][pid=1076][proc=insight.tr069.client]:
05-22 14:03:05.926 V/cps-PvrControlProxy( 1929): getDevicePath (
05-22 14:03:05.926 V/cps-PvrControlProxy( 1929):  
05-22 14:03:05.926 V/cps-PvrControlProxy( 1929): )
05-22 14:03:05.926 V/cps-PvrControlProxy( 1929): result=
05-22 14:03:05.926 V/cps-PvrControlProxy( 1929): --------------------------------------------------------------------------------
05-22 14:03:05.931 V/cps-MountControlProxy( 1929): --------------------------------------------------------------------------------
05-22 14:03:05.931 V/cps-MountControlProxy( 1929): <<< [call begin][25360][pid=1076][proc=insight.tr069.client]:
05-22 14:03:05.931 V/cps-MountControlProxy( 1929): getNumberOfMountedStorageDevices (
05-22 14:03:05.931 V/cps-MountControlProxy( 1929):  
05-22 14:03:05.931 V/cps-MountControlProxy( 1929): )
05-22 14:03:05.931 V/cps-MountControlProxy( 1929): --------------------------------------------------------------------------------
05-22 14:03:05.933 V/cps-MountControlProxy( 1929): --------------------------------------------------------------------------------
05-22 14:03:05.933 V/cps-MountControlProxy( 1929): >> [call end][25360][2ms][pid=1076][proc=insight.tr069.client]:
05-22 14:03:05.933 V/cps-MountControlProxy( 1929): getNumberOfMountedStorageDevices (
05-22 14:03:05.933 V/cps-MountControlProxy( 1929):  
05-22 14:03:05.933 V/cps-MountControlProxy( 1929): )
05-22 14:03:05.933 V/cps-MountControlProxy( 1929): result=0
05-22 14:03:05.933 V/cps-MountControlProxy( 1929): --------------------------------------------------------------------------------
05-22 14:03:08.176 D/WifiNative-wlan0(  552): doBoolean: SCAN TYPE=ONLY
05-22 14:03:08.177 D/WifiNative-wlan0(  552): SCAN TYPE=ONLY: returned true
05-22 14:03:08.802 W/[0;1;33m[byt]PfsProxy::StorageMgr[0m::GetTokenFromStore(  995): SSS_GetItem 'OAUTH-EXP' returns 4
05-22 14:03:08.802 I/[0;1;36m[byt]Comm::Pfs[0m::COMM_PFS_isAuthenticatedOAUTH(  995): isAuthenticated[2]: [0;1;33mNO![0m
05-22 14:03:08.802 W/ifs_SmartMW_Content(  995): [0;0m[0;34m[14:03:08.802 (4134:SmartMWSubscriptionUpdater)src/Content/Subscription/SmartMWSubscriptionUpdater.cpp:0485->onAuthentStateTimeout][1;33mIFS_WARNING: User is not logged, can't get available offers[0;0m
05-22 14:03:08.803 W/[0;1;33m[byt]PfsProxy::StorageMgr[0m::GetTokenFromStore(  995): SSS_GetItem 'OAUTH-EXP' returns 4
05-22 14:03:08.803 I/[0;1;36m[byt]Comm::Pfs[0m::COMM_PFS_isAuthenticatedOAUTH(  995): isAuthenticated[2]: [0;1;33mNO![0m
05-22 14:03:09.453 V/cps-QoSControlProxy( 1929): --------------------------------------------------------------------------------
05-22 14:03:09.453 V/cps-QoSControlProxy( 1929): <<< [call begin][25361][pid=1076][proc=insight.tr069.client]:
05-22 14:03:09.453 V/cps-QoSControlProxy( 1929): setConfigurationParameter (
05-22 14:03:09.453 V/cps-QoSControlProxy( 1929): 	protocol=IPTVMULTICAST, 
05-22 14:03:09.453 V/cps-QoSControlProxy( 1929): 	parameter=GMIN, 
05-22 14:03:09.453 V/cps-QoSControlProxy( 1929): 	value=0 
05-22 14:03:09.453 V/cps-QoSControlProxy( 1929): )
05-22 14:03:09.453 V/cps-QoSControlProxy( 1929): --------------------------------------------------------------------------------
05-22 14:03:09.453 V/ITvService(  112): [NATIVE]: setRTPGmin(uint32_t gminValue)
05-22 14:03:09.454 V/ITvService(  112): [NATIVE] setRTPGmin 0 res: 0
05-22 14:03:09.455 V/cps-QoSControlProxy( 1929): --------------------------------------------------------------------------------
05-22 14:03:09.455 V/cps-QoSControlProxy( 1929): >> [call end][25361][2ms][pid=1076][proc=insight.tr069.client]:
05-22 14:03:09.455 V/cps-QoSControlProxy( 1929): setConfigurationParameter (
05-22 14:03:09.455 V/cps-QoSControlProxy( 1929): 	protocol=IPTVMULTICAST, 
05-22 14:03:09.455 V/cps-QoSControlProxy( 1929): 	parameter=GMIN, 
05-22 14:03:09.455 V/cps-QoSControlProxy( 1929): 	value=0 
05-22 14:03:09.455 V/cps-QoSControlProxy( 1929): )
05-22 14:03:09.455 V/cps-QoSControlProxy( 1929): result=0
05-22 14:03:09.455 V/cps-QoSControlProxy( 1929): --------------------------------------------------------------------------------
05-22 14:03:09.467 V/cps-QoSControlProxy( 1929): --------------------------------------------------------------------------------
05-22 14:03:09.467 V/cps-QoSControlProxy( 1929): <<< [call begin][25362][pid=1076][proc=insight.tr069.client]:
05-22 14:03:09.467 V/cps-QoSControlProxy( 1929): setConfigurationParameter (
05-22 14:03:09.467 V/cps-QoSControlProxy( 1929): 	protocol=VODRTSP, 
05-22 14:03:09.467 V/cps-QoSControlProxy( 1929): 	parameter=GMIN, 
05-22 14:03:09.467 V/cps-QoSControlProxy( 1929): 	value=0 
05-22 14:03:09.467 V/cps-QoSControlProxy( 1929): )
05-22 14:03:09.467 V/cps-QoSControlProxy( 1929): --------------------------------------------------------------------------------
05-22 14:03:09.467 V/ITvService(  112): [NATIVE]: setVoDRTPGmin(uint32_t gminValue)
05-22 14:03:09.467 V/ITvService(  112): [NATIVE] setVoDRTPGmin 0 res: 0
05-22 14:03:09.469 V/cps-QoSControlProxy( 1929): --------------------------------------------------------------------------------
05-22 14:03:09.469 V/cps-QoSControlProxy( 1929): >> [call end][25362][2ms][pid=1076][proc=insight.tr069.client]:
05-22 14:03:09.469 V/cps-QoSControlProxy( 1929): setConfigurationParameter (
05-22 14:03:09.469 V/cps-QoSControlProxy( 1929): 	protocol=VODRTSP, 
05-22 14:03:09.469 V/cps-QoSControlProxy( 1929): 	parameter=GMIN, 
05-22 14:03:09.469 V/cps-QoSControlProxy( 1929): 	value=0 
05-22 14:03:09.469 V/cps-QoSControlProxy( 1929): )
05-22 14:03:09.469 V/cps-QoSControlProxy( 1929): result=0
05-22 14:03:09.469 V/cps-QoSControlProxy( 1929): --------------------------------------------------------------------------------
05-22 14:03:09.479 D/WifiNative-wlan0(  552): doString: [BSS RANGE=0- MASK=0x21987]
05-22 14:03:09.482 V/cps-QoSControlProxy( 1929): --------------------------------------------------------------------------------
05-22 14:03:09.482 V/cps-QoSControlProxy( 1929): <<< [call begin][25363][pid=1076][proc=insight.tr069.client]:
05-22 14:03:09.482 V/cps-QoSControlProxy( 1929): setConfigurationParameter (
05-22 14:03:09.482 V/cps-QoSControlProxy( 1929): 	protocol=IPTVOTT, 
05-22 14:03:09.482 V/cps-QoSControlProxy( 1929): 	parameter=GMIN, 
05-22 14:03:09.482 V/cps-QoSControlProxy( 1929): 	value=0 
05-22 14:03:09.482 V/cps-QoSControlProxy( 1929): )
05-22 14:03:09.482 V/cps-QoSControlProxy( 1929): --------------------------------------------------------------------------------
05-22 14:03:09.483 V/ITvService(  112): [NATIVE]: setOTTGmin(uint32_t gminValue)
05-22 14:03:09.483 V/ITvService(  112): [NATIVE] setOTTGmin 0 res: 0
05-22 14:03:09.485 V/cps-QoSControlProxy( 1929): --------------------------------------------------------------------------------
05-22 14:03:09.485 V/cps-QoSControlProxy( 1929): >> [call end][25363][2ms][pid=1076][proc=insight.tr069.client]:
05-22 14:03:09.485 V/cps-QoSControlProxy( 1929): setConfigurationParameter (
05-22 14:03:09.485 V/cps-QoSControlProxy( 1929): 	protocol=IPTVOTT, 
05-22 14:03:09.485 V/cps-QoSControlProxy( 1929): 	parameter=GMIN, 
05-22 14:03:09.485 V/cps-QoSControlProxy( 1929): 	value=0 
05-22 14:03:09.485 V/cps-QoSControlProxy( 1929): )
05-22 14:03:09.485 V/cps-QoSControlProxy( 1929): result=0
05-22 14:03:09.485 V/cps-QoSControlProxy( 1929): --------------------------------------------------------------------------------
05-22 14:03:09.489 V/AutoDiag.Receiver(  681): Intent { act=android.net.wifi.SCAN_RESULTS flg=0x4000010 cmp=fr.bouyguestelecom.tv.autodiag/.receiver.AutoDiagReceiver }
05-22 14:03:09.489 W/AutoDiag.Receiver(  681): Unexpected intent action: android.net.wifi.SCAN_RESULTS
05-22 14:03:09.500 V/cps-QoSControlProxy( 1929): --------------------------------------------------------------------------------
05-22 14:03:09.500 V/cps-QoSControlProxy( 1929): <<< [call begin][25364][pid=1076][proc=insight.tr069.client]:
05-22 14:03:09.500 V/cps-QoSControlProxy( 1929): setConfigurationParameter (
05-22 14:03:09.500 V/cps-QoSControlProxy( 1929): 	protocol=VODOTT, 
05-22 14:03:09.500 V/cps-QoSControlProxy( 1929): 	parameter=GMIN, 
05-22 14:03:09.500 V/cps-QoSControlProxy( 1929): 	value=0 
05-22 14:03:09.500 V/cps-QoSControlProxy( 1929): )
05-22 14:03:09.500 V/cps-QoSControlProxy( 1929): --------------------------------------------------------------------------------
05-22 14:03:09.501 V/ITvService(  112): [NATIVE]: setOTTVoDGmin(uint32_t gminValue)
05-22 14:03:09.501 V/ITvService(  112): [NATIVE] setOTTVoDGmin 0 res: 0
05-22 14:03:09.503 V/cps-QoSControlProxy( 1929): --------------------------------------------------------------------------------
05-22 14:03:09.503 V/cps-QoSControlProxy( 1929): >> [call end][25364][2ms][pid=1076][proc=insight.tr069.client]:
05-22 14:03:09.503 V/cps-QoSControlProxy( 1929): setConfigurationParameter (
05-22 14:03:09.503 V/cps-QoSControlProxy( 1929): 	protocol=VODOTT, 
05-22 14:03:09.503 V/cps-QoSControlProxy( 1929): 	parameter=GMIN, 
05-22 14:03:09.503 V/cps-QoSControlProxy( 1929): 	value=0 
05-22 14:03:09.503 V/cps-QoSControlProxy( 1929): )
05-22 14:03:09.503 V/cps-QoSControlProxy( 1929): result=0
05-22 14:03:09.503 V/cps-QoSControlProxy( 1929): --------------------------------------------------------------------------------
05-22 14:03:09.512 V/cps-QoSControlProxy( 1929): --------------------------------------------------------------------------------
05-22 14:03:09.512 V/cps-QoSControlProxy( 1929): <<< [call begin][25365][pid=1076][proc=insight.tr069.client]:
05-22 14:03:09.512 V/cps-QoSControlProxy( 1929): setConfigurationParameter (
05-22 14:03:09.512 V/cps-QoSControlProxy( 1929): 	protocol=IPTVMULTICAST, 
05-22 14:03:09.512 V/cps-QoSControlProxy( 1929): 	parameter=SEVERELOSSMINDISTANCE, 
05-22 14:03:09.512 V/cps-QoSControlProxy( 1929): 	value=200000 
05-22 14:03:09.512 V/cps-QoSControlProxy( 1929): )
05-22 14:03:09.512 V/cps-QoSControlProxy( 1929): --------------------------------------------------------------------------------
05-22 14:03:09.513 V/ITvService(  112): [NATIVE]: setRTPSevLossMinDist(uint32_t sevLossMinDist)
05-22 14:03:09.513 V/ITvService(  112): [NATIVE] setRTPSevLossMinDist 200000 res: 0
05-22 14:03:09.514 V/cps-QoSControlProxy( 1929): --------------------------------------------------------------------------------
05-22 14:03:09.514 V/cps-QoSControlProxy( 1929): >> [call end][25365][2ms][pid=1076][proc=insight.tr069.client]:
05-22 14:03:09.514 V/cps-QoSControlProxy( 1929): setConfigurationParameter (
05-22 14:03:09.514 V/cps-QoSControlProxy( 1929): 	protocol=IPTVMULTICAST, 
05-22 14:03:09.514 V/cps-QoSControlProxy( 1929): 	parameter=SEVERELOSSMINDISTANCE, 
05-22 14:03:09.514 V/cps-QoSControlProxy( 1929): 	value=200000 
05-22 14:03:09.514 V/cps-QoSControlProxy( 1929): )
05-22 14:03:09.514 V/cps-QoSControlProxy( 1929): result=0
05-22 14:03:09.514 V/cps-QoSControlProxy( 1929): --------------------------------------------------------------------------------
05-22 14:03:09.526 V/cps-QoSControlProxy( 1929): --------------------------------------------------------------------------------
05-22 14:03:09.526 V/cps-QoSControlProxy( 1929): <<< [call begin][25366][pid=1076][proc=insight.tr069.client]:
05-22 14:03:09.526 V/cps-QoSControlProxy( 1929): setConfigurationParameter (
05-22 14:03:09.526 V/cps-QoSControlProxy( 1929): 	protocol=VODRTSP, 
05-22 14:03:09.526 V/cps-QoSControlProxy( 1929): 	parameter=SEVERELOSSMINDISTANCE, 
05-22 14:03:09.526 V/cps-QoSControlProxy( 1929): 	value=0 
05-22 14:03:09.526 V/cps-QoSControlProxy( 1929): )
05-22 14:03:09.526 V/cps-QoSControlProxy( 1929): --------------------------------------------------------------------------------
05-22 14:03:09.526 V/ITvService(  112): [NATIVE]: setVoDRTPSevLossMinDist(uint32_t sevLossMinDist)
05-22 14:03:09.526 V/ITvService(  112): [NATIVE] setVoDRTPSevLossMinDist 0 res: 0
05-22 14:03:09.528 V/cps-QoSControlProxy( 1929): --------------------------------------------------------------------------------
05-22 14:03:09.528 V/cps-QoSControlProxy( 1929): >> [call end][25366][2ms][pid=1076][proc=insight.tr069.client]:
05-22 14:03:09.528 V/cps-QoSControlProxy( 1929): setConfigurationParameter (
05-22 14:03:09.528 V/cps-QoSControlProxy( 1929): 	protocol=VODRTSP, 
05-22 14:03:09.528 V/cps-QoSControlProxy( 1929): 	parameter=SEVERELOSSMINDISTANCE, 
05-22 14:03:09.528 V/cps-QoSControlProxy( 1929): 	value=0 
05-22 14:03:09.528 V/cps-QoSControlProxy( 1929): )
05-22 14:03:09.528 V/cps-QoSControlProxy( 1929): result=0
05-22 14:03:09.528 V/cps-QoSControlProxy( 1929): --------------------------------------------------------------------------------
05-22 14:03:09.538 V/cps-QoSControlProxy( 1929): --------------------------------------------------------------------------------
05-22 14:03:09.538 V/cps-QoSControlProxy( 1929): <<< [call begin][25367][pid=1076][proc=insight.tr069.client]:
05-22 14:03:09.538 V/cps-QoSControlProxy( 1929): setConfigurationParameter (
05-22 14:03:09.538 V/cps-QoSControlProxy( 1929): 	protocol=IPTVOTT, 
05-22 14:03:09.538 V/cps-QoSControlProxy( 1929): 	parameter=SEVERELOSSMINDISTANCE, 
05-22 14:03:09.538 V/cps-QoSControlProxy( 1929): 	value=0 
05-22 14:03:09.538 V/cps-QoSControlProxy( 1929): )
05-22 14:03:09.538 V/cps-QoSControlProxy( 1929): --------------------------------------------------------------------------------
05-22 14:03:09.538 V/ITvService(  112): [NATIVE]: setOTTSevLossMinDist(uint32_t sevLossMinDist)
05-22 14:03:09.538 V/ITvService(  112): [NATIVE] setOTTSevLossMinDist 0 res: 0
05-22 14:03:09.540 V/cps-QoSControlProxy( 1929): --------------------------------------------------------------------------------
05-22 14:03:09.540 V/cps-QoSControlProxy( 1929): >> [call end][25367][2ms][pid=1076][proc=insight.tr069.client]:
05-22 14:03:09.540 V/cps-QoSControlProxy( 1929): setConfigurationParameter (
05-22 14:03:09.540 V/cps-QoSControlProxy( 1929): 	protocol=IPTVOTT, 
05-22 14:03:09.540 V/cps-QoSControlProxy( 1929): 	parameter=SEVERELOSSMINDISTANCE, 
05-22 14:03:09.540 V/cps-QoSControlProxy( 1929): 	value=0 
05-22 14:03:09.540 V/cps-QoSControlProxy( 1929): )
05-22 14:03:09.540 V/cps-QoSControlProxy( 1929): result=0
05-22 14:03:09.540 V/cps-QoSControlProxy( 1929): --------------------------------------------------------------------------------
05-22 14:03:09.551 V/cps-QoSControlProxy( 1929): --------------------------------------------------------------------------------
05-22 14:03:09.551 V/cps-QoSControlProxy( 1929): <<< [call begin][25368][pid=1076][proc=insight.tr069.client]:
05-22 14:03:09.551 V/cps-QoSControlProxy( 1929): setConfigurationParameter (
05-22 14:03:09.551 V/cps-QoSControlProxy( 1929): 	protocol=VODOTT, 
05-22 14:03:09.551 V/cps-QoSControlProxy( 1929): 	parameter=SEVERELOSSMINDISTANCE, 
05-22 14:03:09.551 V/cps-QoSControlProxy( 1929): 	value=0 
05-22 14:03:09.551 V/cps-QoSControlProxy( 1929): )
05-22 14:03:09.551 V/cps-QoSControlProxy( 1929): --------------------------------------------------------------------------------
05-22 14:03:09.552 V/ITvService(  112): [NATIVE]: setOTTVoDSevLossMinDist(uint32_t sevLossMinDist)
05-22 14:03:09.552 V/ITvService(  112): [NATIVE] setOTTVoDSevLossMinDist 0 res: 0
05-22 14:03:09.553 V/cps-QoSControlProxy( 1929): --------------------------------------------------------------------------------
05-22 14:03:09.553 V/cps-QoSControlProxy( 1929): >> [call end][25368][3ms][pid=1076][proc=insight.tr069.client]:
05-22 14:03:09.553 V/cps-QoSControlProxy( 1929): setConfigurationParameter (
05-22 14:03:09.553 V/cps-QoSControlProxy( 1929): 	protocol=VODOTT, 
05-22 14:03:09.553 V/cps-QoSControlProxy( 1929): 	parameter=SEVERELOSSMINDISTANCE, 
05-22 14:03:09.553 V/cps-QoSControlProxy( 1929): 	value=0 
05-22 14:03:09.553 V/cps-QoSControlProxy( 1929): )
05-22 14:03:09.553 V/cps-QoSControlProxy( 1929): result=0
05-22 14:03:09.553 V/cps-QoSControlProxy( 1929): --------------------------------------------------------------------------------
05-22 14:03:09.573 V/cps-QoSControlProxy( 1929): --------------------------------------------------------------------------------
05-22 14:03:09.573 V/cps-QoSControlProxy( 1929): <<< [call begin][25369][pid=1076][proc=insight.tr069.client]:
05-22 14:03:09.573 V/cps-QoSControlProxy( 1929): setConfigurationParameter (
05-22 14:03:09.573 V/cps-QoSControlProxy( 1929): 	protocol=IPTVMULTICAST, 
05-22 14:03:09.573 V/cps-QoSControlProxy( 1929): 	parameter=SEVERELOSSMINLENGTH, 
05-22 14:03:09.573 V/cps-QoSControlProxy( 1929): 	value=0 
05-22 14:03:09.573 V/cps-QoSControlProxy( 1929): )
05-22 14:03:09.573 V/cps-QoSControlProxy( 1929): --------------------------------------------------------------------------------
05-22 14:03:09.574 V/ITvService(  112): [NATIVE]: setRTPSevLossMinLength(uint32_t sevLossMinLen)
05-22 14:03:09.574 V/ITvService(  112): [NATIVE] setRTPSevLossMinLength 0 res: 0
05-22 14:03:09.576 V/cps-QoSControlProxy( 1929): --------------------------------------------------------------------------------
05-22 14:03:09.576 V/cps-QoSControlProxy( 1929): >> [call end][25369][6ms][pid=1076][proc=insight.tr069.client]:
05-22 14:03:09.576 V/cps-QoSControlProxy( 1929): setConfigurationParameter (
05-22 14:03:09.576 V/cps-QoSControlProxy( 1929): 	protocol=IPTVMULTICAST, 
05-22 14:03:09.576 V/cps-QoSControlProxy( 1929): 	parameter=SEVERELOSSMINLENGTH, 
05-22 14:03:09.576 V/cps-QoSControlProxy( 1929): 	value=0 
05-22 14:03:09.576 V/cps-QoSControlProxy( 1929): )
05-22 14:03:09.576 V/cps-QoSControlProxy( 1929): result=0
05-22 14:03:09.576 V/cps-QoSControlProxy( 1929): --------------------------------------------------------------------------------
05-22 14:03:09.589 V/cps-QoSControlProxy( 1929): --------------------------------------------------------------------------------
05-22 14:03:09.589 V/cps-QoSControlProxy( 1929): <<< [call begin][25370][pid=1076][proc=insight.tr069.client]:
05-22 14:03:09.589 V/cps-QoSControlProxy( 1929): setConfigurationParameter (
05-22 14:03:09.589 V/cps-QoSControlProxy( 1929): 	protocol=VODRTSP, 
05-22 14:03:09.589 V/cps-QoSControlProxy( 1929): 	parameter=SEVERELOSSMINLENGTH, 
05-22 14:03:09.589 V/cps-QoSControlProxy( 1929): 	value=0 
05-22 14:03:09.589 V/cps-QoSControlProxy( 1929): )
05-22 14:03:09.589 V/cps-QoSControlProxy( 1929): --------------------------------------------------------------------------------
05-22 14:03:09.590 V/ITvService(  112): [NATIVE]: setVoDRTPSevLossMinLength(uint32_t sevLossMinLen)
05-22 14:03:09.590 V/ITvService(  112): [NATIVE] setVoDRTPSevLossMinLength 0 res: 0
05-22 14:03:09.591 V/cps-QoSControlProxy( 1929): --------------------------------------------------------------------------------
05-22 14:03:09.591 V/cps-QoSControlProxy( 1929): >> [call end][25370][2ms][pid=1076][proc=insight.tr069.client]:
05-22 14:03:09.591 V/cps-QoSControlProxy( 1929): setConfigurationParameter (
05-22 14:03:09.591 V/cps-QoSControlProxy( 1929): 	protocol=VODRTSP, 
05-22 14:03:09.591 V/cps-QoSControlProxy( 1929): 	parameter=SEVERELOSSMINLENGTH, 
05-22 14:03:09.591 V/cps-QoSControlProxy( 1929): 	value=0 
05-22 14:03:09.591 V/cps-QoSControlProxy( 1929): )
05-22 14:03:09.591 V/cps-QoSControlProxy( 1929): result=0
05-22 14:03:09.591 V/cps-QoSControlProxy( 1929): --------------------------------------------------------------------------------
05-22 14:03:09.601 V/cps-QoSControlProxy( 1929): --------------------------------------------------------------------------------
05-22 14:03:09.601 V/cps-QoSControlProxy( 1929): <<< [call begin][25371][pid=1076][proc=insight.tr069.client]:
05-22 14:03:09.601 V/cps-QoSControlProxy( 1929): setConfigurationParameter (
05-22 14:03:09.601 V/cps-QoSControlProxy( 1929): 	protocol=IPTVOTT, 
05-22 14:03:09.601 V/cps-QoSControlProxy( 1929): 	parameter=SEVERELOSSMINLENGTH, 
05-22 14:03:09.601 V/cps-QoSControlProxy( 1929): 	value=0 
05-22 14:03:09.601 V/cps-QoSControlProxy( 1929): )
05-22 14:03:09.601 V/cps-QoSControlProxy( 1929): --------------------------------------------------------------------------------
05-22 14:03:09.601 V/ITvService(  112): [NATIVE]: setOTTSevLossMinLength(uint32_t sevLossMinLen)
05-22 14:03:09.601 V/ITvService(  112): [NATIVE] setOTTSevLossMinLength 0 res: 0
05-22 14:03:09.603 V/cps-QoSControlProxy( 1929): --------------------------------------------------------------------------------
05-22 14:03:09.603 V/cps-QoSControlProxy( 1929): >> [call end][25371][2ms][pid=1076][proc=insight.tr069.client]:
05-22 14:03:09.603 V/cps-QoSControlProxy( 1929): setConfigurationParameter (
05-22 14:03:09.603 V/cps-QoSControlProxy( 1929): 	protocol=IPTVOTT, 
05-22 14:03:09.603 V/cps-QoSControlProxy( 1929): 	parameter=SEVERELOSSMINLENGTH, 
05-22 14:03:09.603 V/cps-QoSControlProxy( 1929): 	value=0 
05-22 14:03:09.603 V/cps-QoSControlProxy( 1929): )
05-22 14:03:09.603 V/cps-QoSControlProxy( 1929): result=0
05-22 14:03:09.603 V/cps-QoSControlProxy( 1929): --------------------------------------------------------------------------------
05-22 14:03:09.614 V/cps-QoSControlProxy( 1929): --------------------------------------------------------------------------------
05-22 14:03:09.614 V/cps-QoSControlProxy( 1929): <<< [call begin][25372][pid=1076][proc=insight.tr069.client]:
05-22 14:03:09.614 V/cps-QoSControlProxy( 1929): setConfigurationParameter (
05-22 14:03:09.614 V/cps-QoSControlProxy( 1929): 	protocol=VODOTT, 
05-22 14:03:09.614 V/cps-QoSControlProxy( 1929): 	parameter=SEVERELOSSMINLENGTH, 
05-22 14:03:09.614 V/cps-QoSControlProxy( 1929): 	value=0 
05-22 14:03:09.614 V/cps-QoSControlProxy( 1929): )
05-22 14:03:09.614 V/cps-QoSControlProxy( 1929): --------------------------------------------------------------------------------
05-22 14:03:09.614 V/ITvService(  112): [NATIVE]: setOTTVoDSevLossMinLength(uint32_t sevLossMinLen)
05-22 14:03:09.614 V/ITvService(  112): [NATIVE] setOTTVoDSevLossMinLength 0 res: 0
05-22 14:03:09.616 V/cps-QoSControlProxy( 1929): --------------------------------------------------------------------------------
05-22 14:03:09.616 V/cps-QoSControlProxy( 1929): >> [call end][25372][3ms][pid=1076][proc=insight.tr069.client]:
05-22 14:03:09.616 V/cps-QoSControlProxy( 1929): setConfigurationParameter (
05-22 14:03:09.616 V/cps-QoSControlProxy( 1929): 	protocol=VODOTT, 
05-22 14:03:09.616 V/cps-QoSControlProxy( 1929): 	parameter=SEVERELOSSMINLENGTH, 
05-22 14:03:09.616 V/cps-QoSControlProxy( 1929): 	value=0 
05-22 14:03:09.616 V/cps-QoSControlProxy( 1929): )
05-22 14:03:09.616 V/cps-QoSControlProxy( 1929): result=0
05-22 14:03:09.616 V/cps-QoSControlProxy( 1929): --------------------------------------------------------------------------------
05-22 14:03:09.626 V/cps-ScanControlProxy( 1929): --------------------------------------------------------------------------------
05-22 14:03:09.626 V/cps-ScanControlProxy( 1929): <<< [call begin][25373][pid=1076][proc=insight.tr069.client]:
05-22 14:03:09.626 V/cps-ScanControlProxy( 1929): isScanRunning (
05-22 14:03:09.626 V/cps-ScanControlProxy( 1929):  
05-22 14:03:09.626 V/cps-ScanControlProxy( 1929): )
05-22 14:03:09.626 V/cps-ScanControlProxy( 1929): --------------------------------------------------------------------------------
05-22 14:03:09.629 V/cps-ScanControlProxy( 1929): --------------------------------------------------------------------------------
05-22 14:03:09.629 V/cps-ScanControlProxy( 1929): >> [call end][25373][2ms][pid=1076][proc=insight.tr069.client]:
05-22 14:03:09.629 V/cps-ScanControlProxy( 1929): isScanRunning (
05-22 14:03:09.629 V/cps-ScanControlProxy( 1929):  
05-22 14:03:09.629 V/cps-ScanControlProxy( 1929): )
05-22 14:03:09.629 V/cps-ScanControlProxy( 1929): result=false
05-22 14:03:09.629 V/cps-ScanControlProxy( 1929): --------------------------------------------------------------------------------
05-22 14:03:09.634 V/cps-ServiceControlProxy( 1929): --------------------------------------------------------------------------------
05-22 14:03:09.634 V/cps-ServiceControlProxy( 1929): <<< [call begin][25374][pid=1076][proc=insight.tr069.client]:
05-22 14:03:09.634 V/cps-ServiceControlProxy( 1929): getActiveService (
05-22 14:03:09.634 V/cps-ServiceControlProxy( 1929): 	routeID=-1302686208 
05-22 14:03:09.634 V/cps-ServiceControlProxy( 1929): )
05-22 14:03:09.634 V/cps-ServiceControlProxy( 1929): --------------------------------------------------------------------------------
05-22 14:03:09.634 V/ITvService(  112): [NATIVE]: serviceZapperGetActiveService
05-22 14:03:09.634 V/TvService-Native(  112): TvService::serviceZapperGetActiveService
05-22 14:03:09.636 V/TvService-Native(  112): TvService::getActiveServiceIndex: Active service list is 1, and index is 0
05-22 14:03:09.636 V/ITvService(  112): [NATIVE]: serviceZapperGetActiveService return: 0
05-22 14:03:09.638 V/cps-ServiceControlProxy( 1929): --------------------------------------------------------------------------------
05-22 14:03:09.638 V/cps-ServiceControlProxy( 1929): >> [call end][25374][4ms][pid=1076][proc=insight.tr069.client]:
05-22 14:03:09.638 V/cps-ServiceControlProxy( 1929): getActiveService (
05-22 14:03:09.638 V/cps-ServiceControlProxy( 1929): 	routeID=-1302686208 
05-22 14:03:09.638 V/cps-ServiceControlProxy( 1929): )
05-22 14:03:09.638 V/cps-ServiceControlProxy( 1929): result=Service [input=1, index=0 ]
05-22 14:03:09.638 V/cps-ServiceControlProxy( 1929): --------------------------------------------------------------------------------
05-22 14:03:09.642 V/cps-ScanControlProxy( 1929): --------------------------------------------------------------------------------
05-22 14:03:09.642 V/cps-ScanControlProxy( 1929): <<< [call begin][25375][pid=1076][proc=insight.tr069.client]:
05-22 14:03:09.642 V/cps-ScanControlProxy( 1929): getExtendedServiceInfo (
05-22 14:03:09.642 V/cps-ScanControlProxy( 1929): 	routeID=-1302686208, 
05-22 14:03:09.642 V/cps-ScanControlProxy( 1929): 	serviceIndex=0, 
05-22 14:03:09.642 V/cps-ScanControlProxy( 1929): 	serviceListIndex=1 
05-22 14:03:09.642 V/cps-ScanControlProxy( 1929): )
05-22 14:03:09.642 V/cps-ScanControlProxy( 1929): --------------------------------------------------------------------------------
05-22 14:03:09.643 V/ITvService(  112): [NATIVE]: getExtendedServiceInfo
05-22 14:03:09.643 V/TvService-Native(  112): getExtendedServiceInfo
05-22 14:03:09.643 V/TvService-Native(  112): getExtendedServiceInfo: route=2992281088, service=0, list=1
05-22 14:03:09.644 V/TvService-Native(  112): getExtendedServiceInfo
05-22 14:03:09.644 V/ITvService(  112): [NATIVE]: getExtendedServiceInfo return: 0
05-22 14:03:09.646 V/cps-ScanControlProxy( 1929): --------------------------------------------------------------------------------
05-22 14:03:09.646 V/cps-ScanControlProxy( 1929): >> [call end][25375][4ms][pid=1076][proc=insight.tr069.client]:
05-22 14:03:09.646 V/cps-ScanControlProxy( 1929): getExtendedServiceInfo (
05-22 14:03:09.646 V/cps-ScanControlProxy( 1929): 	routeID=-1302686208, 
05-22 14:03:09.646 V/cps-ScanControlProxy( 1929): 	serviceIndex=0, 
05-22 14:03:09.646 V/cps-ScanControlProxy( 1929): 	serviceListIndex=1 
05-22 14:03:09.646 V/cps-ScanControlProxy( 1929): )
05-22 14:03:09.646 V/cps-ScanControlProxy( 1929): result=ExtendedServiceInfo [ONID=8442, TSID=828, serviceIdentifier=824, LCN=1, frequency=0, hidden=false, selectable=false, signalStrength=0, signalQuality=0, bitErrorRate=0, longName=TF1_HLS_AES, url=https://hls.bouygtel.fr:15443/hls/tf1aes/index.m3u8, maxBitrate=0, logoUrl=http://img.bouygtel.fr/mflex/logos/pds/1.png, dttLcn=1, dttLcn=1, dttRegion=-1, epg=0, epgIdPlu=192, themeId=Nationale, broadcastRights=1, timeShift=0, protectionLevel=1, privateData=0, rpvr=0, shareable=-1, pvr=0, ltimeShift=-1, format=1, type=DIG_IP_OTT_SD_TV]
05-22 14:03:09.646 V/cps-ScanControlProxy( 1929): --------------------------------------------------------------------------------
05-22 14:03:09.651 V/cps-ScanControlProxy( 1929): --------------------------------------------------------------------------------
05-22 14:03:09.651 V/cps-ScanControlProxy( 1929): <<< [call begin][25376][pid=1076][proc=insight.tr069.client]:
05-22 14:03:09.651 V/cps-ScanControlProxy( 1929): isScanRunning (
05-22 14:03:09.651 V/cps-ScanControlProxy( 1929):  
05-22 14:03:09.651 V/cps-ScanControlProxy( 1929): )
05-22 14:03:09.651 V/cps-ScanControlProxy( 1929): --------------------------------------------------------------------------------
05-22 14:03:09.653 V/cps-ScanControlProxy( 1929): --------------------------------------------------------------------------------
05-22 14:03:09.653 V/cps-ScanControlProxy( 1929): >> [call end][25376][2ms][pid=1076][proc=insight.tr069.client]:
05-22 14:03:09.653 V/cps-ScanControlProxy( 1929): isScanRunning (
05-22 14:03:09.653 V/cps-ScanControlProxy( 1929):  
05-22 14:03:09.653 V/cps-ScanControlProxy( 1929): )
05-22 14:03:09.653 V/cps-ScanControlProxy( 1929): result=false
05-22 14:03:09.653 V/cps-ScanControlProxy( 1929): --------------------------------------------------------------------------------
05-22 14:03:09.658 V/cps-PvrControlProxy( 1929): --------------------------------------------------------------------------------
05-22 14:03:09.658 V/cps-PvrControlProxy( 1929): <<< [call begin][25377][pid=1076][proc=insight.tr069.client]:
05-22 14:03:09.658 V/cps-PvrControlProxy( 1929): getDevicePath (
05-22 14:03:09.658 V/cps-PvrControlProxy( 1929):  
05-22 14:03:09.658 V/cps-PvrControlProxy( 1929): )
05-22 14:03:09.658 V/cps-PvrControlProxy( 1929): --------------------------------------------------------------------------------
05-22 14:03:09.658 V/ITvService(  112): [NATIVE] pvrGetMediaPath
05-22 14:03:09.658 E/iwedia/comedia3(  112): [1;31;48m[(_C_) pvr_plugin.c(347)]: eUT_TRC_PVR_PLU : PVR_GetVolumePath: Path not set[0;38;48m
05-22 14:03:09.658 E/iwedia/comedia3(  112): [1;31;48m[(_C_) cm_PVR_device.c(191)]:  eUT_TRC_CM_PVR : cmPVR_GetVolumePath: Error in PVR_GetVolumePath[0;38;48m
05-22 14:03:09.658 D/iwedia/mal(  112): MAL_PVR_GetDevicePath - line: 339: MAL_PVR Error in cmPVR_GetVolumePath
05-22 14:03:09.658 V/TvService-Native(  112): TvService::MAL_PVR_GetDevicePath() result = 1
05-22 14:03:09.658 V/ITvService(  112): [NATIVE] pvrGetMediaPath return!
05-22 14:03:09.661 V/cps-PvrControlProxy( 1929): --------------------------------------------------------------------------------
05-22 14:03:09.661 V/cps-PvrControlProxy( 1929): >> [call end][25377][2ms][pid=1076][proc=insight.tr069.client]:
05-22 14:03:09.661 V/cps-PvrControlProxy( 1929): getDevicePath (
05-22 14:03:09.661 V/cps-PvrControlProxy( 1929):  
05-22 14:03:09.661 V/cps-PvrControlProxy( 1929): )
05-22 14:03