05-22 13:17:02.525 I/cpusvc  (  460): [restore_max_freq] max freq gonna restore to: 1200000
05-22 13:17:05.575 I/cpusvc  (  460): [reduce_max_freq] max freq gonna reduce to: 1000000
05-22 13:17:11.677 I/cpusvc  (  460): [restore_max_freq] max freq gonna restore to: 1200000
05-22 13:17:14.728 I/cpusvc  (  460): [reduce_max_freq] max freq gonna reduce to: 1000000
05-22 13:17:20.830 I/cpusvc  (  460): [restore_max_freq] max freq gonna restore to: 1200000
05-22 13:17:23.880 I/cpusvc  (  460): [reduce_max_freq] max freq gonna reduce to: 1000000
05-22 13:17:29.982 I/cpusvc  (  460): [restore_max_freq] max freq gonna restore to: 1200000
05-22 13:17:33.033 I/cpusvc  (  460): [reduce_max_freq] max freq gonna reduce to: 1000000
05-22 13:17:39.135 I/cpusvc  (  460): [restore_max_freq] max freq gonna restore to: 1200000
05-22 13:17:42.185 I/cpusvc  (  460): [reduce_max_freq] max freq gonna reduce to: 1000000
05-22 13:17:51.338 I/cpusvc  (  460): [restore_max_freq] max freq gonna restore to: 1200000
05-22 13:17:54.388 I/cpusvc  (  460): [reduce_max_freq] max freq gonna reduce to: 1000000
05-22 13:18:00.490 I/cpusvc  (  460): [restore_max_freq] max freq gonna restore to: 1200000
05-22 13:18:03.541 I/cpusvc  (  460): [reduce_max_freq] max freq gonna reduce to: 1000000
05-22 13:18:09.643 I/cpusvc  (  460): [restore_max_freq] max freq gonna restore to: 1200000
05-22 13:18:12.693 I/cpusvc  (  460): [reduce_max_freq] max freq gonna reduce to: 1000000
05-22 13:18:18.795 I/cpusvc  (  460): [restore_max_freq] max freq gonna restore to: 1200000
05-22 13:18:21.846 I/cpusvc  (  460): [reduce_max_freq] max freq gonna reduce to: 1000000
05-22 13:18:27.947 I/cpusvc  (  460): [restore_max_freq] max freq gonna restore to: 1200000
05-22 13:18:30.998 I/cpusvc  (  460): [reduce_max_freq] max freq gonna reduce to: 1000000
05-22 13:18:40.150 I/cpusvc  (  460): [restore_max_freq] max freq gonna restore to: 1200000
05-22 13:18:43.201 I/cpusvc  (  460): [reduce_max_freq] max freq gonna reduce to: 1000000
05-22 13:18:49.303 I/cpusvc  (  460): [restore_max_freq] max freq gonna restore to: 1200000
05-22 13:18:52.354 I/cpusvc  (  460): [reduce_max_freq] max freq gonna reduce to: 1000000
05-22 13:18:58.456 I/cpusvc  (  460): [restore_max_freq] max freq gonna restore to: 1200000
05-22 13:19:01.506 I/cpusvc  (  460): [reduce_max_freq] max freq gonna reduce to: 1000000
05-22 13:19:07.608 I/cpusvc  (  460): [restore_max_freq] max freq gonna restore to: 1200000
05-22 13:19:10.659 I/cpusvc  (  460): [reduce_max_freq] max freq gonna reduce to: 1000000
05-22 13:19:16.761 I/cpusvc  (  460): [restore_max_freq] max freq gonna restore to: 1200000
05-22 13:19:19.812 I/cpusvc  (  460): [reduce_max_freq] max freq gonna reduce to: 1000000
05-22 13:19:28.964 I/cpusvc  (  460): [restore_max_freq] max freq gonna restore to: 1200000
05-22 13:19:32.015 I/cpusvc  (  460): [reduce_max_freq] max freq gonna reduce to: 1000000
05-22 13:19:38.117 I/cpusvc  (  460): [restore_max_freq] max freq gonna restore to: 1200000
05-22 13:19:41.167 I/cpusvc  (  460): [reduce_max_freq] max freq gonna reduce to: 1000000
05-22 13:19:47.270 I/cpusvc  (  460): [restore_max_freq] max freq gonna restore to: 1200000
05-22 13:19:50.320 I/cpusvc  (  460): [reduce_max_freq] max freq gonna reduce to: 1000000
05-22 13:19:56.422 I/cpusvc  (  460): [restore_max_freq] max freq gonna restore to: 1200000
05-22 13:19:59.473 I/cpusvc  (  460): [reduce_max_freq] max freq gonna reduce to: 1000000
05-22 13:20:05.574 I/cpusvc  (  460): [restore_max_freq] max freq gonna restore to: 1200000
05-22 13:20:08.625 I/cpusvc  (  460): [reduce_max_freq] max freq gonna reduce to: 1000000
05-22 13:20:14.727 I/cpusvc  (  460): [restore_max_freq] max freq gonna restore to: 1200000
05-22 13:20:17.778 I/cpusvc  (  460): [reduce_max_freq] max freq gonna reduce to: 1000000
05-22 13:20:26.930 I/cpusvc  (  460): [restore_max_freq] max freq gonna restore to: 1200000
05-22 13:20:29.981 I/cpusvc  (  460): [reduce_max_freq] max freq gonna reduce to: 1000000
05-22 13:20:36.083 I/cpusvc  (  460): [restore_max_freq] max freq gonna restore to: 1200000
05-22 13:20:38.330 I/ProcessStatsService(  552): Prepared write state in 2ms
05-22 13:20:39.133 I/cpusvc  (  460): [reduce_max_freq] max freq gonna reduce to: 1000000
05-22 13:20:45.235 I/cpusvc  (  460): [restore_max_freq] max freq gonna restore to: 1200000
05-22 13:20:48.286 I/cpusvc  (  460): [reduce_max_freq] max freq gonna reduce to: 1000000
05-22 13:20:54.388 I/cpusvc  (  460): [restore_max_freq] max freq gonna restore to: 1200000
05-22 13:20:57.439 I/cpusvc  (  460): [reduce_max_freq] max freq gonna reduce to: 1000000
05-22 13:21:03.541 I/cpusvc  (  460): [restore_max_freq] max freq gonna restore to: 1200000
05-22 13:21:06.591 I/cpusvc  (  460): [reduce_max_freq] max freq gonna reduce to: 1000000
05-22 13:21:15.744 I/cpusvc  (  460): [restore_max_freq] max freq gonna restore to: 1200000
05-22 13:21:18.794 I/cpusvc  (  460): [reduce_max_freq] max freq gonna reduce to: 1000000
05-22 13:21:24.896 I/cpusvc  (  460): [restore_max_freq] max freq gonna restore to: 1200000
05-22 13:21:27.947 I/cpusvc  (  460): [reduce_max_freq] max freq gonna reduce to: 1000000
05-22 13:21:34.049 I/cpusvc  (  460): [restore_max_freq] max freq gonna restore to: 1200000
05-22 13:21:37.100 I/cpusvc  (  460): [reduce_max_freq] max freq gonna reduce to: 1000000
05-22 13:21:43.202 I/cpusvc  (  460): [restore_max_freq] max freq gonna restore to: 1200000
05-22 13:21:46.253 I/cpusvc  (  460): [reduce_max_freq] max freq gonna reduce to: 1000000
05-22 13:21:52.355 I/cpusvc  (  460): [restore_max_freq] max freq gonna restore to: 1200000
05-22 13:21:55.406 I/cpusvc  (  460): [reduce_max_freq] max freq gonna reduce to: 1000000
05-22 13:22:04.558 I/cpusvc  (  460): [restore_max_freq] max freq gonna restore to: 1200000
05-22 13:22:07.609 I/cpusvc  (  460): [reduce_max_freq] max freq gonna reduce to: 1000000
05-22 13:22:13.710 I/cpusvc  (  460): [restore_max_freq] max freq gonna restore to: 1200000
05-22 13:22:16.761 I/cpusvc  (  460): [reduce_max_freq] max freq gonna reduce to: 1000000
05-22 13:22:22.863 I/cpusvc  (  460): [restore_max_freq] max freq gonna restore to: 1200000
05-22 13:22:25.914 I/cpusvc  (  460): [reduce_max_freq] max freq gonna reduce to: 1000000
05-22 13:22:32.015 I/cpusvc  (  460): [restore_max_freq] max freq gonna restore to: 1200000
05-22 13:22:35.066 I/cpusvc  (  460): [reduce_max_freq] max freq gonna reduce to: 1000000
05-22 13:22:41.168 I/cpusvc  (  460): [restore_max_freq] max freq gonna restore to: 1200000
05-22 13:22:44.219 I/cpusvc  (  460): [reduce_max_freq] max freq gonna reduce to: 1000000
05-22 13:22:53.371 I/cpusvc  (  460): [restore_max_freq] max freq gonna restore to: 1200000
05-22 13:22:56.422 I/cpusvc  (  460): [reduce_max_freq] max freq gonna reduce to: 1000000
05-22 13:23:02.524 I/cpusvc  (  460): [restore_max_freq] max freq gonna restore to: 1200000
05-22 13:23:05.575 I/cpusvc  (  460): [reduce_max_freq] max freq gonna reduce to: 1000000
05-22 13:23:11.677 I/cpusvc  (  460): [restore_max_freq] max freq gonna restore to: 1200000
05-22 13:23:14.727 I/cpusvc  (  460): [reduce_max_freq] max freq gonna reduce to: 1000000
05-22 13:23:20.829 I/cpusvc  (  460): [restore_max_freq] max freq gonna restore to: 1200000
05-22 13:23:23.880 I/cpusvc  (  460): [reduce_max_freq] max freq gonna reduce to: 1000000
05-22 13:23:29.981 I/cpusvc  (  460): [restore_max_freq] max freq gonna restore to: 1200000
05-22 13:23:33.032 I/cpusvc  (  460): [reduce_max_freq] max freq gonna reduce to: 1000000
05-22 13:23:42.184 I/cpusvc  (  460): [restore_max_freq] max freq gonna restore to: 1200000
05-22 13:23:45.235 I/cpusvc  (  460): [reduce_max_freq] max freq gonna reduce to: 1000000
05-22 13:23:51.337 I/cpusvc  (  460): [restore_max_freq] max freq gonna restore to: 1200000
05-22 13:23:54.387 I/cpusvc  (  460): [reduce_max_freq] max freq gonna reduce to: 1000000
05-22 13:24:00.489 I/cpusvc  (  460): [restore_max_freq] max freq gonna restore to: 1200000
05-22 13:24:03.540 I/cpusvc  (  460): [reduce_max_freq] max freq gonna reduce to: 1000000
05-22 13:24:09.642 I/cpusvc  (  460): [restore_max_freq] max freq gonna restore to: 1200000
05-22 13:24:12.692 I/cpusvc  (  460): [reduce_max_freq] max freq gonna reduce to: 1000000
05-22 13:24:18.795 I/cpusvc  (  460): [restore_max_freq] max freq gonna restore to: 1200000
05-22 13:24:21.845 I/cpusvc  (  460): [reduce_max_freq] max freq gonna reduce to: 1000000
05-22 13:24:27.947 I/cpusvc  (  460): [restore_max_freq] max freq gonna restore to: 1200000
05-22 13:24:30.998 I/cpusvc  (  460): [reduce_max_freq] max freq gonna reduce to: 1000000
05-22 13:24:40.150 I/cpusvc  (  460): [restore_max_freq] max freq gonna restore to: 1200000
05-22 13:24:43.201 I/cpusvc  (  460): [reduce_max_freq] max freq gonna reduce to: 1000000
05-22 13:24:49.303 I/cpusvc  (  460): [restore_max_freq] max freq gonna restore to: 1200000
05-22 13:24:52.353 I/cpusvc  (  460): [reduce_max_freq] max freq gonna reduce to: 1000000
05-22 13:24:58.455 I/cpusvc  (  460): [restore_max_freq] max freq gonna restore to: 1200000
05-22 13:25:01.506 I/cpusvc  (  460): [reduce_max_freq] max freq gonna reduce to: 1000000
05-22 13:25:07.608 I/cpusvc  (  460): [restore_max_freq] max freq gonna restore to: 1200000
05-22 13:25:08.500 I/ValidateNoPeople(  552): skipping global notification
05-22 13:25:08.503 D/ZenLog  (  552): disable_effects: -1|android|17303120|null|1000,listenerHints
05-22 13:25:10.658 I/cpusvc  (  460): [reduce_max_freq] max freq gonna reduce to: 1000000
05-22 13:25:16.760 I/cpusvc  (  460): [restore_max_freq] max freq gonna restore to: 1200000
05-22 13:25:19.811 I/cpusvc  (  460): [reduce_max_freq] max freq gonna reduce to: 1000000
05-22 13:25:28.963 I/cpusvc  (  460): [restore_max_freq] max freq gonna restore to: 1200000
05-22 13:25:32.015 I/cpusvc  (  460): [reduce_max_freq] max freq gonna reduce to: 1000000
05-22 13:25:38.116 I/cpusvc  (  460): [restore_max_freq] max freq gonna restore to: 1200000
05-22 13:25:41.167 I/cpusvc  (  460): [reduce_max_freq] max freq gonna reduce to: 1000000
05-22 13:25:47.269 I/cpusvc  (  460): [restore_max_freq] max freq gonna restore to: 1200000
05-22 13:25:50.320 I/cpusvc  (  460): [reduce_max_freq] max freq gonna reduce to: 1000000
05-22 13:25:56.422 I/cpusvc  (  460): [restore_max_freq] max freq gonna restore to: 1200000
05-22 13:25:59.472 I/cpusvc  (  460): [reduce_max_freq] max freq gonna reduce to: 1000000
05-22 13:26:05.574 I/cpusvc  (  460): [restore_max_freq] max freq gonna restore to: 1200000
05-22 13:26:08.625 I/cpusvc  (  460): [reduce_max_freq] max freq gonna reduce to: 1000000
05-22 13:26:17.778 I/cpusvc  (  460): [restore_max_freq] max freq gonna restore to: 1200000
05-22 13:26:20.829 I/cpusvc  (  460): [reduce_max_freq] max freq gonna reduce to: 1000000
05-22 13:26:26.931 I/cpusvc  (  460): [restore_max_freq] max freq gonna restore to: 1200000
05-22 13:26:29.981 I/cpusvc  (  460): [reduce_max_freq] max freq gonna reduce to: 1000000
05-22 13:26:36.083 I/cpusvc  (  460): [restore_max_freq] max freq gonna restore to: 1200000
05-22 13:26:39.134 I/cpusvc  (  460): [reduce_max_freq] max freq gonna reduce to: 1000000
05-22 13:26:45.236 I/cpusvc  (  460): [restore_max_freq] max freq gonna restore to: 1200000
05-22 13:26:48.286 I/cpusvc  (  460): [reduce_max_freq] max freq gonna reduce to: 1000000
05-22 13:26:54.388 I/cpusvc  (  460): [restore_max_freq] max freq gonna restore to: 1200000
05-22 13:26:57.439 I/cpusvc  (  460): [reduce_max_freq] max freq gonna reduce to: 1000000
05-22 13:27:06.591 I/cpusvc  (  460): [restore_max_freq] max freq gonna restore to: 1200000
05-22 13:27:09.642 I/cpusvc  (  460): [reduce_max_freq] max freq gonna reduce to: 1000000
05-22 13:27:15.744 I/cpusvc  (  460): [restore_max_freq] max freq gonna restore to: 1200000
05-22 13:27:18.795 I/cpusvc  (  460): [reduce_max_freq] max freq gonna reduce to: 1000000
05-22 13:27:24.896 I/cpusvc  (  460): [restore_max_freq] max freq gonna restore to: 1200000
05-22 13:27:27.947 I/cpusvc  (  460): [reduce_max_freq] max freq gonna reduce to: 1000000
05-22 13:27:34.049 I/cpusvc  (  460): [restore_max_freq] max freq gonna restore to: 1200000
05-22 13:27:37.100 I/cpusvc  (  460): [reduce_max_freq] max freq gonna reduce to: 1000000
05-22 13:27:43.202 I/cpusvc  (  460): [restore_max_freq] max freq gonna restore to: 1200000
05-22 13:27:46.252 I/cpusvc  (  460): [reduce_max_freq] max freq gonna reduce to: 1000000
05-22 13:27:55.405 I/cpusvc  (  460): [restore_max_freq] max freq gonna restore to: 1200000
05-22 13:27:58.455 I/cpusvc  (  460): [reduce_max_freq] max freq gonna reduce to: 1000000
05-22 13:28:04.557 I/cpusvc  (  460): [restore_max_freq] max freq gonna restore to: 1200000
05-22 13:28:07.608 I/cpusvc  (  460): [reduce_max_freq] max freq gonna reduce to: 1000000
05-22 13:28:13.710 I/cpusvc  (  460): [restore_max_freq] max freq gonna restore to: 1200000
05-22 13:28:16.760 I/cpusvc  (  460): [reduce_max_freq] max freq gonna reduce to: 1000000
05-22 13:28:22.862 I/cpusvc  (  460): [restore_max_freq] max freq gonna restore to: 1200000
05-22 13:28:25.913 I/cpusvc  (  460): [reduce_max_freq] max freq gonna reduce to: 1000000
05-22 13:28:32.015 I/cpusvc  (  460): [restore_max_freq] max freq gonna restore to: 1200000
05-22 13:28:35.066 I/cpusvc  (  460): [reduce_max_freq] max freq gonna reduce to: 1000000
05-22 13:28:44.218 I/cpusvc  (  460): [restore_max_freq] max freq gonna restore to: 1200000
05-22 13:28:47.269 I/cpusvc  (  460): [reduce_max_freq] max freq gonna reduce to: 1000000
05-22 13:28:53.371 I/cpusvc  (  460): [restore_max_freq] max freq gonna restore to: 1200000
05-22 13:28:56.422 I/cpusvc  (  460): [reduce_max_freq] max freq gonna reduce to: 1000000
05-22 13:29:02.523 I/cpusvc  (  460): [restore_max_freq] max freq gonna restore to: 1200000
05-22 13:29:05.574 I/cpusvc  (  460): [reduce_max_freq] max freq gonna reduce to: 1000000
05-22 13:29:11.676 I/cpusvc  (  460): [restore_max_freq] max freq gonna restore to: 1200000
05-22 13:29:14.727 I/cpusvc  (  460): [reduce_max_freq] max freq gonna reduce to: 1000000
05-22 13:29:20.829 I/cpusvc  (  460): [restore_max_freq] max freq gonna restore to: 1200000
05-22 13:29:23.880 I/cpusvc  (  460): [reduce_max_freq] max freq gonna reduce to: 1000000
05-22 13:29:33.032 I/cpusvc  (  460): [restore_max_freq] max freq gonna restore to: 1200000
05-22 13:29:36.083 I/cpusvc  (  460): [reduce_max_freq] max freq gonna reduce to: 1000000
05-22 13:29:42.185 I/cpusvc  (  460): [restore_max_freq] max freq gonna restore to: 1200000
05-22 13:29:45.236 I/cpusvc  (  460): [reduce_max_freq] max freq gonna reduce to: 1000000
05-22 13:29:51.338 I/cpusvc  (  460): [restore_max_freq] max freq gonna restore to: 1200000
05-22 13:29:54.389 I/cpusvc  (  460): [reduce_max_freq] max freq gonna reduce to: 1000000
05-22 13:30:00.491 I/cpusvc  (  460): [restore_max_freq] max freq gonna restore to: 1200000
05-22 13:30:03.542 I/cpusvc  (  460): [reduce_max_freq] max freq gonna reduce to: 1000000
05-22 13:30:09.643 I/cpusvc  (  460): [restore_max_freq] max freq gonna restore to: 1200000
05-22 13:30:12.694 I/cpusvc  (  460): [reduce_max_freq] max freq gonna reduce to: 1000000
05-22 13:30:18.796 I/cpusvc  (  460): [restore_max_freq] max freq gonna restore to: 1200000
05-22 13:30:21.009 D/ZenLog  (  552): disable_effects: 0|fr.filmotv.android.tv.bytel|1|null|10043,listenerHints
05-22 13:30:21.114 D/ZenLog  (  552): disable_effects: 0|fr.filmotv.android.tv.bytel|2|null|10043,listenerHints
05-22 13:30:21.238 D/ZenLog  (  552): disable_effects: 0|fr.filmotv.android.tv.bytel|3|null|10043,listenerHints
05-22 13:30:21.386 D/ZenLog  (  552): disable_effects: 0|tv.arte.plus7|1|null|10025,listenerHints
05-22 13:30:21.846 I/cpusvc  (  460): [reduce_max_freq] max freq gonna reduce to: 1000000
05-22 13:30:22.180 D/ZenLog  (  552): disable_effects: 0|tv.arte.plus7|2|null|10025,listenerHints
05-22 13:30:22.416 D/ZenLog  (  552): disable_effects: 0|tv.arte.plus7|3|null|10025,listenerHints
05-22 13:30:25.549 W/ActivityManager(  552): getRunningAppProcesses: caller 10071 does not hold REAL_GET_TASKS; limiting output
05-22 13:30:27.634 D/ZenLog  (  552): disable_effects: 0|com.google.android.youtube.tv|1607834678|null|10071,listenerHints
05-22 13:30:27.650 D/ZenLog  (  552): disable_effects: 0|com.google.android.youtube.tv|324667451|null|10071,listenerHints
05-22 13:30:27.715 D/ZenLog  (  552): disable_effects: 0|com.google.android.youtube.tv|650700975|null|10071,listenerHints
05-22 13:30:27.789 D/ZenLog  (  552): disable_effects: 0|com.google.android.youtube.tv|2080446229|null|10071,listenerHints
05-22 13:30:30.999 I/cpusvc  (  460): [restore_max_freq] max freq gonna restore to: 1200000
05-22 13:30:34.050 I/cpusvc  (  460): [reduce_max_freq] max freq gonna reduce to: 1000000
05-22 13:30:40.151 I/cpusvc  (  460): [restore_max_freq] max freq gonna restore to: 1200000
05-22 13:30:43.202 I/cpusvc  (  460): [reduce_max_freq] max freq gonna reduce to: 1000000
05-22 13:30:49.304 I/cpusvc  (  460): [restore_max_freq] max freq gonna restore to: 1200000
05-22 13:30:51.818 D/ZenLog  (  552): disable_effects: 0|com.neosesame.comfm.tv|1|null|10039,listenerHints
05-22 13:30:52.355 I/cpusvc  (  460): [reduce_max_freq] max freq gonna reduce to: 1000000
05-22 13:30:58.457 I/cpusvc  (  460): [restore_max_freq] max freq gonna restore to: 1200000
05-22 13:31:01.508 I/cpusvc  (  460): [reduce_max_freq] max freq gonna reduce to: 1000000
05-22 13:31:10.660 I/cpusvc  (  460): [restore_max_freq] max freq gonna restore to: 1200000
05-22 13:31:13.711 I/cpusvc  (  460): [reduce_max_freq] max freq gonna reduce to: 1000000
05-22 13:31:19.812 I/cpusvc  (  460): [restore_max_freq] max freq gonna restore to: 1200000
05-22 13:31:22.863 I/cpusvc  (  460): [reduce_max_freq] max freq gonna reduce to: 1000000
05-22 13:31:28.965 I/cpusvc  (  460): [restore_max_freq] max freq gonna restore to: 1200000
05-22 13:31:32.016 I/cpusvc  (  460): [reduce_max_freq] max freq gonna reduce to: 1000000
05-22 13:31:38.118 I/cpusvc  (  460): [restore_max_freq] max freq gonna restore to: 1200000
05-22 13:31:41.169 I/cpusvc  (  460): [reduce_max_freq] max freq gonna reduce to: 1000000
05-22 13:31:47.270 I/cpusvc  (  460): [restore_max_freq] max freq gonna restore to: 1200000
05-22 13:31:50.321 I/cpusvc  (  460): [reduce_max_freq] max freq gonna reduce to: 1000000
05-22 13:31:59.473 I/cpusvc  (  460): [restore_max_freq] max freq gonna restore to: 1200000
05-22 13:32:02.524 I/cpusvc  (  460): [reduce_max_freq] max freq gonna reduce to: 1000000
05-22 13:32:08.626 I/cpusvc  (  460): [restore_max_freq] max freq gonna restore to: 1200000
05-22 13:32:11.677 I/cpusvc  (  460): [reduce_max_freq] max freq gonna reduce to: 1000000
05-22 13:32:17.778 I/cpusvc  (  460): [restore_max_freq] max freq gonna restore to: 1200000
05-22 13:32:20.829 I/cpusvc  (  460): [reduce_max_freq] max freq gonna reduce to: 1000000
05-22 13:32:26.931 I/cpusvc  (  460): [restore_max_freq] max freq gonna restore to: 1200000
05-22 13:32:29.982 I/cpusvc  (  460): [reduce_max_freq] max freq gonna reduce to: 1000000
05-22 13:32:36.083 I/cpusvc  (  460): [restore_max_freq] max freq gonna restore to: 1200000
05-22 13:32:39.134 I/cpusvc  (  460): [reduce_max_freq] max freq gonna reduce to: 1000000
05-22 13:32:48.287 I/cpusvc  (  460): [restore_max_freq] max freq gonna restore to: 1200000
05-22 13:32:51.338 I/cpusvc  (  460): [reduce_max_freq] max freq gonna reduce to: 1000000
05-22 13:32:57.440 I/cpusvc  (  460): [restore_max_freq] max freq gonna restore to: 1200000
05-22 13:33:00.491 I/cpusvc  (  460): [reduce_max_freq] max freq gonna reduce to: 1000000
05-22 13:33:06.593 I/cpusvc  (  460): [restore_max_freq] max freq gonna restore to: 1200000
05-22 13:33:09.643 I/cpusvc  (  460): [reduce_max_freq] max freq gonna reduce to: 1000000
05-22 13:33:15.745 I/cpusvc  (  460): [restore_max_freq] max freq gonna restore to: 1200000
05-22 13:33:18.795 I/cpusvc  (  460): [reduce_max_freq] max freq gonna reduce to: 1000000
05-22 13:33:24.897 I/cpusvc  (  460): [restore_max_freq] max freq gonna restore to: 1200000
05-22 13:33:27.948 I/cpusvc  (  460): [reduce_max_freq] max freq gonna reduce to: 1000000
05-22 13:33:34.050 I/cpusvc  (  460): [restore_max_freq] max freq gonna restore to: 1200000
05-22 13:33:37.101 I/cpusvc  (  460): [reduce_max_freq] max freq gonna reduce to: 1000000
05-22 13:33:46.253 I/cpusvc  (  460): [restore_max_freq] max freq gonna restore to: 1200000
05-22 13:33:49.303 I/cpusvc  (  460): [reduce_max_freq] max freq gonna reduce to: 1000000
05-22 13:33:55.405 I/cpusvc  (  460): [restore_max_freq] max freq gonna restore to: 1200000
05-22 13:33:58.456 I/cpusvc  (  460): [reduce_max_freq] max freq gonna reduce to: 1000000
05-22 13:34:04.558 I/cpusvc  (  460): [restore_max_freq] max freq gonna restore to: 1200000
05-22 13:34:07.609 I/cpusvc  (  460): [reduce_max_freq] max freq gonna reduce to: 1000000
05-22 13:34:13.711 I/cpusvc  (  460): [restore_max_freq] max freq gonna restore to: 1200000
05-22 13:34:16.762 I/cpusvc  (  460): [reduce_max_freq] max freq gonna reduce to: 1000000
05-22 13:34:22.864 I/cpusvc  (  460): [restore_max_freq] max freq gonna restore to: 1200000
05-22 13:34:25.914 I/cpusvc  (  460): [reduce_max_freq] max freq gonna reduce to: 1000000
05-22 13:34:35.067 I/cpusvc  (  460): [restore_max_freq] max freq gonna restore to: 1200000
05-22 13:34:38.117 I/cpusvc  (  460): [reduce_max_freq] max freq gonna reduce to: 1000000
05-22 13:34:44.219 I/cpusvc  (  460): [restore_max_freq] max freq gonna restore to: 1200000
05-22 13:34:47.270 I/cpusvc  (  460): [reduce_max_freq] max freq gonna reduce to: 1000000
05-22 13:34:53.372 I/cpusvc  (  460): [restore_max_freq] max freq gonna restore to: 1200000
05-22 13:34:56.422 I/cpusvc  (  460): [reduce_max_freq] max freq gonna reduce to: 1000000
05-22 13:35:02.524 I/cpusvc  (  460): [restore_max_freq] max freq gonna restore to: 1200000
05-22 13:35:05.575 I/cpusvc  (  460): [reduce_max_freq] max freq gonna reduce to: 1000000
05-22 13:35:11.677 I/cpusvc  (  460): [restore_max_freq] max freq gonna restore to: 1200000
05-22 13:35:14.728 I/cpusvc  (  460): [reduce_max_freq] max freq gonna reduce to: 1000000
05-22 13:35:23.881 I/cpusvc  (  460): [restore_max_freq] max freq gonna restore to: 1200000
05-22 13:35:26.932 I/cpusvc  (  460): [reduce_max_freq] max freq gonna reduce to: 1000000
05-22 13:35:33.034 I/cpusvc  (  460): [restore_max_freq] max freq gonna restore to: 1200000
05-22 13:35:36.084 I/cpusvc  (  460): [reduce_max_freq] max freq gonna reduce to: 1000000
05-22 13:35:42.186 I/cpusvc  (  460): [restore_max_freq] max freq gonna restore to: 1200000
05-22 13:35:45.237 I/cpusvc  (  460): [reduce_max_freq] max freq gonna reduce to: 1000000
05-22 13:35:51.340 I/cpusvc  (  460): [restore_max_freq] max freq gonna restore to: 1200000
05-22 13:35:54.391 I/cpusvc  (  460): [reduce_max_freq] max freq gonna reduce to: 1000000
05-22 13:36:00.493 I/cpusvc  (  460): [restore_max_freq] max freq gonna restore to: 1200000
05-22 13:36:03.543 I/cpusvc  (  460): [reduce_max_freq] max freq gonna reduce to: 1000000
05-22 13:36:12.696 I/cpusvc  (  460): [restore_max_freq] max freq gonna restore to: 1200000
05-22 13:36:15.747 I/cpusvc  (  460): [reduce_max_freq] max freq gonna reduce to: 1000000
05-22 13:36:21.848 I/cpusvc  (  460): [restore_max_freq] max freq gonna restore to: 1200000
05-22 13:36:24.899 I/cpusvc  (  460): [reduce_max_freq] max freq gonna reduce to: 1000000
05-22 13:36:31.001 I/cpusvc  (  460): [restore_max_freq] max freq gonna restore to: 1200000
05-22 13:36:34.051 I/cpusvc  (  460): [reduce_max_freq] max freq gonna reduce to: 1000000
05-22 13:36:40.153 I/cpusvc  (  460): [restore_max_freq] max freq gonna restore to: 1200000
05-22 13:36:43.204 I/cpusvc  (  460): [reduce_max_freq] max freq gonna reduce to: 1000000
05-22 13:36:49.305 I/cpusvc  (  460): [restore_max_freq] max freq gonna restore to: 1200000
05-22 13:36:52.356 I/cpusvc  (  460): [reduce_max_freq] max freq gonna reduce to: 1000000
05-22 13:37:01.509 I/cpusvc  (  460): [restore_max_freq] max freq gonna restore to: 1200000
05-22 13:37:04.560 I/cpusvc  (  460): [reduce_max_freq] max freq gonna reduce to: 1000000
05-22 13:37:10.661 I/cpusvc  (  460): [restore_max_freq] max freq gonna restore to: 1200000
05-22 13:37:13.712 I/cpusvc  (  460): [reduce_max_freq] max freq gonna reduce to: 1000000
05-22 13:37:19.814 I/cpusvc  (  460): [restore_max_freq] max freq gonna restore to: 1200000
05-22 13:37:22.865 I/cpusvc  (  460): [reduce_max_freq] max freq gonna reduce to: 1000000
05-22 13:37:28.967 I/cpusvc  (  460): [restore_max_freq] max freq gonna restore to: 1200000
05-22 13:37:32.017 I/cpusvc  (  460): [reduce_max_freq] max freq gonna reduce to: 1000000
05-22 13:37:38.119 I/cpusvc  (  460): [restore_max_freq] max freq gonna restore to: 1200000
05-22 13:37:41.170 I/cpusvc  (  460): [reduce_max_freq] max freq gonna reduce to: 1000000
05-22 13:37:47.272 I/cpusvc  (  460): [restore_max_freq] max freq gonna restore to: 1200000
05-22 13:37:50.323 I/cpusvc  (  460): [reduce_max_freq] max freq gonna reduce to: 1000000
05-22 13:37:59.476 I/cpusvc  (  460): [restore_max_freq] max freq gonna restore to: 1200000
05-22 13:38:02.526 I/cpusvc  (  460): [reduce_max_freq] max freq gonna reduce to: 1000000
05-22 13:38:08.628 I/cpusvc  (  460): [restore_max_freq] max freq gonna restore to: 1200000
05-22 13:38:11.679 I/cpusvc  (  460): [reduce_max_freq] max freq gonna reduce to: 1000000
05-22 13:38:17.781 I/cpusvc  (  460): [restore_max_freq] max freq gonna restore to: 1200000
05-22 13:38:20.832 I/cpusvc  (  460): [reduce_max_freq] max freq gonna reduce to: 1000000
05-22 13:38:26.934 I/cpusvc  (  460): [restore_max_freq] max freq gonna restore to: 1200000
05-22 13:38:29.985 I/cpusvc  (  460): [reduce_max_freq] max freq gonna reduce to: 1000000
05-22 13:38:36.086 I/cpusvc  (  460): [restore_max_freq] max freq gonna restore to: 1200000
05-22 13:38:39.137 I/cpusvc  (  460): [reduce_max_freq] max freq gonna reduce to: 1000000
05-22 13:38:48.290 I/cpusvc  (  460): [restore_max_freq] max freq gonna restore to: 1200000
05-22 13:38:51.342 I/cpusvc  (  460): [reduce_max_freq] max freq gonna reduce to: 1000000
05-22 13:38:57.444 I/cpusvc  (  460): [restore_max_freq] max freq gonna restore to: 1200000
05-22 13:39:00.494 I/cpusvc  (  460): [reduce_max_freq] max freq gonna reduce to: 1000000
05-22 13:39:06.596 I/cpusvc  (  460): [restore_max_freq] max freq gonna restore to: 1200000
05-22 13:39:09.647 I/cpusvc  (  460): [reduce_max_freq] max freq gonna reduce to: 1000000
05-22 13:39:15.749 I/cpusvc  (  460): [restore_max_freq] max freq gonna restore to: 1200000
05-22 13:39:18.800 I/cpusvc  (  460): [reduce_max_freq] max freq gonna reduce to: 1000000
05-22 13:39:24.902 I/cpusvc  (  460): [restore_max_freq] max freq gonna restore to: 1200000
05-22 13:39:27.953 I/cpusvc  (  460): [reduce_max_freq] max freq gonna reduce to: 1000000
05-22 13:39:37.105 I/cpusvc  (  460): [restore_max_freq] max freq gonna restore to: 1200000
05-22 13:39:40.156 I/cpusvc  (  460): [reduce_max_freq] max freq gonna reduce to: 1000000
05-22 13:39:46.258 I/cpusvc  (  460): [restore_max_freq] max freq gonna restore to: 1200000
05-22 13:39:49.309 I/cpusvc  (  460): [reduce_max_freq] max freq gonna reduce to: 1000000
05-22 13:39:55.411 I/cpusvc  (  460): [restore_max_freq] max freq gonna restore to: 1200000
05-22 13:39:58.461 I/cpusvc  (  460): [reduce_max_freq] max freq gonna reduce to: 1000000
05-22 13:40:04.563 I/cpusvc  (  460): [restore_max_freq] max freq gonna restore to: 1200000
05-22 13:40:07.614 I/cpusvc  (  460): [reduce_max_freq] max freq gonna reduce to: 1000000
05-22 13:40:13.715 I/cpusvc  (  460): [restore_max_freq] max freq gonna restore to: 1200000
05-22 13:40:16.766 I/cpusvc  (  460): [reduce_max_freq] max freq gonna reduce to: 1000000
05-22 13:40:25.919 I/cpusvc  (  460): [restore_max_freq] max freq gonna restore to: 1200000
05-22 13:40:28.969 I/cpusvc  (  460): [reduce_max_freq] max freq gonna reduce to: 1000000
05-22 13:40:35.071 I/cpusvc  (  460): [restore_max_freq] max freq gonna restore to: 1200000
05-22 13:40:38.122 I/cpusvc  (  460): [reduce_max_freq] max freq gonna reduce to: 1000000
05-22 13:40:44.224 I/cpusvc  (  460): [restore_max_freq] max freq gonna restore to: 1200000
05-22 13:40:47.275 I/cpusvc  (  460): [reduce_max_freq] max freq gonna reduce to: 1000000
05-22 13:40:53.377 I/cpusvc  (  460): [restore_max_freq] max freq gonna restore to: 1200000
05-22 13:40:56.427 I/cpusvc  (  460): [reduce_max_freq] max freq gonna reduce to: 1000000
05-22 13:41:02.529 I/cpusvc  (  460): [restore_max_freq] max freq gonna restore to: 1200000
05-22 13:41:05.580 I/cpusvc  (  460): [reduce_max_freq] max freq gonna reduce to: 1000000
05-22 13:41:14.732 I/cpusvc  (  460): [restore_max_freq] max freq gonna restore to: 1200000
05-22 13:41:17.783 I/cpusvc  (  460): [reduce_max_freq] max freq gonna reduce to: 1000000
05-22 13:41:23.884 I/cpusvc  (  460): [restore_max_freq] max freq gonna restore to: 1200000
05-22 13:41:26.935 I/cpusvc  (  460): [reduce_max_freq] max freq gonna reduce to: 1000000
05-22 13:41:33.037 I/cpusvc  (  460): [restore_max_freq] max freq gonna restore to: 1200000
05-22 13:41:36.088 I/cpusvc  (  460): [reduce_max_freq] max freq gonna reduce to: 1000000
05-22 13:41:42.189 I/cpusvc  (  460): [restore_max_freq] max freq gonna restore to: 1200000
05-22 13:41:45.240 I/cpusvc  (  460): [reduce_max_freq] max freq gonna reduce to: 1000000
05-22 13:41:51.342 I/cpusvc  (  460): [restore_max_freq] max freq gonna restore to: 1200000
05-22 13:41:54.393 I/cpusvc  (  460): [reduce_max_freq] max freq gonna reduce to: 1000000
05-22 13:42:00.494 I/cpusvc  (  460): [restore_max_freq] max freq gonna restore to: 1200000
05-22 13:42:03.545 I/cpusvc  (  460): [reduce_max_freq] max freq gonna reduce to: 1000000
05-22 13:42:12.698 I/cpusvc  (  460): [restore_max_freq] max freq gonna restore to: 1200000
05-22 13:42:15.748 I/cpusvc  (  460): [reduce_max_freq] max freq gonna reduce to: 1000000
05-22 13:42:21.850 I/cpusvc  (  460): [restore_max_freq] max freq gonna restore to: 1200000
05-22 13:42:24.901 I/cpusvc  (  460): [reduce_max_freq] max freq gonna reduce to: 1000000
05-22 13:42:31.003 I/cpusvc  (  460): [restore_max_freq] max freq gonna restore to: 1200000
05-22 13:42:34.053 I/cpusvc  (  460): [reduce_max_freq] max freq gonna reduce to: 1000000
05-22 13:42:40.155 I/cpusvc  (  460): [restore_max_freq] max freq gonna restore to: 1200000
05-22 13:42:43.206 I/cpusvc  (  460): [reduce_max_freq] max freq gonna reduce to: 1000000
05-22 13:42:49.308 I/cpusvc  (  460): [restore_max_freq] max freq gonna restore to: 1200000
05-22 13:42:52.359 I/cpusvc  (  460): [reduce_max_freq] max freq gonna reduce to: 1000000
05-22 13:43:01.512 I/cpusvc  (  460): [restore_max_freq] max freq gonna restore to: 1200000
05-22 13:43:04.562 I/cpusvc  (  460): [reduce_max_freq] max freq gonna reduce to: 1000000
05-22 13:43:10.664 I/cpusvc  (  460): [restore_max_freq] max freq gonna restore to: 1200000
05-22 13:43:13.715 I/cpusvc  (  460): [reduce_max_freq] max freq gonna reduce to: 1000000
05-22 13:43:19.817 I/cpusvc  (  460): [restore_max_freq] max freq gonna restore to: 1200000
05-22 13:43:22.868 I/cpusvc  (  460): [reduce_max_freq] max freq gonna reduce to: 1000000
05-22 13:43:28.970 I/cpusvc  (  460): [restore_max_freq] max freq gonna restore to: 1200000
05-22 13:43:32.021 I/cpusvc  (  460): [reduce_max_freq] max freq gonna reduce to: 1000000
05-22 13:43:38.123 I/cpusvc  (  460): [restore_max_freq] max freq gonna restore to: 1200000
05-22 13:43:41.173 I/cpusvc  (  460): [reduce_max_freq] max freq gonna reduce to: 1000000
05-22 13:43:50.326 I/cpusvc  (  460): [restore_max_freq] max freq gonna restore to: 1200000
05-22 13:43:53.377 I/cpusvc  (  460): [reduce_max_freq] max freq gonna reduce to: 1000000
05-22 13:43:59.479 I/cpusvc  (  460): [restore_max_freq] max freq gonna restore to: 1200000
05-22 13:44:02.530 I/cpusvc  (  460): [reduce_max_freq] max freq gonna reduce to: 1000000
05-22 13:44:08.631 I/cpusvc  (  460): [restore_max_freq] max freq gonna restore to: 1200000
05-22 13:44:11.682 I/cpusvc  (  460): [reduce_max_freq] max freq gonna reduce to: 1000000
05-22 13:44:17.785 I/cpusvc  (  460): [restore_max_freq] max freq gonna restore to: 1200000
05-22 13:44:20.835 I/cpusvc  (  460): [reduce_max_freq] max freq gonna reduce to: 1000000
05-22 13:44:26.938 I/cpusvc  (  460): [restore_max_freq] max freq gonna restore to: 1200000
05-22 13:44:29.988 I/cpusvc  (  460): [reduce_max_freq] max freq gonna reduce to: 1000000
05-22 13:44:39.141 I/cpusvc  (  460): [restore_max_freq] max freq gonna restore to: 1200000
05-22 13:44:42.192 I/cpusvc  (  460): [reduce_max_freq] max freq gonna reduce to: 1000000
05-22 13:44:48.294 I/cpusvc  (  460): [restore_max_freq] max freq gonna restore to: 1200000
05-22 13:44:51.345 I/cpusvc  (  460): [reduce_max_freq] max freq gonna reduce to: 1000000
05-22 13:44:57.447 I/cpusvc  (  460): [restore_max_freq] max freq gonna restore to: 1200000
05-22 13:45:00.498 I/cpusvc  (  460): [reduce_max_freq] max freq gonna reduce to: 1000000
05-22 13:45:06.600 I/cpusvc  (  460): [restore_max_freq] max freq gonna restore to: 1200000
05-22 13:45:09.650 I/cpusvc  (  460): [reduce_max_freq] max freq gonna reduce to: 1000000
05-22 13:45:15.753 I/cpusvc  (  460): [restore_max_freq] max freq gonna restore to: 1200000
05-22 13:45:18.803 I/cpusvc  (  460): [reduce_max_freq] max freq gonna reduce to: 1000000
05-22 13:45:27.956 I/cpusvc  (  460): [restore_max_freq] max freq gonna restore to: 1200000
05-22 13:45:31.007 I/cpusvc  (  460): [reduce_max_freq] max freq gonna reduce to: 1000000
05-22 13:45:37.109 I/cpusvc  (  460): [restore_max_freq] max freq gonna restore to: 1200000
05-22 13:45:40.160 I/cpusvc  (  460): [reduce_max_freq] max freq gonna reduce to: 1000000
05-22 13:45:46.262 I/cpusvc  (  460): [restore_max_freq] max freq gonna restore to: 1200000
05-22 13:45:49.313 I/cpusvc  (  460): [reduce_max_freq] max freq gonna reduce to: 1000000
05-22 13:45:55.414 I/cpusvc  (  460): [restore_max_freq] max freq gonna restore to: 1200000
05-22 13:45:58.465 I/cpusvc  (  460): [reduce_max_freq] max freq gonna reduce to: 1000000
05-22 13:46:04.567 I/cpusvc  (  460): [restore_max_freq] max freq gonna restore to: 1200000
05-22 13:46:07.618 I/cpusvc  (  460): [reduce_max_freq] max freq gonna reduce to: 1000000
05-22 13:46:16.770 I/cpusvc  (  460): [restore_max_freq] max freq gonna restore to: 1200000
05-22 13:46:19.821 I/cpusvc  (  460): [reduce_max_freq] max freq gonna reduce to: 1000000
05-22 13:46:25.923 I/cpusvc  (  460): [restore_max_freq] max freq gonna restore to: 1200000
05-22 13:46:28.974 I/cpusvc  (  460): [reduce_max_freq] max freq gonna reduce to: 1000000
05-22 13:46:35.077 I/cpusvc  (  460): [restore_max_freq] max freq gonna restore to: 1200000
05-22 13:46:38.127 I/cpusvc  (  460): [reduce_max_freq] max freq gonna reduce to: 1000000
05-22 13:46:44.230 I/cpusvc  (  460): [restore_max_freq] max freq gonna restore to: 1200000
05-22 13:46:47.280 I/cpusvc  (  460): [reduce_max_freq] max freq gonna reduce to: 1000000
05-22 13:46:53.382 I/cpusvc  (  460): [restore_max_freq] max freq gonna restore to: 1200000
05-22 13:46:56.433 I/cpusvc  (  460): [reduce_max_freq] max freq gonna reduce to: 1000000
05-22 13:47:05.586 I/cpusvc  (  460): [restore_max_freq] max freq gonna restore to: 1200000
05-22 13:47:08.636 I/cpusvc  (  460): [reduce_max_freq] max freq gonna reduce to: 1000000
05-22 13:47:14.738 I/cpusvc  (  460): [restore_max_freq] max freq gonna restore to: 1200000
05-22 13:47:17.789 I/cpusvc  (  460): [reduce_max_freq] max freq gonna reduce to: 1000000
05-22 13:47:23.891 I/cpusvc  (  460): [restore_max_freq] max freq gonna restore to: 1200000
05-22 13:47:26.941 I/cpusvc  (  460): [reduce_max_freq] max freq gonna reduce to: 1000000
05-22 13:47:33.043 I/cpusvc  (  460): [restore_max_freq] max freq gonna restore to: 1200000
05-22 13:47:36.094 I/cpusvc  (  460): [reduce_max_freq] max freq gonna reduce to: 1000000
05-22 13:47:42.195 I/cpusvc  (  460): [restore_max_freq] max freq gonna restore to: 1200000
05-22 13:47:45.246 I/cpusvc  (  460): [reduce_max_freq] max freq gonna reduce to: 1000000
05-22 13:47:54.399 I/cpusvc  (  460): [restore_max_freq] max freq gonna restore to: 1200000
05-22 13:47:57.450 I/cpusvc  (  460): [reduce_max_freq] max freq gonna reduce to: 1000000
05-22 13:48:03.552 I/cpusvc  (  460): [restore_max_freq] max freq gonna restore to: 1200000
05-22 13:48:06.602 I/cpusvc  (  460): [reduce_max_freq] max freq gonna reduce to: 1000000
05-22 13:48:12.704 I/cpusvc  (  460): [restore_max_freq] max freq gonna restore to: 1200000
05-22 13:48:15.755 I/cpusvc  (  460): [reduce_max_freq] max freq gonna reduce to: 1000000
05-22 13:48:21.857 I/cpusvc  (  460): [restore_max_freq] max freq gonna restore to: 1200000
05-22 13:48:24.907 I/cpusvc  (  460): [reduce_max_freq] max freq gonna reduce to: 1000000
05-22 13:48:31.010 I/cpusvc  (  460): [restore_max_freq] max freq gonna restore to: 1200000
05-22 13:48:34.060 I/cpusvc  (  460): [reduce_max_freq] max freq gonna reduce to: 1000000
05-22 13:48:43.213 I/cpusvc  (  460): [restore_max_freq] max freq gonna restore to: 1200000
05-22 13:48:46.263 I/cpusvc  (  460): [reduce_max_freq] max freq gonna reduce to: 1000000
05-22 13:48:52.365 I/cpusvc  (  460): [restore_max_freq] max freq gonna restore to: 1200000
05-22 13:48:55.416 I/cpusvc  (  460): [reduce_max_freq] max freq gonna reduce to: 1000000
05-22 13:49:01.518 I/cpusvc  (  460): [restore_max_freq] max freq gonna restore to: 1200000
05-22 13:49:04.569 I/cpusvc  (  460): [reduce_max_freq] max freq gonna reduce to: 1000000
05-22 13:49:10.671 I/cpusvc  (  460): [restore_max_freq] max freq gonna restore to: 1200000
05-22 13:49:13.722 I/cpusvc  (  460): [reduce_max_freq] max freq gonna reduce to: 1000000
05-22 13:49:19.823 I/cpusvc  (  460): [restore_max_freq] max freq gonna restore to: 1200000
05-22 13:49:22.874 I/cpusvc  (  460): [reduce_max_freq] max freq gonna reduce to: 1000000
05-22 13:49:32.027 I/cpusvc  (  460): [restore_max_freq] max freq gonna restore to: 1200000
05-22 13:49:35.077 I/cpusvc  (  460): [reduce_max_freq] max freq gonna reduce to: 1000000
05-22 13:49:41.179 I/cpusvc  (  460): [restore_max_freq] max freq gonna restore to: 1200000
05-22 13:49:44.230 I/cpusvc  (  460): [reduce_max_freq] max freq gonna reduce to: 1000000
05-22 13:49:50.332 I/cpusvc  (  460): [restore_max_freq] max freq gonna restore to: 1200000
05-22 13:49:53.383 I/cpusvc  (  460): [reduce_max_freq] max freq gonna reduce to: 1000000
05-22 13:49:59.485 I/cpusvc  (  460): [restore_max_freq] max freq gonna restore to: 1200000
05-22 13:50:02.536 I/cpusvc  (  460): [reduce_max_freq] max freq gonna reduce to: 1000000
05-22 13:50:08.637 I/cpusvc  (  460): [restore_max_freq] max freq gonna restore to: 1200000
05-22 13:50:11.688 I/cpusvc  (  460): [reduce_max_freq] max freq gonna reduce to: 1000000
05-22 13:50:20.841 I/cpusvc  (  460): [restore_max_freq] max freq gonna restore to: 1200000
05-22 13:50:23.892 I/cpusvc  (  460): [reduce_max_freq] max freq gonna reduce to: 1000000
05-22 13:50:29.994 I/cpusvc  (  460): [restore_max_freq] max freq gonna restore to: 1200000
05-22 13:50:33.045 I/cpusvc  (  460): [reduce_max_freq] max freq gonna reduce to: 1000000
05-22 13:50:39.147 I/cpusvc  (  460): [restore_max_freq] max freq gonna restore to: 1200000
05-22 13:50:39.155 I/ProcessStatsService(  552): Prepared write state in 2ms
05-22 13:50:42.198 I/cpusvc  (  460): [reduce_max_freq] max freq gonna reduce to: 1000000
05-22 13:50:48.299 I/cpusvc  (  460): [restore_max_freq] max freq gonna restore to: 1200000
05-22 13:50:51.350 I/cpusvc  (  460): [reduce_max_freq] max freq gonna reduce to: 1000000
05-22 13:50:57.452 I/cpusvc  (  460): [restore_max_freq] max freq gonna restore to: 1200000
05-22 13:51:00.503 I/cpusvc  (  460): [reduce_max_freq] max freq gonna reduce to: 1000000
05-22 13:51:09.655 I/cpusvc  (  460): [restore_max_freq] max freq gonna restore to: 1200000
05-22 13:51:12.706 I/cpusvc  (  460): [reduce_max_freq] max freq gonna reduce to: 1000000
05-22 13:51:18.808 I/cpusvc  (  460): [restore_max_freq] max freq gonna restore to: 1200000
05-22 13:51:21.859 I/cpusvc  (  460): [reduce_max_freq] max freq gonna reduce to: 1000000
05-22 13:51:27.961 I/cpusvc  (  460): [restore_max_freq] max freq gonna restore to: 1200000
05-22 13:51:31.011 I/cpusvc  (  460): [reduce_max_freq] max freq gonna reduce to: 1000000
05-22 13:51:37.113 I/cpusvc  (  460): [restore_max_freq] max freq gonna restore to: 1200000
05-22 13:51:40.164 I/cpusvc  (  460): [reduce_max_freq] max freq gonna reduce to: 1000000
05-22 13:51:46.266 I/cpusvc  (  460): [restore_max_freq] max freq gonna restore to: 1200000
05-22 13:51:49.317 I/cpusvc  (  460): [reduce_max_freq] max freq gonna reduce to: 1000000
05-22 13:51:58.469 I/cpusvc  (  460): [restore_max_freq] max freq gonna restore to: 1200000
05-22 13:52:01.520 I/cpusvc  (  460): [reduce_max_freq] max freq gonna reduce to: 1000000
05-22 13:52:07.623 I/cpusvc  (  460): [restore_max_freq] max freq gonna restore to: 1200000
05-22 13:52:10.673 I/cpusvc  (  460): [reduce_max_freq] max freq gonna reduce to: 1000000
05-22 13:52:16.775 I/cpusvc  (  460): [restore_max_freq] max freq gonna restore to: 1200000
05-22 13:52:19.826 I/cpusvc  (  460): [reduce_max_freq] max freq gonna reduce to: 1000000
05-22 13:52:25.928 I/cpusvc  (  460): [restore_max_freq] max freq gonna restore to: 1200000
05-22 13:52:28.979 I/cpusvc  (  460): [reduce_max_freq] max freq gonna reduce to: 1000000
05-22 13:52:35.081 I/cpusvc  (  460): [restore_max_freq] max freq gonna restore to: 1200000
05-22 13:52:38.131 I/cpusvc  (  460): [reduce_max_freq] max freq gonna reduce to: 1000000
05-22 13:52:47.284 I/cpusvc  (  460): [restore_max_freq] max freq gonna restore to: 1200000
05-22 13:52:50.335 I/cpusvc  (  460): [reduce_max_freq] max freq gonna reduce to: 1000000
05-22 13:52:56.436 I/cpusvc  (  460): [restore_max_freq] max freq gonna restore to: 1200000
05-22 13:52:59.487 I/cpusvc  (  460): [reduce_max_freq] max freq gonna reduce to: 1000000
05-22 13:53:05.589 I/cpusvc  (  460): [restore_max_freq] max freq gonna restore to: 1200000
05-22 13:53:08.640 I/cpusvc  (  460): [reduce_max_freq] max freq gonna reduce to: 1000000
05-22 13:53:14.741 I/cpusvc  (  460): [restore_max_freq] max freq gonna restore to: 1200000
05-22 13:53:17.792 I/cpusvc  (  460): [reduce_max_freq] max freq gonna reduce to: 1000000
05-22 13:53:23.894 I/cpusvc  (  460): [restore_max_freq] max freq gonna restore to: 1200000
05-22 13:53:26.945 I/cpusvc  (  460): [reduce_max_freq] max freq gonna reduce to: 1000000
05-22 13:53:36.098 I/cpusvc  (  460): [restore_max_freq] max freq gonna restore to: 1200000
05-22 13:53:39.148 I/cpusvc  (  460): [reduce_max_freq] max freq gonna reduce to: 1000000
05-22 13:53:45.250 I/cpusvc  (  460): [restore_max_freq] max freq gonna restore to: 1200000
05-22 13:53:48.301 I/cpusvc  (  460): [reduce_max_freq] max freq gonna reduce to: 1000000
05-22 13:53:54.403 I/cpusvc  (  460): [restore_max_freq] max freq gonna restore to: 1200000
05-22 13:53:57.454 I/cpusvc  (  460): [reduce_max_freq] max freq gonna reduce to: 1000000
05-22 13:54:03.555 I/cpusvc  (  460): [restore_max_freq] max freq gonna restore to: 1200000
05-22 13:54:06.606 I/cpusvc  (  460): [reduce_max_freq] max freq gonna reduce to: 1000000
05-22 13:54:12.708 I/cpusvc  (  460): [restore_max_freq] max freq gonna restore to: 1200000
05-22 13:54:15.759 I/cpusvc  (  460): [reduce_max_freq] max freq gonna reduce to: 1000000
05-22 13:54:24.911 I/cpusvc  (  460): [restore_max_freq] max freq gonna restore to: 1200000
05-22 13:54:27.962 I/cpusvc  (  460): [reduce_max_freq] max freq gonna reduce to: 1000000
05-22 13:54:34.063 I/cpusvc  (  460): [restore_max_freq] max freq gonna restore to: 1200000
05-22 13:54:37.114 I/cpusvc  (  460): [reduce_max_freq] max freq gonna reduce to: 1000000
05-22 13:54:43.216 I/cpusvc  (  460): [restore_max_freq] max freq gonna restore to: 1200000
05-22 13:54:46.266 I/cpusvc  (  460): [reduce_max_freq] max freq gonna reduce to: 1000000
05-22 13:54:52.368 I/cpusvc  (  460): [restore_max_freq] max freq gonna restore to: 1200000
05-22 13:54:55.419 I/cpusvc  (  460): [reduce_max_freq] max freq gonna reduce to: 1000000
05-22 13:55:01.521 I/cpusvc  (  460): [restore_max_freq] max freq gonna restore to: 1200000
05-22 13:55:04.572 I/cpusvc  (  460): [reduce_max_freq] max freq gonna reduce to: 1000000
05-22 13:55:13.724 I/cpusvc  (  460): [restore_max_freq] max freq gonna restore to: 1200000
05-22 13:55:16.775 I/cpusvc  (  460): [reduce_max_freq] max freq gonna reduce to: 1000000
05-22 13:55:22.877 I/cpusvc  (  460): [restore_max_freq] max freq gonna restore to: 1200000
05-22 13:55:25.927 I/cpusvc  (  460): [reduce_max_freq] max freq gonna reduce to: 1000000
05-22 13:55:32.029 I/cpusvc  (  460): [restore_max_freq] max freq gonna restore to: 1200000
05-22 13:55:35.080 I/cpusvc  (  460): [reduce_max_freq] max freq gonna reduce to: 1000000
05-22 13:55:41.182 I/cpusvc  (  460): [restore_max_freq] max freq gonna restore to: 1200000
05-22 13:55:44.233 I/cpusvc  (  460): [reduce_max_freq] max freq gonna reduce to: 1000000
05-22 13:55:50.334 I/cpusvc  (  460): [restore_max_freq] max freq gonna restore to: 1200000
05-22 13:55:53.385 I/cpusvc  (  460): [reduce_max_freq] max freq gonna reduce to: 1000000
05-22 13:55:59.488 I/cpusvc  (  460): [restore_max_freq] max freq gonna restore to: 1200000
05-22 13:56:02.538 I/cpusvc  (  460): [reduce_max_freq] max freq gonna reduce to: 1000000
05-22 13:56:11.691 I/cpusvc  (  460): [restore_max_freq] max freq gonna restore to: 1200000
05-22 13:56:14.741 I/cpusvc  (  460): [reduce_max_freq] max freq gonna reduce to: 1000000
05-22 13:56:20.843 I/cpusvc  (  460): [restore_max_freq] max freq gonna restore to: 1200000
05-22 13:56:23.894 I/cpusvc  (  460): [reduce_max_freq] max freq gonna reduce to: 1000000
05-22 13:56:29.996 I/cpusvc  (  460): [restore_max_freq] max freq gonna restore to: 1200000
05-22 13:56:33.047 I/cpusvc  (  460): [reduce_max_freq] max freq gonna reduce to: 1000000
05-22 13:56:39.149 I/cpusvc  (  460): [restore_max_freq] max freq gonna restore to: 1200000
05-22 13:56:42.200 I/cpusvc  (  460): [reduce_max_freq] max freq gonna reduce to: 1000000
05-22 13:56:48.302 I/cpusvc  (  460): [restore_max_freq] max freq gonna restore to: 1200000
05-22 13:56:51.353 I/cpusvc  (  460): [reduce_max_freq] max freq gonna reduce to: 1000000
05-22 13:57:00.506 I/cpusvc  (  460): [restore_max_freq] max freq gonna restore to: 1200000
05-22 13:57:03.557 I/cpusvc  (  460): [reduce_max_freq] max freq gonna reduce to: 1000000
05-22 13:57:09.658 I/cpusvc  (  460): [restore_max_freq] max freq gonna restore to: 1200000
05-22 13:57:12.709 I/cpusvc  (  460): [reduce_max_freq] max freq gonna reduce to: 1000000
05-22 13:57:18.811 I/cpusvc  (  460): [restore_max_freq] max freq gonna restore to: 1200000
05-22 13:57:21.862 I/cpusvc  (  460): [reduce_max_freq] max freq gonna reduce to: 1000000
05-22 13:57:27.965 I/cpusvc  (  460): [restore_max_freq] max freq gonna restore to: 1200000
05-22 13:57:31.015 I/cpusvc  (  460): [reduce_max_freq] max freq gonna reduce to: 1000000
05-22 13:57:37.117 I/cpusvc  (  460): [restore_max_freq] max freq gonna restore to: 1200000
05-22 13:57:40.168 I/cpusvc  (  460): [reduce_max_freq] max freq gonna reduce to: 1000000
05-22 13:57:49.320 I/cpusvc  (  460): [restore_max_freq] max freq gonna restore to: 1200000
05-22 13:57:52.371 I/cpusvc  (  460): [reduce_max_freq] max freq gonna reduce to: 1000000
05-22 13:57:58.473 I/cpusvc  (  460): [restore_max_freq] max freq gonna restore to: 1200000
05-22 13:58:01.523 I/cpusvc  (  460): [reduce_max_freq] max freq gonna reduce to: 1000000
05-22 13:58:07.625 I/cpusvc  (  460): [restore_max_freq] max freq gonna restore to: 1200000
05-22 13:58:10.676 I/cpusvc  (  460): [reduce_max_freq] max freq gonna reduce to: 1000000
05-22 13:58:16.778 I/cpusvc  (  460): [restore_max_freq] max freq gonna restore to: 1200000
05-22 13:58:19.829 I/cpusvc  (  460): [reduce_max_freq] max freq gonna reduce to: 1000000
05-22 13:58:25.931 I/cpusvc  (  460): [restore_max_freq] max freq gonna restore to: 1200000
05-22 13:58:28.982 I/cpusvc  (  460): [reduce_max_freq] max freq gonna reduce to: 1000000
05-22 13:58:38.134 I/cpusvc  (  460): [restore_max_freq] max freq gonna restore to: 1200000
05-22 13:58:41.185 I/cpusvc  (  460): [reduce_max_freq] max freq gonna reduce to: 1000000
05-22 13:58:47.286 I/cpusvc  (  460): [restore_max_freq] max freq gonna restore to: 1200000
05-22 13:58:50.337 I/cpusvc  (  460): [reduce_max_freq] max freq gonna reduce to: 1000000
05-22 13:58:56.439 I/cpusvc  (  460): [restore_max_freq] max freq gonna restore to: 1200000
05-22 13:58:59.489 I/cpusvc  (  460): [reduce_max_freq] max freq gonna reduce to: 1000000
05-22 13:59:05.591 I/cpusvc  (  460): [restore_max_freq] max freq gonna restore to: 1200000
05-22 13:59:08.642 I/cpusvc  (  460): [reduce_max_freq] max freq gonna reduce to: 1000000
05-22 13:59:14.744 I/cpusvc  (  460): [restore_max_freq] max freq gonna restore to: 1200000
05-22 13:59:17.794 I/cpusvc  (  460): [reduce_max_freq] max freq gonna reduce to: 1000000
05-22 13:59:26.948 I/cpusvc  (  460): [restore_max_freq] max freq gonna restore to: 1200000
05-22 13:59:29.998 I/cpusvc  (  460): [reduce_max_freq] max freq gonna reduce to: 1000000
05-22 13:59:36.100 I/cpusvc  (  460): [restore_max_freq] max freq gonna restore to: 1200000
05-22 13:59:39.151 I/cpusvc  (  460): [reduce_max_freq] max freq gonna reduce to: 1000000
05-22 13:59:42.968 I/ValidateNoPeople(  552): skipping global notification
05-22 13:59:42.972 D/ZenLog  (  552): disable_effects: -1|android|17303120|null|1000,listenerHints
05-22 13:59:45.253 I/cpusvc  (  460): [restore_max_freq] max freq gonna restore to: 1200000
05-22 13:59:48.303 I/cpusvc  (  460): [reduce_max_freq] max freq gonna reduce to: 1000000
05-22 13:59:54.405 I/cpusvc  (  460): [restore_max_freq] max freq gonna restore to: 1200000
