--------- beginning of system Firmware version 3.30.06-post24
05-22 09:22:20.718 I/ActivityManager(  552): Start proc 4078:com.google.android.gms.unstable/u0a7 for service com.google.android.gms/.droidguard.DroidGuardService
05-22 09:22:20.762 W/ResourcesManager( 4078): Asset path '/system/framework/com.android.location.provider.jar' does not exist or contains no resources.
05-22 09:22:20.823 E/Vold    (  103): Failed to find mounted volume for /storage/extSdCard/Android/data/com.google.android.gms/files/
05-22 09:22:20.823 W/Vold    (  103): Returning OperationFailed - no handler for errno 0
05-22 09:22:25.812 I/cpusvc  (  460): [restore_max_freq] max freq gonna restore to: 1200000
05-22 09:22:26.778 I/ActivityManager(  552): Start proc 4218:com.google.android.partnersetup/u0a10 for broadcast com.google.android.partnersetup/.GservicesChangedReceiver
05-22 09:22:26.900 I/ActivityManager(  552): Delay finish: com.google.android.partnersetup/.GservicesChangedReceiver
05-22 09:22:26.957 I/ActivityManager(  552): Resuming delayed broadcast
05-22 09:22:26.997 I/ActivityManager(  552): Waited long enough for: ServiceRecord{25e71764 u0 fr.bouyguestelecom.tv.tutorial/.TutorialService}
05-22 09:22:27.465 E/Vold    (  103): Failed to find mounted volume for /storage/extSdCard/Android/data/com.google.android.music/cache/
05-22 09:22:27.465 W/Vold    (  103): Returning OperationFailed - no handler for errno 0
05-22 09:22:28.582 E/ActivityThread( 3948): Failed to find provider info for com.google.android.wearable.settings
05-22 09:22:28.833 D/ZenLog  (  552): disable_effects: 0|com.cellfishmedia.moods|2471|null|10078,listenerHints
05-22 09:22:28.863 I/cpusvc  (  460): [reduce_max_freq] max freq gonna reduce to: 1000000
05-22 09:22:28.896 D/ZenLog  (  552): disable_effects: 0|com.cellfishmedia.moods|4421|null|10078,listenerHints
05-22 09:22:28.963 D/ZenLog  (  552): disable_effects: 0|com.cellfishmedia.moods|2505|null|10078,listenerHints
05-22 09:22:29.004 D/ZenLog  (  552): disable_effects: 0|com.cellfishmedia.moods|4101|null|10078,listenerHints
05-22 09:22:29.054 D/ZenLog  (  552): disable_effects: 0|com.cellfishmedia.moods|4029|null|10078,listenerHints
05-22 09:22:29.143 D/ZenLog  (  552): disable_effects: 0|com.cellfishmedia.moods|4441|null|10078,listenerHints
05-22 09:22:29.212 D/ZenLog  (  552): disable_effects: 0|com.cellfishmedia.moods|5635|null|10078,listenerHints
05-22 09:22:29.281 D/ZenLog  (  552): disable_effects: 0|com.cellfishmedia.moods|1815|null|10078,listenerHints
05-22 09:22:29.392 D/ZenLog  (  552): disable_effects: 0|com.cellfishmedia.moods|4183|null|10078,listenerHints
05-22 09:22:29.540 D/ZenLog  (  552): disable_effects: 0|com.cellfishmedia.moods|4391|null|10078,listenerHints
05-22 09:22:31.268 I/ActivityManager(  552): Killing 3152:com.rsupport.rs.activity.rsupport.bg/u0a75 (adj 15): empty #17
05-22 09:22:31.343 D/ActivityManager(  552): cleanUpApplicationRecord -- 3152
05-22 09:22:31.835 W/ActivityManager(  552): Unable to start service Intent { cmp=com.google.android.gms/.analytics.service.RefreshEnabledStateService } U=0: not found
05-22 09:22:31.989 D/ZenLog  (  552): disable_effects: 0|tv.arte.plus7|1|null|10025,listenerHints
05-22 09:22:32.317 I/ActivityManager(  552): Killing 3243:com.google.android.katniss/u0a11 (adj 15): empty #17
05-22 09:22:32.432 D/ActivityManager(  552): cleanUpApplicationRecord -- 3243
05-22 09:22:33.052 D/ZenLog  (  552): disable_effects: 0|tv.arte.plus7|2|null|10025,listenerHints
05-22 09:22:33.321 D/ZenLog  (  552): disable_effects: 0|tv.arte.plus7|3|null|10025,listenerHints
05-22 09:22:34.965 I/cpusvc  (  460): [restore_max_freq] max freq gonna restore to: 1200000
05-22 09:22:38.016 I/cpusvc  (  460): [reduce_max_freq] max freq gonna reduce to: 1000000
05-22 09:22:41.636 W/ContextImpl(  995): Calling a method in the system process without a qualified user: android.app.ContextImpl.startService:1692 android.content.ContextWrapper.startService:516 <bottom of call stack> <bottom of call stack> <bottom of call stack> 
05-22 09:22:41.650 W/ContextImpl(  995): Calling a method in the system process without a qualified user: android.app.ContextImpl.startService:1692 android.content.ContextWrapper.startService:516 <bottom of call stack> <bottom of call stack> <bottom of call stack> 
05-22 09:22:41.890 D/BackupManagerService(  552): Received broadcast Intent { act=android.intent.action.PACKAGE_CHANGED dat=package:com.google.android.gms flg=0x4000010 (has extras) }
05-22 09:22:41.891 W/BackupManagerService(  552): Proposed transport ComponentInfo{com.google.android.gms/com.google.android.gms.backup.BackupTransportService} not whitelisted; ignoring
05-22 09:22:42.188 W/ContextImpl(  995): Calling a method in the system process without a qualified user: android.app.ContextImpl.sendBroadcast:1327 android.content.ContextWrapper.sendBroadcast:377 <bottom of call stack> <bottom of call stack> <bottom of call stack> 
05-22 09:22:44.120 I/cpusvc  (  460): [restore_max_freq] max freq gonna restore to: 1200000
05-22 09:22:47.171 I/cpusvc  (  460): [reduce_max_freq] max freq gonna reduce to: 1000000
05-22 09:22:53.272 I/cpusvc  (  460): [restore_max_freq] max freq gonna restore to: 1200000
05-22 09:22:54.130 I/ActivityManager(  552): Killing 3452:fr.francetv.pluzz/u0a62 (adj 15): empty #17
05-22 09:22:54.241 D/ActivityManager(  552): cleanUpApplicationRecord -- 3452
05-22 09:22:56.323 I/cpusvc  (  460): [reduce_max_freq] max freq gonna reduce to: 1000000
05-22 09:22:57.584 W/ActivityManager(  552): Unable to start service Intent { act=com.google.android.gms.icing.INDEX_SERVICE pkg=com.google.android.gms } U=0: not found
05-22 09:22:57.585 W/ActivityManager(  552): Unbind failed: could not find connection for android.os.BinderProxy@321a0426
05-22 09:22:57.594 W/ActivityManager(  552): Unable to start service Intent { act=com.google.android.gms.icing.INDEX_SERVICE pkg=com.google.android.gms } U=0: not found
05-22 09:22:57.594 W/ActivityManager(  552): Unbind failed: could not find connection for android.os.BinderProxy@1dbb8867
05-22 09:22:57.605 W/ActivityManager(  552): Unable to start service Intent { act=com.google.android.gms.icing.INDEX_SERVICE pkg=com.google.android.gms } U=0: not found
05-22 09:22:57.606 W/ActivityManager(  552): Unbind failed: could not find connection for android.os.BinderProxy@3312a614
05-22 09:22:57.614 W/ActivityManager(  552): Unable to start service Intent { act=com.google.android.gms.icing.INDEX_SERVICE pkg=com.google.android.gms } U=0: not found
05-22 09:22:57.614 W/ActivityManager(  552): Unbind failed: could not find connection for android.os.BinderProxy@3502febd
05-22 09:23:02.426 I/cpusvc  (  460): [restore_max_freq] max freq gonna restore to: 1200000
05-22 09:23:02.753 D/DefContainer(  968): Copying /data/data/fr.bouyguestelecom.agent.custo/cache/751984885_temp.apk to base.apk
05-22 09:23:04.355 W/PackageManager(  552): Package com.bbox.dorcelstore signatures do not match the previously installed version; ignoring!
05-22 09:23:05.476 I/cpusvc  (  460): [reduce_max_freq] max freq gonna reduce to: 1000000
05-22 09:23:14.629 I/cpusvc  (  460): [restore_max_freq] max freq gonna restore to: 1200000
05-22 09:23:17.680 I/cpusvc  (  460): [reduce_max_freq] max freq gonna reduce to: 1000000
05-22 09:23:21.352 I/ActivityManager(  552): Killing 2739:fr.ocsgo.android.tv.bytel/u0a58 (adj 15): empty #17
05-22 09:23:21.441 D/WifiService(  552): Client connection lost with reason: 4
05-22 09:23:21.442 D/ConnectivityService(  552): ConnectivityService NetworkRequestInfo binderDied(NetworkRequest [ id=4, legacyType=-1, [ Capabilities: INTERNET&NOT_RESTRICTED&TRUSTED] ], android.os.BinderProxy@2710fb6a)
05-22 09:23:21.459 D/ConnectivityService(  552): releasing NetworkRequest NetworkRequest [ id=4, legacyType=-1, [ Capabilities: INTERNET&NOT_RESTRICTED&TRUSTED] ]
05-22 09:23:21.459 D/ActivityManager(  552): cleanUpApplicationRecord -- 2739
05-22 09:23:21.467 E/ConnectivityService(  552): RemoteException caught trying to send a callback msg for NetworkRequest [ id=4, legacyType=-1, [ Capabilities: INTERNET&NOT_RESTRICTED&TRUSTED] ]
05-22 09:23:23.781 I/cpusvc  (  460): [restore_max_freq] max freq gonna restore to: 1200000
05-22 09:23:26.832 I/cpusvc  (  460): [reduce_max_freq] max freq gonna reduce to: 1000000
05-22 09:23:32.449 W/BroadcastQueue(  552): Timeout of broadcast BroadcastRecord{3e24f8f8 u0 com.microsoft.azure.engagement.intent.action.AGENT_CREATED} - receiver=android.os.BinderProxy@169c1d1, started 60006ms ago
05-22 09:23:32.449 W/BroadcastQueue(  552): Receiver during timeout: ResolveInfo{bbb6436 fr.tf1.mytf1/com.microsoft.azure.engagement.reach.EngagementReachReceiver m=0x108000}
05-22 09:23:32.458 I/ActivityManager(  552): Killing 3104:com.google.android.youtube.tv/u0a71 (adj 15): empty #17
05-22 09:23:32.570 D/ActivityManager(  552): cleanUpApplicationRecord -- 3104
05-22 09:23:32.940 I/cpusvc  (  460): [restore_max_freq] max freq gonna restore to: 1200000
05-22 09:23:35.992 I/cpusvc  (  460): [reduce_max_freq] max freq gonna reduce to: 1000000
05-22 09:23:37.214 E/ActivityManager(  552): ANR in fr.tf1.mytf1
05-22 09:23:37.214 E/ActivityManager(  552): PID: 3871
05-22 09:23:37.214 E/ActivityManager(  552): Reason: Broadcast of Intent { act=com.microsoft.azure.engagement.intent.action.AGENT_CREATED flg=0x10 pkg=fr.tf1.mytf1 cmp=fr.tf1.mytf1/com.microsoft.azure.engagement.reach.EngagementReachReceiver }
05-22 09:23:37.214 E/ActivityManager(  552): Load: 6.9 / 4.22 / 1.7
05-22 09:23:37.214 E/ActivityManager(  552): CPU usage from 45253ms to 0ms ago:
05-22 09:23:37.214 E/ActivityManager(  552):   137% 995/com.ifeelsmart.smartui: 129% user + 8.4% kernel / faults: 10357 minor 1 major
05-22 09:23:37.214 E/ActivityManager(  552):   94% 1929/com.rtrk.comedia.service: 93% user + 1.1% kernel / faults: 675 minor 2 major
05-22 09:23:37.214 E/ActivityManager(  552):   11% 441/ampservice: 3.8% user + 8% kernel / faults: 5366 minor
05-22 09:23:37.214 E/ActivityManager(  552):   8.1% 104/surfaceflinger: 3.7% user + 4.4% kernel
05-22 09:23:37.214 E/ActivityManager(  552):   6.6% 552/system_server: 4.6% user + 1.9% kernel / faults: 5688 minor 54 major
05-22 09:23:37.214 E/ActivityManager(  552):   3.8% 1076/insight.tr069.client: 2.8% user + 1% kernel / faults: 10005 minor 3 major
05-22 09:23:37.214 E/ActivityManager(  552):   3.2% 681/fr.bouyguestelecom.tv.autodiag: 1.7% user + 1.5% kernel / faults: 2884 minor 17 major
05-22 09:23:37.214 E/ActivityManager(  552):   1.9% 58/mmcqd/0: 0% user + 1.9% kernel
05-22 09:23:37.214 E/ActivityManager(  552):   1.3% 112/tvplayer_service: 1% user + 0.3% kernel / faults: 20 minor 5 major
05-22 09:23:37.214 E/ActivityManager(  552):   1% 3335/com.spotify.tv.android: 0.4% user + 0.6% kernel / faults: 139 minor 1 major
05-22 09:23:37.214 E/ActivityManager(  552):   0.8% 1171/fr.bouyguestelecom.tv.upnp: 0.5% user + 0.2% kernel / faults: 4537 minor 15 major
05-22 09:23:37.214 E/ActivityManager(  552):   0.7% 207/galcore daemon : 0% user + 0.7% kernel
05-22 09:23:37.214 E/ActivityManager(  552):   0.6% 206/galcore daemon : 0% user + 0.6% kernel
05-22 09:23:37.214 E/ActivityManager(  552):   0.4% 3948/com.google.android.gms: 0.3% user + 0.1% kernel / faults: 2228 minor
05-22 09:23:37.214 E/ActivityManager(  552):   0.2% 968/com.android.defcontainer: 0% user + 0.1% kernel / faults: 1663 minor 6 major
05-22 09:23:37.214 E/ActivityManager(  552):   0.3% 3927/com.google.android.gms.persistent: 0.2% user + 0% kernel / faults: 300 minor
05-22 09:23:37.214 E/ActivityManager(  552):   0.3% 87/jbd2/mmcblk0p13: 0% user + 0.3% kernel
05-22 09:23:37.214 E/ActivityManager(  552):   0.2% 116/netd: 0.1% user + 0.1% kernel / faults: 16 minor
05-22 09:23:37.214 E/ActivityManager(  552):   0.1% 99/logd: 0% user + 0.1% kernel / faults: 26 minor
05-22 09:23:37.214 E/ActivityManager(  552):   0.1% 1285/fr.bouyguestelecom.tv.middleware: 0.1% user + 0% kernel / faults: 986 minor 13 major
05-22 09:23:37.214 E/ActivityManager(  552):   0.1% 1673/fr.bouyguestelecom.tv.sml: 0% user + 0% kernel / faults: 126 minor
05-22 09:23:37.214 E/ActivityManager(  552):   0.1% 96/av_settings: 0% user + 0% kernel
05-22 09:23:37.214 E/ActivityManager(  552):   0.1% 1695/com.google.android.apps.mediashell: 0% user + 0% kernel / faults: 79 minor 4 major
05-22 09:23:37.214 E/ActivityManager(  552):   0.1% 2353/mdnsd: 0% user + 0% kernel / faults: 9 minor
05-22 09:23:37.214 E/ActivityManager(  552):   0% 8/rcu_preempt: 0% user + 0% kernel
05-22 09:23:37.214 E/ActivityManager(  552):   0% 69/kworker/0:1H: 0% user + 0% kernel
05-22 09:23:37.214 E/ActivityManager(  552):   0% 692/wpa_supplicant: 0% user + 0% kernel / faults: 111 minor
05-22 09:23:37.214 E/ActivityManager(  552):   0% 1129/com.google.process.gapps: 0% user + 0% kernel / faults: 431 minor
05-22 09:23:37.214 E/ActivityManager(  552):   0% 36/cfinteractive: 0% user + 0% kernel
05-22 09:23:37.214 E/ActivityManager(  552):   0% 65/kworker/u8:2: 0% user + 0% kernel
05-22 09:23:37.214 E/ActivityManager(  552):   0% 131/tunnelloop: 0% user + 0% kernel / faults: 44 minor
05-22 09:23:37.214 E/ActivityManager(  552):   0% 1013/fr.bouyguestelecom.agent.custo: 0% user + 0% kernel / faults: 1066 minor 5 major
05-22 09:23:37.214 E/ActivityManager(  552):   0% 1221/com.android.vending: 0% user + 0% kernel / faults: 966 minor 5 major
05-22 09:23:37.214 E/ActivityManager(  552):   0% 1904/com.android.bluetooth: 0% user + 0% kernel / faults: 154 minor
05-22 09:23:37.214 E/ActivityManager(  552):   0% 3755/com.google.android.music:main: 0% user + 0% kernel / faults: 669 minor 14 major
05-22 09:23:37.214 E/ActivityManager(  552):   0% 3/ksoftirqd/0: 0% user + 0% kernel
05-22 09:23:37.214 E/ActivityManager(  552):   0% 12/ksoftirqd/1: 0% user + 0% kernel
05-22 09:23:37.214 E/ActivityManager(  552):   0% 16/ksoftirqd/2: 0% user + 0% kernel
05-22 09:23:37.214 E/ActivityManager(  552):   0% 20/ksoftirqd/3: 0% user + 0% kernel
05-22 09:23:37.214 E/ActivityManager(  552):   0% 32/kworker/0:1: 0% user + 0% kernel
05-22 09:23:37.214 E/ActivityManager(  552):   0% 101/lmkd: 0% user + 0% kernel
05-22 09:23:37.214 E/ActivityManager(  552):   0% 102/servicemanager: 0% user + 0% kernel / faults: 73 minor
05-22 09:23:37.214 E/ActivityManager(  552):   0% 123/mediaserver: 0% user + 0% kernel / faults: 128 minor
05-22 09:23:37.214 E/ActivityManager(  552):   0% 197/gpu cpm service: 0% user + 0% kernel
05-22 09:23:37.214 E/ActivityManager(  552):   0% 328/ledservice: 0% user + 0% kernel / faults: 15 minor
05-22 09:23:37.214 E/ActivityManager(  552):   0% 437/kworker/u9:1: 0% user + 0% kernel
05-22 09:23:37.214 E/ActivityManager(  552):   0% 439/kworker/u9:2: 0% user + 0% kernel
05-22 09:23:37.214 E/ActivityManager(  552):   0% 1757/com.google.android.apps.mediashell:privileged_process0: 0% user + 0% kernel
05-22 09:23:37.214 E/ActivityManager(  552):   0% 3621/com.cellfishmedia.moods: 0% user + 0% kernel / faults: 385 minor 4 major
05-22 09:23:37.214 E/ActivityManager(  552):   0% 3871/fr.tf1.mytf1: 0% user + 0% kernel / faults: 69 minor
05-22 09:23:37.214 E/ActivityManager(  552):   0% 4022/fr.tfou.max: 0% user + 0% kernel / faults: 76 minor
05-22 09:23:37.214 E/ActivityManager(  552): 72% TOTAL: 62% user + 7.9% kernel + 1.9% iowait + 0.1% softirq
05-22 09:23:37.214 E/ActivityManager(  552): CPU usage from 3637ms to 4186ms later:
05-22 09:23:37.214 E/ActivityManager(  552):   155% 995/com.ifeelsmart.smartui: 125% user + 29% kernel / faults: 31 minor
05-22 09:23:37.214 E/ActivityManager(  552):     92% 3303/QtThread-184467: 70% user + 22% kernel
05-22 09:23:37.214 E/ActivityManager(  552):     59% 1540/QtThread-184467: 53% user + 5.5% kernel
05-22 09:23:37.214 E/ActivityManager(  552):   90% 1929/com.rtrk.comedia.service: 90% user + 0% kernel
05-22 09:23:37.214 E/ActivityManager(  552):     88% 1996/Thread-179: 88% user + 0% kernel
05-22 09:23:37.214 E/ActivityManager(  552):   12% 441/ampservice: 1.8% user + 11% kernel / faults: 72 minor
05-22 09:23:37.214 E/ActivityManager(  552):     5.5% 454/VPP_
05-22 09:23:37.216 I/ActivityManager(  552): Killing 3871:fr.tf1.mytf1/u0a54 (adj 9): bg anr
05-22 09:23:37.273 D/ActivityManager(  552): cleanUpApplicationRecord -- 3871
05-22 09:23:39.382 W/ActivityThread( 1673): ClassLoader.loadClass: The class loader returned by Thread.getContextClassLoader() may fail for processes that host multiple applications. You should explicitly specify a context class loader. For example: Thread.setContextClassLoader(getClass().getClassLoader());
05-22 09:23:42.094 I/cpusvc  (  460): [restore_max_freq] max freq gonna restore to: 1200000
05-22 09:23:42.170 W/ContextImpl(  995): Calling a method in the system process without a qualified user: android.app.ContextImpl.startService:1692 android.content.ContextWrapper.startService:516 <bottom of call stack> <bottom of call stack> <bottom of call stack> 
05-22 09:23:45.145 I/cpusvc  (  460): [reduce_max_freq] max freq gonna reduce to: 1000000
05-22 09:23:51.246 I/cpusvc  (  460): [restore_max_freq] max freq gonna restore to: 1200000
05-22 09:23:54.297 I/cpusvc  (  460): [reduce_max_freq] max freq gonna reduce to: 1000000
05-22 09:24:02.545 D/DefContainer(  968): Copying /data/data/fr.bouyguestelecom.agent.custo/cache/1526076536_temp.apk to base.apk
05-22 09:24:02.980 W/PackageManager(  552): Package fr.bouyguestelecom.bboxapi.rest signatures do not match the previously installed version; ignoring!
05-22 09:24:03.449 I/cpusvc  (  460): [restore_max_freq] max freq gonna restore to: 1200000
05-22 09:24:06.500 I/cpusvc  (  460): [reduce_max_freq] max freq gonna reduce to: 1000000
05-22 09:24:12.603 I/cpusvc  (  460): [restore_max_freq] max freq gonna restore to: 1200000
05-22 09:24:15.653 I/cpusvc  (  460): [reduce_max_freq] max freq gonna reduce to: 1000000
05-22 09:24:21.756 I/cpusvc  (  460): [restore_max_freq] max freq gonna restore to: 1200000
05-22 09:24:24.808 I/cpusvc  (  460): [reduce_max_freq] max freq gonna reduce to: 1000000
05-22 09:24:30.910 I/cpusvc  (  460): [restore_max_freq] max freq gonna restore to: 1200000
05-22 09:24:32.642 W/BroadcastQueue(  552): Timeout of broadcast BroadcastRecord{350ddaa0 u0 com.microsoft.azure.engagement.intent.action.AGENT_CREATED} - receiver=android.os.BinderProxy@7430659, started 60000ms ago
05-22 09:24:32.642 W/BroadcastQueue(  552): Receiver during timeout: ResolveInfo{54f021e fr.tfou.max/com.microsoft.azure.engagement.reach.EngagementReachReceiver m=0x108000}
05-22 09:24:33.960 I/cpusvc  (  460): [reduce_max_freq] max freq gonna reduce to: 1000000
05-22 09:24:35.429 W/ContextImpl( 1265): Calling a method in the system process without a qualified user: android.app.ContextImpl.startService:1692 android.content.ContextWrapper.startService:516 android.content.ContextWrapper.startService:516 fr.bouyguestelecom.tv.eligibility.risk.GlobalKeyReceiver$SettingSetupCompleteControl.startServiceStrike:109 fr.bouyguestelecom.tv.eligibility.risk.GlobalKeyReceiver$SettingSetupCompleteControl.checkSetupCompleted:80 
05-22 09:24:35.605 I/ActivityManager(  552): Start proc 4521:fr.bouyguestelecom.smartpatch/1000 for broadcast fr.bouyguestelecom.smartpatch/.Upgrade
05-22 09:24:37.777 W/ProcessCpuTracker(  552): Skipping unknown process pid 4558
05-22 09:24:39.266 E/ActivityManager(  552): ANR in fr.tfou.max
05-22 09:24:39.266 E/ActivityManager(  552): PID: 4022
05-22 09:24:39.266 E/ActivityManager(  552): Reason: Broadcast of Intent { act=com.microsoft.azure.engagement.intent.action.AGENT_CREATED flg=0x10 pkg=fr.tfou.max cmp=fr.tfou.max/com.microsoft.azure.engagement.reach.EngagementReachReceiver }
05-22 09:24:39.266 E/ActivityManager(  552): Load: 6.01 / 4.39 / 1.91
05-22 09:24:39.266 E/ActivityManager(  552): CPU usage from 397ms to -6588ms ago:
05-22 09:24:39.266 E/ActivityManager(  552):   95% 995/com.ifeelsmart.smartui: 77% user + 18% kernel / faults: 5737 minor 2 major
05-22 09:24:39.266 E/ActivityManager(  552):   79% 1929/com.rtrk.comedia.service: 75% user + 4% kernel / faults: 2626 minor 6 major
05-22 09:24:39.266 E/ActivityManager(  552):   48% 552/system_server: 26% user + 22% kernel / faults: 9414 minor 20 major
05-22 09:24:39.266 E/ActivityManager(  552):   8.8% 3948/com.google.android.gms: 6.6% user + 2.1% kernel / faults: 18168 minor 117 major
05-22 09:24:39.266 E/ActivityManager(  552):   20% 441/ampservice: 4.7% user + 15% kernel / faults: 566 minor 9 major
05-22 09:24:39.266 E/ActivityManager(  552):   14% 58/mmcqd/0: 0% user + 14% kernel
05-22 09:24:39.266 E/ActivityManager(  552):   1.4% 117/debuggerd: 0.2% user + 1.1% kernel / faults: 3364 minor
05-22 09:24:39.266 E/ActivityManager(  552):   4.3% 3927/com.google.android.gms.persistent: 2.9% user + 1.4% kernel / faults: 9510 minor 46 major
05-22 09:24:39.266 E/ActivityManager(  552):   11% 1076/insight.tr069.client: 7.7% user + 3.2% kernel / faults: 3764 minor
05-22 09:24:39.266 E/ActivityManager(  552):   0.5% 4078/com.google.android.gms.unstable: 0.3% user + 0.2% kernel / faults: 8388 minor 87 major
05-22 09:24:39.266 E/ActivityManager(  552):   0.5% 1053/com.android.phone: 0.3% user + 0.2% kernel / faults: 2512 minor
05-22 09:24:39.266 E/ActivityManager(  552):   5% 104/surfaceflinger: 2.1% user + 2.8% kernel / faults: 57 minor
05-22 09:24:39.266 E/ActivityManager(  552):   4.4% 39/kswapd0: 0% user + 4.4% kernel
05-22 09:24:39.266 E/ActivityManager(  552):   0.4% 701/com.android.systemui: 0.2% user + 0.2% kernel / faults: 1904 minor
05-22 09:24:39.266 E/ActivityManager(  552):   1% 4022/fr.tfou.max: 0.7% user + 0.3% kernel / faults: 2212 minor 3 major
05-22 09:24:39.266 E/ActivityManager(  552):   2.7% 681/fr.bouyguestelecom.tv.autodiag: 2.1% user + 0.5% kernel / faults: 744 minor 4 major
05-22 09:24:39.266 E/ActivityManager(  552):   0.9% 1013/fr.bouyguestelecom.agent.custo: 0.6% user + 0.3% kernel / faults: 1800 minor
05-22 09:24:39.266 E/ActivityManager(  552):   0.2% 1031/fr.bouyguestelecom.bboxapi: 0.2% user + 0% kernel / faults: 1474 minor
05-22 09:24:39.266 E/ActivityManager(  552):   1.8% 112/tvplayer_service: 1.1% user + 0.7% kernel / faults: 66 minor
05-22 09:24:39.266 E/ActivityManager(  552):   0.1% 1129/com.google.process.gapps: 0.1% user + 0% kernel / faults: 1516 minor 5 major
05-22 09:24:39.266 E/ActivityManager(  552):   1.4% 3335/com.spotify.tv.android: 0.4% user + 1% kernel / faults: 11 minor
05-22 09:24:39.266 E/ActivityManager(  552):   0.3% 101/lmkd: 0% user + 0.3% kernel / faults: 22 minor
05-22 09:24:39.266 E/ActivityManager(  552):   0.3% 123/mediaserver: 0.2% user + 0.1% kernel / faults: 351 minor 11 major
05-22 09:24:39.266 E/ActivityManager(  552):   0% 326/zygote: 0% user + 0% kernel / faults: 2136 minor 4 major
05-22 09:24:39.266 E/ActivityManager(  552):   0.7% 1673/fr.bouyguestelecom.tv.sml: 0.1% user + 0.5% kernel / faults: 1373 minor
05-22 09:24:39.266 E/ActivityManager(  552):   0.5% 87/jbd2/mmcblk0p13: 0% user + 0.5% kernel
05-22 09:24:39.266 E/ActivityManager(  552):   0.4% 6/kworker/u8:0: 0% user + 0.4% kernel
05-22 09:24:39.266 E/ActivityManager(  552):   0.4% 99/logd: 0.1% user + 0.2% kernel / faults: 35 minor
05-22 09:24:39.266 E/ActivityManager(  552):   0.4% 116/netd: 0.2% user + 0.1% kernel / faults: 114 minor
05-22 09:24:39.266 E/ActivityManager(  552):   0.4% 206/galcore daemon : 0% user + 0.4% kernel
05-22 09:24:39.266 E/ActivityManager(  552):   0.4% 207/galcore daemon : 0% user + 0.4% kernel
05-22 09:24:39.266 E/ActivityManager(  552):   0.4% 1171/fr.bouyguestelecom.tv.upnp: 0.1% user + 0.2% kernel / faults: 888 minor
05-22 09:24:39.266 E/ActivityManager(  552):   0.1% 8/rcu_preempt: 0% user + 0.1% kernel
05-22 09:24:39.266 E/ActivityManager(  552):   0% 12/ksoftirqd/1: 0% user + 0% kernel
05-22 09:24:39.266 E/ActivityManager(  552):   0% 16/ksoftirqd/2: 0% user + 0% kernel
05-22 09:24:39.266 E/ActivityManager(  552):   0.1% 69/kworker/0:1H: 0% user + 0.1% kernel
05-22 09:24:39.266 E/ActivityManager(  552):   0% 82/kworker/1:1H: 0% user + 0% kernel
05-22 09:24:39.266 E/ActivityManager(  552):   0.1% 96/av_settings: 0.1% user + 0% kernel / faults: 15 minor
05-22 09:24:39.266 E/ActivityManager(  552):   0% 102/servicemanager: 0% user + 0% kernel / faults: 40 minor
05-22 09:24:39.266 E/ActivityManager(  552):   0% 144/kworker/2:1H: 0% user + 0% kernel
05-22 09:24:39.266 E/ActivityManager(  552):   0% 197/gpu cpm service: 0% user + 0% kernel
05-22 09:24:39.266 E/ActivityManager(  552):   0% 328/ledservice: 0% user + 0% kernel / faults: 6 minor
05-22 09:24:39.266 E/ActivityManager(  552):   0% 329/adbd: 0% user + 0% kernel
05-22 09:24:39.266 E/ActivityManager(  552):   0% 1221/com.android.vending: 0% user + 0% kernel / faults: 484 minor 4 major
05-22 09:24:39.266 E/ActivityManager(  552):   0% 1265/fr.bouyguestelecom.tv.eligibility: 0% user + 0% kernel / faults: 1227 minor 6 major
05-22 09:24:39.266 E/ActivityManager(  552):   0.1% 1695/com.google.android.apps.mediashell: 0% user + 0.1% kernel / faults: 446 minor
05-22 09:24:39.266 E/ActivityManager(  552):   0% 1904/com.android.bluetooth: 0% user + 0% kernel / faults: 15 minor
05-22 09:24:39.266 E/ActivityManager(  552):   0.1% 2353/mdnsd: 0% user + 0.1% kernel / faults: 29 minor
05-22 09:24:39.266 E/ActivityManager(  552):   0% 3429/android.process.acore: 0% user + 0% kernel / faults: 625 minor
05-22 09:24:39.266 E/ActivityManager(  552):   0% 3836/fr.bouyguestelecom.tv.tutorial: 0% user + 0% kernel / faults: 990 minor 3 major
05-22 09:24:39.266 E/ActivityManager(  552):  +0% 4521/fr.bouyguestelecom.smartpatch: 0% user + 0% kernel
05-22 09:24:39.266 E/ActivityManager(  552):  +0% 4568/kworker/0:2: 0% user + 0% kernel
05-22 09:24:39.266 E/ActivityManager(  552): 95% TOTAL: 62% user + 29% kernel + 1.9% iowait + 1.5% softirq
05-22 09:24:39.266 E/ActivityManager(  552): CPU usage from 5133ms to 5710ms later:
05-22 09:24:39.266 E/ActivityManager(  552):   82% 1929/com.rtrk.comedia.service: 78% user + 3.5% kernel
05-22 09:24:39.266 E/ActivityManager(  552):     82% 1996/Thread-179: 80% user + 1.7% kernel
05-22 09:24:39.266 E/ActivityManager(  552):   76% 441/ampservice: 5.3% user + 71% kernel / fa
05-22 09:24:39.267 I/ActivityManager(  552): Killing 4022:fr.tfou.max/u0a67 (adj 11): bg anr
05-22 09:24:39.330 D/ActivityManager(  552): cleanUpApplicationRecord -- 4022
05-22 09:24:40.063 I/cpusvc  (  460): [restore_max_freq] max freq gonna restore to: 1200000
05-22 09:24:43.113 I/cpusvc  (  460): [reduce_max_freq] max freq gonna reduce to: 1000000
05-22 09:24:52.268 I/cpusvc  (  460): [restore_max_freq] max freq gonna restore to: 1200000
05-22 09:24:55.319 I/cpusvc  (  460): [reduce_max_freq] max freq gonna reduce to: 1000000
05-22 09:25:01.421 I/cpusvc  (  460): [restore_max_freq] max freq gonna restore to: 1200000
05-22 09:25:02.648 D/DefContainer(  968): Copying /data/data/fr.bouyguestelecom.agent.custo/cache/1178056333_temp.apk to base.apk
05-22 09:25:02.783 W/PackageManager(  552): Package fr.bouyguestelecom.tv.bachat signatures do not match the previously installed version; ignoring!
05-22 09:25:04.471 I/cpusvc  (  460): [reduce_max_freq] max freq gonna reduce to: 1000000
05-22 09:25:10.573 I/cpusvc  (  460): [restore_max_freq] max freq gonna restore to: 1200000
05-22 09:25:13.624 I/cpusvc  (  460): [reduce_max_freq] max freq gonna reduce to: 1000000
05-22 09:25:19.726 I/cpusvc  (  460): [restore_max_freq] max freq gonna restore to: 1200000
05-22 09:25:22.777 I/cpusvc  (  460): [reduce_max_freq] max freq gonna reduce to: 1000000
05-22 09:25:28.879 I/cpusvc  (  460): [restore_max_freq] max freq gonna restore to: 1200000
05-22 09:25:31.930 I/cpusvc  (  460): [reduce_max_freq] max freq gonna reduce to: 1000000
05-22 09:25:41.083 I/cpusvc  (  460): [restore_max_freq] max freq gonna restore to: 1200000
05-22 09:25:42.077 W/ContextImpl(  995): Calling a method in the system process without a qualified user: android.app.ContextImpl.startService:1692 android.content.ContextWrapper.startService:516 <bottom of call stack> <bottom of call stack> <bottom of call stack> 
05-22 09:25:44.134 I/cpusvc  (  460): [reduce_max_freq] max freq gonna reduce to: 1000000
05-22 09:25:50.236 I/cpusvc  (  460): [restore_max_freq] max freq gonna restore to: 1200000
05-22 09:25:53.287 I/cpusvc  (  460): [reduce_max_freq] max freq gonna reduce to: 1000000
05-22 09:25:59.389 I/cpusvc  (  460): [restore_max_freq] max freq gonna restore to: 1200000
05-22 09:26:02.439 I/cpusvc  (  460): [reduce_max_freq] max freq gonna reduce to: 1000000
05-22 09:26:02.873 D/DefContainer(  968): Copying /data/data/fr.bouyguestelecom.agent.custo/cache/1607524338_temp.apk to base.apk
05-22 09:26:03.566 W/PackageManager(  552): Package fr.tf1.mytf1.tv signatures do not match the previously installed version; ignoring!
05-22 09:26:08.541 I/cpusvc  (  460): [restore_max_freq] max freq gonna restore to: 1200000
05-22 09:26:11.592 I/cpusvc  (  460): [reduce_max_freq] max freq gonna reduce to: 1000000
05-22 09:26:17.694 I/cpusvc  (  460): [restore_max_freq] max freq gonna restore to: 1200000
05-22 09:26:20.745 I/cpusvc  (  460): [reduce_max_freq] max freq gonna reduce to: 1000000
05-22 09:26:29.898 I/cpusvc  (  460): [restore_max_freq] max freq gonna restore to: 1200000
05-22 09:26:32.948 I/cpusvc  (  460): [reduce_max_freq] max freq gonna reduce to: 1000000
05-22 09:26:39.050 I/cpusvc  (  460): [restore_max_freq] max freq gonna restore to: 1200000
05-22 09:26:42.101 I/cpusvc  (  460): [reduce_max_freq] max freq gonna reduce to: 1000000
05-22 09:26:48.203 I/cpusvc  (  460): [restore_max_freq] max freq gonna restore to: 1200000
05-22 09:26:51.253 I/cpusvc  (  460): [reduce_max_freq] max freq gonna reduce to: 1000000
05-22 09:26:57.355 I/cpusvc  (  460): [restore_max_freq] max freq gonna restore to: 1200000
05-22 09:27:00.406 I/cpusvc  (  460): [reduce_max_freq] max freq gonna reduce to: 1000000
05-22 09:27:02.864 D/DefContainer(  968): Copying /data/data/fr.bouyguestelecom.agent.custo/cache/869432989_temp.apk to base.apk
05-22 09:27:05.475 W/PackageManager(  552): Package fr.tf1.mytf1 signatures do not match the previously installed version; ignoring!
05-22 09:27:06.509 I/cpusvc  (  460): [restore_max_freq] max freq gonna restore to: 1200000
05-22 09:27:09.560 I/cpusvc  (  460): [reduce_max_freq] max freq gonna reduce to: 1000000
05-22 09:27:18.713 I/cpusvc  (  460): [restore_max_freq] max freq gonna restore to: 1200000
05-22 09:27:21.764 I/cpusvc  (  460): [reduce_max_freq] max freq gonna reduce to: 1000000
05-22 09:27:27.866 I/cpusvc  (  460): [restore_max_freq] max freq gonna restore to: 1200000
05-22 09:27:30.917 I/cpusvc  (  460): [reduce_max_freq] max freq gonna reduce to: 1000000
05-22 09:27:37.019 I/cpusvc  (  460): [restore_max_freq] max freq gonna restore to: 1200000
05-22 09:27:40.069 I/cpusvc  (  460): [reduce_max_freq] max freq gonna reduce to: 1000000
05-22 09:27:46.171 I/cpusvc  (  460): [restore_max_freq] max freq gonna restore to: 1200000
05-22 09:27:49.222 I/cpusvc  (  460): [reduce_max_freq] max freq gonna reduce to: 1000000
05-22 09:27:55.324 I/cpusvc  (  460): [restore_max_freq] max freq gonna restore to: 1200000
05-22 09:27:58.375 I/cpusvc  (  460): [reduce_max_freq] max freq gonna reduce to: 1000000
05-22 09:28:07.528 I/cpusvc  (  460): [restore_max_freq] max freq gonna restore to: 1200000
05-22 09:28:10.578 I/cpusvc  (  460): [reduce_max_freq] max freq gonna reduce to: 1000000
05-22 09:28:16.680 I/cpusvc  (  460): [restore_max_freq] max freq gonna restore to: 1200000
05-22 09:28:19.731 I/cpusvc  (  460): [reduce_max_freq] max freq gonna reduce to: 1000000
05-22 09:28:25.833 I/cpusvc  (  460): [restore_max_freq] max freq gonna restore to: 1200000
05-22 09:28:28.884 I/cpusvc  (  460): [reduce_max_freq] max freq gonna reduce to: 1000000
05-22 09:28:34.986 I/cpusvc  (  460): [restore_max_freq] max freq gonna restore to: 1200000
05-22 09:28:38.036 I/cpusvc  (  460): [reduce_max_freq] max freq gonna reduce to: 1000000
05-22 09:28:44.138 I/cpusvc  (  460): [restore_max_freq] max freq gonna restore to: 1200000
05-22 09:28:47.189 I/cpusvc  (  460): [reduce_max_freq] max freq gonna reduce to: 1000000
05-22 09:28:52.184 W/ContextImpl(  995): Calling a method in the system process without a qualified user: android.app.ContextImpl.startService:1692 android.content.ContextWrapper.startService:516 <bottom of call stack> <bottom of call stack> <bottom of call stack> 
05-22 09:28:56.341 I/cpusvc  (  460): [restore_max_freq] max freq gonna restore to: 1200000
05-22 09:28:59.392 I/cpusvc  (  460): [reduce_max_freq] max freq gonna reduce to: 1000000
05-22 09:29:05.493 I/cpusvc  (  460): [restore_max_freq] max freq gonna restore to: 1200000
05-22 09:29:08.544 I/cpusvc  (  460): [reduce_max_freq] max freq gonna reduce to: 1000000
05-22 09:29:14.646 I/cpusvc  (  460): [restore_max_freq] max freq gonna restore to: 1200000
05-22 09:29:17.697 I/cpusvc  (  460): [reduce_max_freq] max freq gonna reduce to: 1000000
05-22 09:29:23.799 I/cpusvc  (  460): [restore_max_freq] max freq gonna restore to: 1200000
05-22 09:29:26.850 I/cpusvc  (  460): [reduce_max_freq] max freq gonna reduce to: 1000000
05-22 09:29:32.951 I/cpusvc  (  460): [restore_max_freq] max freq gonna restore to: 1200000
05-22 09:29:36.002 I/cpusvc  (  460): [reduce_max_freq] max freq gonna reduce to: 1000000
05-22 09:29:45.155 I/cpusvc  (  460): [restore_max_freq] max freq gonna restore to: 1200000
05-22 09:29:48.206 I/cpusvc  (  460): [reduce_max_freq] max freq gonna reduce to: 1000000
05-22 09:29:54.308 I/cpusvc  (  460): [restore_max_freq] max freq gonna restore to: 1200000
05-22 09:29:57.359 I/cpusvc  (  460): [reduce_max_freq] max freq gonna reduce to: 1000000
05-22 09:30:03.462 I/cpusvc  (  460): [restore_max_freq] max freq gonna restore to: 1200000
05-22 09:30:06.512 I/cpusvc  (  460): [reduce_max_freq] max freq gonna reduce to: 1000000
05-22 09:30:12.614 I/cpusvc  (  460): [restore_max_freq] max freq gonna restore to: 1200000
05-22 09:30:15.665 I/cpusvc  (  460): [reduce_max_freq] max freq gonna reduce to: 1000000
05-22 09:30:21.768 I/cpusvc  (  460): [restore_max_freq] max freq gonna restore to: 1200000
05-22 09:30:24.818 I/cpusvc  (  460): [reduce_max_freq] max freq gonna reduce to: 1000000
05-22 09:30:26.278 W/ContextImpl(  995): Calling a method in the system process without a qualified user: android.app.ContextImpl.sendBroadcast:1327 android.content.ContextWrapper.sendBroadcast:377 <bottom of call stack> <bottom of call stack> <bottom of call stack> 
05-22 09:30:33.971 I/cpusvc  (  460): [restore_max_freq] max freq gonna restore to: 1200000
05-22 09:30:37.021 I/cpusvc  (  460): [reduce_max_freq] max freq gonna reduce to: 1000000
05-22 09:30:43.124 I/cpusvc  (  460): [restore_max_freq] max freq gonna restore to: 1200000
05-22 09:30:46.174 I/cpusvc  (  460): [reduce_max_freq] max freq gonna reduce to: 1000000
05-22 09:30:52.276 I/cpusvc  (  460): [restore_max_freq] max freq gonna restore to: 1200000
05-22 09:30:55.327 I/cpusvc  (  460): [reduce_max_freq] max freq gonna reduce to: 1000000
05-22 09:31:01.429 I/cpusvc  (  460): [restore_max_freq] max freq gonna restore to: 1200000
05-22 09:31:04.479 I/cpusvc  (  460): [reduce_max_freq] max freq gonna reduce to: 1000000
05-22 09:31:10.581 I/cpusvc  (  460): [restore_max_freq] max freq gonna restore to: 1200000
05-22 09:31:13.632 I/cpusvc  (  460): [reduce_max_freq] max freq gonna reduce to: 1000000
05-22 09:31:22.784 I/cpusvc  (  460): [restore_max_freq] max freq gonna restore to: 1200000
05-22 09:31:25.835 I/cpusvc  (  460): [reduce_max_freq] max freq gonna reduce to: 1000000
05-22 09:31:31.936 I/cpusvc  (  460): [restore_max_freq] max freq gonna restore to: 1200000
05-22 09:31:34.987 I/cpusvc  (  460): [reduce_max_freq] max freq gonna reduce to: 1000000
05-22 09:31:41.089 I/cpusvc  (  460): [restore_max_freq] max freq gonna restore to: 1200000
05-22 09:31:44.140 I/cpusvc  (  460): [reduce_max_freq] max freq gonna reduce to: 1000000
05-22 09:31:50.242 I/cpusvc  (  460): [restore_max_freq] max freq gonna restore to: 1200000
05-22 09:31:53.293 I/cpusvc  (  460): [reduce_max_freq] max freq gonna reduce to: 1000000
05-22 09:31:59.394 I/cpusvc  (  460): [restore_max_freq] max freq gonna restore to: 1200000
05-22 09:32:02.445 I/cpusvc  (  460): [reduce_max_freq] max freq gonna reduce to: 1000000
05-22 09:32:11.598 I/cpusvc  (  460): [restore_max_freq] max freq gonna restore to: 1200000
05-22 09:32:14.649 I/cpusvc  (  460): [reduce_max_freq] max freq gonna reduce to: 1000000
05-22 09:32:20.751 I/cpusvc  (  460): [restore_max_freq] max freq gonna restore to: 1200000
05-22 09:32:23.802 I/cpusvc  (  460): [reduce_max_freq] max freq gonna reduce to: 1000000
05-22 09:32:29.903 I/cpusvc  (  460): [restore_max_freq] max freq gonna restore to: 1200000
05-22 09:32:32.954 I/cpusvc  (  460): [reduce_max_freq] max freq gonna reduce to: 1000000
05-22 09:32:39.056 I/cpusvc  (  460): [restore_max_freq] max freq gonna restore to: 1200000
05-22 09:32:42.106 I/cpusvc  (  460): [reduce_max_freq] max freq gonna reduce to: 1000000
05-22 09:32:48.208 I/cpusvc  (  460): [restore_max_freq] max freq gonna restore to: 1200000
05-22 09:32:51.259 I/cpusvc  (  460): [reduce_max_freq] max freq gonna reduce to: 1000000
05-22 09:33:00.411 I/cpusvc  (  460): [restore_max_freq] max freq gonna restore to: 1200000
05-22 09:33:02.183 W/ContextImpl(  995): Calling a method in the system process without a qualified user: android.app.ContextImpl.startService:1692 android.content.ContextWrapper.startService:516 <bottom of call stack> <bottom of call stack> <bottom of call stack> 
05-22 09:33:03.462 I/cpusvc  (  460): [reduce_max_freq] max freq gonna reduce to: 1000000
05-22 09:33:09.564 I/cpusvc  (  460): [restore_max_freq] max freq gonna restore to: 1200000
05-22 09:33:12.615 I/cpusvc  (  460): [reduce_max_freq] max freq gonna reduce to: 1000000
05-22 09:33:18.717 I/cpusvc  (  460): [restore_max_freq] max freq gonna restore to: 1200000
05-22 09:33:21.767 I/cpusvc  (  460): [reduce_max_freq] max freq gonna reduce to: 1000000
05-22 09:33:27.869 I/cpusvc  (  460): [restore_max_freq] max freq gonna restore to: 1200000
05-22 09:33:30.920 I/cpusvc  (  460): [reduce_max_freq] max freq gonna reduce to: 1000000
05-22 09:33:37.022 I/cpusvc  (  460): [restore_max_freq] max freq gonna restore to: 1200000
05-22 09:33:40.072 I/cpusvc  (  460): [reduce_max_freq] max freq gonna reduce to: 1000000
05-22 09:33:49.225 I/cpusvc  (  460): [restore_max_freq] max freq gonna restore to: 1200000
05-22 09:33:52.275 I/cpusvc  (  460): [reduce_max_freq] max freq gonna reduce to: 1000000
05-22 09:33:58.377 I/cpusvc  (  460): [restore_max_freq] max freq gonna restore to: 1200000
05-22 09:34:01.428 I/cpusvc  (  460): [reduce_max_freq] max freq gonna reduce to: 1000000
05-22 09:34:07.530 I/cpusvc  (  460): [restore_max_freq] max freq gonna restore to: 1200000
05-22 09:34:10.581 I/cpusvc  (  460): [reduce_max_freq] max freq gonna reduce to: 1000000
05-22 09:34:16.682 I/cpusvc  (  460): [restore_max_freq] max freq gonna restore to: 1200000
05-22 09:34:19.733 I/cpusvc  (  460): [reduce_max_freq] max freq gonna reduce to: 1000000
05-22 09:34:25.835 I/cpusvc  (  460): [restore_max_freq] max freq gonna restore to: 1200000
05-22 09:34:28.885 I/cpusvc  (  460): [reduce_max_freq] max freq gonna reduce to: 1000000
05-22 09:34:34.987 I/cpusvc  (  460): [restore_max_freq] max freq gonna restore to: 1200000
05-22 09:34:38.038 I/cpusvc  (  460): [reduce_max_freq] max freq gonna reduce to: 1000000
05-22 09:34:47.192 I/cpusvc  (  460): [restore_max_freq] max freq gonna restore to: 1200000
05-22 09:34:50.242 I/cpusvc  (  460): [reduce_max_freq] max freq gonna reduce to: 1000000
05-22 09:34:56.344 I/cpusvc  (  460): [restore_max_freq] max freq gonna restore to: 1200000
05-22 09:34:59.395 I/cpusvc  (  460): [reduce_max_freq] max freq gonna reduce to: 1000000
05-22 09:35:05.497 I/cpusvc  (  460): [restore_max_freq] max freq gonna restore to: 1200000
05-22 09:35:08.548 I/cpusvc  (  460): [reduce_max_freq] max freq gonna reduce to: 1000000
05-22 09:35:14.649 I/cpusvc  (  460): [restore_max_freq] max freq gonna restore to: 1200000
05-22 09:35:17.700 I/cpusvc  (  460): [reduce_max_freq] max freq gonna reduce to: 1000000
05-22 09:35:23.803 I/cpusvc  (  460): [restore_max_freq] max freq gonna restore to: 1200000
05-22 09:35:26.853 I/cpusvc  (  460): [reduce_max_freq] max freq gonna reduce to: 1000000
05-22 09:35:36.006 I/cpusvc  (  460): [restore_max_freq] max freq gonna restore to: 1200000
05-22 09:35:39.057 I/cpusvc  (  460): [reduce_max_freq] max freq gonna reduce to: 1000000
05-22 09:35:45.159 I/cpusvc  (  460): [restore_max_freq] max freq gonna restore to: 1200000
05-22 09:35:48.209 I/cpusvc  (  460): [reduce_max_freq] max freq gonna reduce to: 1000000
05-22 09:35:54.311 I/cpusvc  (  460): [restore_max_freq] max freq gonna restore to: 1200000
05-22 09:35:57.362 I/cpusvc  (  460): [reduce_max_freq] max freq gonna reduce to: 1000000
05-22 09:36:03.464 I/cpusvc  (  460): [restore_max_freq] max freq gonna restore to: 1200000
05-22 09:36:06.514 I/cpusvc  (  460): [reduce_max_freq] max freq gonna reduce to: 1000000
05-22 09:36:12.616 I/cpusvc  (  460): [restore_max_freq] max freq gonna restore to: 1200000
05-22 09:36:15.667 I/cpusvc  (  460): [reduce_max_freq] max freq gonna reduce to: 1000000
05-22 09:36:24.819 I/cpusvc  (  460): [restore_max_freq] max freq gonna restore to: 1200000
05-22 09:36:27.870 I/cpusvc  (  460): [reduce_max_freq] max freq gonna reduce to: 1000000
05-22 09:36:33.972 I/cpusvc  (  460): [restore_max_freq] max freq gonna restore to: 1200000
05-22 09:36:37.022 I/cpusvc  (  460): [reduce_max_freq] max freq gonna reduce to: 1000000
05-22 09:36:43.124 I/cpusvc  (  460): [restore_max_freq] max freq gonna restore to: 1200000
05-22 09:36:46.175 I/cpusvc  (  460): [reduce_max_freq] max freq gonna reduce to: 1000000
05-22 09:36:52.277 I/cpusvc  (  460): [restore_max_freq] max freq gonna restore to: 1200000
05-22 09:36:55.328 I/cpusvc  (  460): [reduce_max_freq] max freq gonna reduce to: 1000000
05-22 09:37:01.429 I/cpusvc  (  460): [restore_max_freq] max freq gonna restore to: 1200000
05-22 09:37:04.480 I/cpusvc  (  460): [reduce_max_freq] max freq gonna reduce to: 1000000
05-22 09:37:13.632 I/cpusvc  (  460): [restore_max_freq] max freq gonna restore to: 1200000
05-22 09:37:16.683 I/cpusvc  (  460): [reduce_max_freq] max freq gonna reduce to: 1000000
05-22 09:37:22.786 I/cpusvc  (  460): [restore_max_freq] max freq gonna restore to: 1200000
05-22 09:37:25.836 I/cpusvc  (  460): [reduce_max_freq] max freq gonna reduce to: 1000000
05-22 09:37:31.938 I/cpusvc  (  460): [restore_max_freq] max freq gonna restore to: 1200000
05-22 09:37:34.989 I/cpusvc  (  460): [reduce_max_freq] max freq gonna reduce to: 1000000
05-22 09:37:41.091 I/cpusvc  (  460): [restore_max_freq] max freq gonna restore to: 1200000
05-22 09:37:44.142 I/cpusvc  (  460): [reduce_max_freq] max freq gonna reduce to: 1000000
05-22 09:37:50.243 I/cpusvc  (  460): [restore_max_freq] max freq gonna restore to: 1200000
05-22 09:37:53.294 I/cpusvc  (  460): [reduce_max_freq] max freq gonna reduce to: 1000000
05-22 09:38:02.078 W/ContextImpl(  995): Calling a method in the system process without a qualified user: android.app.ContextImpl.startService:1692 android.content.ContextWrapper.startService:516 <bottom of call stack> <bottom of call stack> <bottom of call stack> 
05-22 09:38:02.447 I/cpusvc  (  460): [restore_max_freq] max freq gonna restore to: 1200000
05-22 09:38:05.498 I/cpusvc  (  460): [reduce_max_freq] max freq gonna reduce to: 1000000
05-22 09:38:11.599 I/cpusvc  (  460): [restore_max_freq] max freq gonna restore to: 1200000
05-22 09:38:14.650 I/cpusvc  (  460): [reduce_max_freq] max freq gonna reduce to: 1000000
05-22 09:38:20.752 I/cpusvc  (  460): [restore_max_freq] max freq gonna restore to: 1200000
05-22 09:38:23.803 I/cpusvc  (  460): [reduce_max_freq] max freq gonna reduce to: 1000000
05-22 09:38:29.906 I/cpusvc  (  460): [restore_max_freq] max freq gonna restore to: 1200000
05-22 09:38:32.957 I/cpusvc  (  460): [reduce_max_freq] max freq gonna reduce to: 1000000
05-22 09:38:39.058 I/cpusvc  (  460): [restore_max_freq] max freq gonna restore to: 1200000
05-22 09:38:42.109 I/cpusvc  (  460): [reduce_max_freq] max freq gonna reduce to: 1000000
05-22 09:38:51.261 I/cpusvc  (  460): [restore_max_freq] max freq gonna restore to: 1200000
05-22 09:38:54.312 I/cpusvc  (  460): [reduce_max_freq] max freq gonna reduce to: 1000000
05-22 09:39:00.414 I/cpusvc  (  460): [restore_max_freq] max freq gonna restore to: 1200000
05-22 09:39:03.465 I/cpusvc  (  460): [reduce_max_freq] max freq gonna reduce to: 1000000
05-22 09:39:09.567 I/cpusvc  (  460): [restore_max_freq] max freq gonna restore to: 1200000
05-22 09:39:12.617 I/cpusvc  (  460): [reduce_max_freq] max freq gonna reduce to: 1000000
05-22 09:39:18.719 I/cpusvc  (  460): [restore_max_freq] max freq gonna restore to: 1200000
05-22 09:39:21.770 I/cpusvc  (  460): [reduce_max_freq] max freq gonna reduce to: 1000000
05-22 09:39:27.871 I/cpusvc  (  460): [restore_max_freq] max freq gonna restore to: 1200000
05-22 09:39:30.922 I/cpusvc  (  460): [reduce_max_freq] max freq gonna reduce to: 1000000
05-22 09:39:40.075 I/cpusvc  (  460): [restore_max_freq] max freq gonna restore to: 1200000
05-22 09:39:43.127 I/cpusvc  (  460): [reduce_max_freq] max freq gonna reduce to: 1000000
05-22 09:39:49.228 I/cpusvc  (  460): [restore_max_freq] max freq gonna restore to: 1200000
05-22 09:39:52.279 I/cpusvc  (  460): [reduce_max_freq] max freq gonna reduce to: 1000000
05-22 09:39:58.381 I/cpusvc  (  460): [restore_max_freq] max freq gonna restore to: 1200000
05-22 09:40:01.431 I/cpusvc  (  460): [reduce_max_freq] max freq gonna reduce to: 1000000
05-22 09:40:07.533 I/cpusvc  (  460): [restore_max_freq] max freq gonna restore to: 1200000
05-22 09:40:10.583 I/cpusvc  (  460): [reduce_max_freq] max freq gonna reduce to: 1000000
05-22 09:40:16.685 I/cpusvc  (  460): [restore_max_freq] max freq gonna restore to: 1200000
05-22 09:40:19.736 I/cpusvc  (  460): [reduce_max_freq] max freq gonna reduce to: 1000000
05-22 09:40:25.838 I/cpusvc  (  460): [restore_max_freq] max freq gonna restore to: 1200000
05-22 09:40:28.889 I/cpusvc  (  460): [reduce_max_freq] max freq gonna reduce to: 1000000
05-22 09:40:38.042 I/cpusvc  (  460): [restore_max_freq] max freq gonna restore to: 1200000
05-22 09:40:41.092 I/cpusvc  (  460): [reduce_max_freq] max freq gonna reduce to: 1000000
05-22 09:40:47.194 I/cpusvc  (  460): [restore_max_freq] max freq gonna restore to: 1200000
05-22 09:40:49.138 I/UsageStatsService(  552): User[0] Flushing usage stats to disk
05-22 09:40:50.245 I/cpusvc  (  460): [reduce_max_freq] max freq gonna reduce to: 1000000
05-22 09:40:56.347 I/cpusvc  (  460): [restore_max_freq] max freq gonna restore to: 1200000
05-22 09:40:59.397 I/cpusvc  (  460): [reduce_max_freq] max freq gonna reduce to: 1000000
05-22 09:41:05.499 I/cpusvc  (  460): [restore_max_freq] max freq gonna restore to: 1200000
05-22 09:41:08.550 I/cpusvc  (  460): [reduce_max_freq] max freq gonna reduce to: 1000000
05-22 09:41:14.652 I/cpusvc  (  460): [restore_max_freq] max freq gonna restore to: 1200000
05-22 09:41:17.703 I/cpusvc  (  460): [reduce_max_freq] max freq gonna reduce to: 1000000
05-22 09:41:26.856 I/cpusvc  (  460): [restore_max_freq] max freq gonna restore to: 1200000
05-22 09:41:29.906 I/cpusvc  (  460): [reduce_max_freq] max freq gonna reduce to: 1000000
05-22 09:41:36.009 I/cpusvc  (  460): [restore_max_freq] max freq gonna restore to: 1200000
05-22 09:41:39.060 I/cpusvc  (  460): [reduce_max_freq] max freq gonna reduce to: 1000000
05-22 09:41:45.162 I/cpusvc  (  460): [restore_max_freq] max freq gonna restore to: 1200000
05-22 09:41:48.213 I/cpusvc  (  460): [reduce_max_freq] max freq gonna reduce to: 1000000
05-22 09:41:54.315 I/cpusvc  (  460): [restore_max_freq] max freq gonna restore to: 1200000
05-22 09:41:57.365 I/cpusvc  (  460): [reduce_max_freq] max freq gonna reduce to: 1000000
05-22 09:42:03.467 I/cpusvc  (  460): [restore_max_freq] max freq gonna restore to: 1200000
05-22 09:42:06.518 I/cpusvc  (  460): [reduce_max_freq] max freq gonna reduce to: 1000000
05-22 09:42:15.671 I/cpusvc  (  460): [restore_max_freq] max freq gonna restore to: 1200000
05-22 09:42:18.722 I/cpusvc  (  460): [reduce_max_freq] max freq gonna reduce to: 1000000
05-22 09:42:24.824 I/cpusvc  (  460): [restore_max_freq] max freq gonna restore to: 1200000
05-22 09:42:27.874 I/cpusvc  (  460): [reduce_max_freq] max freq gonna reduce to: 1000000
05-22 09:42:33.976 I/cpusvc  (  460): [restore_max_freq] max freq gonna restore to: 1200000
05-22 09:42:37.026 I/cpusvc  (  460): [reduce_max_freq] max freq gonna reduce to: 1000000
05-22 09:42:43.128 I/cpusvc  (  460): [restore_max_freq] max freq gonna restore to: 1200000
05-22 09:42:46.179 I/cpusvc  (  460): [reduce_max_freq] max freq gonna reduce to: 1000000
05-22 09:42:52.281 I/cpusvc  (  460): [restore_max_freq] max freq gonna restore to: 1200000
05-22 09:42:55.332 I/cpusvc  (  460): [reduce_max_freq] max freq gonna reduce to: 1000000
05-22 09:43:04.485 I/cpusvc  (  460): [restore_max_freq] max freq gonna restore to: 1200000
05-22 09:43:07.536 I/cpusvc  (  460): [reduce_max_freq] max freq gonna reduce to: 1000000
05-22 09:43:13.638 I/cpusvc  (  460): [restore_max_freq] max freq gonna restore to: 1200000
05-22 09:43:16.689 I/cpusvc  (  460): [reduce_max_freq] max freq gonna reduce to: 1000000
05-22 09:43:22.790 I/cpusvc  (  460): [restore_max_freq] max freq gonna restore to: 1200000
05-22 09:43:25.843 I/cpusvc  (  460): [reduce_max_freq] max freq gonna reduce to: 1000000
05-22 09:43:31.945 I/cpusvc  (  460): [restore_max_freq] max freq gonna restore to: 1200000
05-22 09:43:34.997 I/cpusvc  (  460): [reduce_max_freq] max freq gonna reduce to: 1000000
05-22 09:43:41.099 I/cpusvc  (  460): [restore_max_freq] max freq gonna restore to: 1200000
05-22 09:43:44.149 I/cpusvc  (  460): [reduce_max_freq] max freq gonna reduce to: 1000000
