05-22 11:07:47.215 I/cpusvc  (  460): [restore_max_freq] max freq gonna restore to: 1200000
05-22 11:07:50.266 I/cpusvc  (  460): [reduce_max_freq] max freq gonna reduce to: 1000000
05-22 11:07:59.418 I/cpusvc  (  460): [restore_max_freq] max freq gonna restore to: 1200000
05-22 11:08:02.469 I/cpusvc  (  460): [reduce_max_freq] max freq gonna reduce to: 1000000
05-22 11:08:08.571 I/cpusvc  (  460): [restore_max_freq] max freq gonna restore to: 1200000
05-22 11:08:11.622 I/cpusvc  (  460): [reduce_max_freq] max freq gonna reduce to: 1000000
05-22 11:08:17.724 I/cpusvc  (  460): [restore_max_freq] max freq gonna restore to: 1200000
05-22 11:08:20.774 I/cpusvc  (  460): [reduce_max_freq] max freq gonna reduce to: 1000000
05-22 11:08:26.876 I/cpusvc  (  460): [restore_max_freq] max freq gonna restore to: 1200000
05-22 11:08:29.927 I/cpusvc  (  460): [reduce_max_freq] max freq gonna reduce to: 1000000
05-22 11:08:36.028 I/cpusvc  (  460): [restore_max_freq] max freq gonna restore to: 1200000
05-22 11:08:39.079 I/cpusvc  (  460): [reduce_max_freq] max freq gonna reduce to: 1000000
05-22 11:08:48.232 I/cpusvc  (  460): [restore_max_freq] max freq gonna restore to: 1200000
05-22 11:08:51.282 I/cpusvc  (  460): [reduce_max_freq] max freq gonna reduce to: 1000000
05-22 11:08:57.384 I/cpusvc  (  460): [restore_max_freq] max freq gonna restore to: 1200000
05-22 11:09:00.435 I/cpusvc  (  460): [reduce_max_freq] max freq gonna reduce to: 1000000
05-22 11:09:06.536 I/cpusvc  (  460): [restore_max_freq] max freq gonna restore to: 1200000
05-22 11:09:09.587 I/cpusvc  (  460): [reduce_max_freq] max freq gonna reduce to: 1000000
05-22 11:09:15.689 I/cpusvc  (  460): [restore_max_freq] max freq gonna restore to: 1200000
05-22 11:09:18.740 I/cpusvc  (  460): [reduce_max_freq] max freq gonna reduce to: 1000000
05-22 11:09:24.841 I/cpusvc  (  460): [restore_max_freq] max freq gonna restore to: 1200000
05-22 11:09:27.892 I/cpusvc  (  460): [reduce_max_freq] max freq gonna reduce to: 1000000
05-22 11:09:37.044 I/cpusvc  (  460): [restore_max_freq] max freq gonna restore to: 1200000
05-22 11:09:40.095 I/cpusvc  (  460): [reduce_max_freq] max freq gonna reduce to: 1000000
05-22 11:09:46.197 I/cpusvc  (  460): [restore_max_freq] max freq gonna restore to: 1200000
05-22 11:09:49.248 I/cpusvc  (  460): [reduce_max_freq] max freq gonna reduce to: 1000000
05-22 11:09:55.350 I/cpusvc  (  460): [restore_max_freq] max freq gonna restore to: 1200000
05-22 11:09:58.401 I/cpusvc  (  460): [reduce_max_freq] max freq gonna reduce to: 1000000
05-22 11:10:04.502 I/cpusvc  (  460): [restore_max_freq] max freq gonna restore to: 1200000
05-22 11:10:07.553 I/cpusvc  (  460): [reduce_max_freq] max freq gonna reduce to: 1000000
05-22 11:10:13.655 I/cpusvc  (  460): [restore_max_freq] max freq gonna restore to: 1200000
05-22 11:10:16.706 I/cpusvc  (  460): [reduce_max_freq] max freq gonna reduce to: 1000000
05-22 11:10:25.858 I/cpusvc  (  460): [restore_max_freq] max freq gonna restore to: 1200000
05-22 11:10:28.909 I/cpusvc  (  460): [reduce_max_freq] max freq gonna reduce to: 1000000
05-22 11:10:35.010 I/cpusvc  (  460): [restore_max_freq] max freq gonna restore to: 1200000
05-22 11:10:38.061 I/cpusvc  (  460): [reduce_max_freq] max freq gonna reduce to: 1000000
05-22 11:10:44.163 I/cpusvc  (  460): [restore_max_freq] max freq gonna restore to: 1200000
05-22 11:10:47.214 I/cpusvc  (  460): [reduce_max_freq] max freq gonna reduce to: 1000000
05-22 11:10:53.316 I/cpusvc  (  460): [restore_max_freq] max freq gonna restore to: 1200000
05-22 11:10:56.366 I/cpusvc  (  460): [reduce_max_freq] max freq gonna reduce to: 1000000
05-22 11:11:02.468 I/cpusvc  (  460): [restore_max_freq] max freq gonna restore to: 1200000
05-22 11:11:05.519 I/cpusvc  (  460): [reduce_max_freq] max freq gonna reduce to: 1000000
05-22 11:11:11.620 I/cpusvc  (  460): [restore_max_freq] max freq gonna restore to: 1200000
05-22 11:11:14.671 I/cpusvc  (  460): [reduce_max_freq] max freq gonna reduce to: 1000000
05-22 11:11:23.824 I/cpusvc  (  460): [restore_max_freq] max freq gonna restore to: 1200000
05-22 11:11:26.875 I/cpusvc  (  460): [reduce_max_freq] max freq gonna reduce to: 1000000
05-22 11:11:32.977 I/cpusvc  (  460): [restore_max_freq] max freq gonna restore to: 1200000
05-22 11:11:36.027 I/cpusvc  (  460): [reduce_max_freq] max freq gonna reduce to: 1000000
05-22 11:11:42.129 I/cpusvc  (  460): [restore_max_freq] max freq gonna restore to: 1200000
05-22 11:11:45.180 I/cpusvc  (  460): [reduce_max_freq] max freq gonna reduce to: 1000000
05-22 11:11:51.282 I/cpusvc  (  460): [restore_max_freq] max freq gonna restore to: 1200000
05-22 11:11:54.332 I/cpusvc  (  460): [reduce_max_freq] max freq gonna reduce to: 1000000
05-22 11:12:00.434 I/cpusvc  (  460): [restore_max_freq] max freq gonna restore to: 1200000
05-22 11:12:03.485 I/cpusvc  (  460): [reduce_max_freq] max freq gonna reduce to: 1000000
05-22 11:12:12.637 I/cpusvc  (  460): [restore_max_freq] max freq gonna restore to: 1200000
05-22 11:12:15.688 I/cpusvc  (  460): [reduce_max_freq] max freq gonna reduce to: 1000000
05-22 11:12:21.790 I/cpusvc  (  460): [restore_max_freq] max freq gonna restore to: 1200000
05-22 11:12:24.841 I/cpusvc  (  460): [reduce_max_freq] max freq gonna reduce to: 1000000
05-22 11:12:30.943 I/cpusvc  (  460): [restore_max_freq] max freq gonna restore to: 1200000
05-22 11:12:33.994 I/cpusvc  (  460): [reduce_max_freq] max freq gonna reduce to: 1000000
05-22 11:12:40.095 I/cpusvc  (  460): [restore_max_freq] max freq gonna restore to: 1200000
05-22 11:12:43.146 I/cpusvc  (  460): [reduce_max_freq] max freq gonna reduce to: 1000000
05-22 11:12:49.249 I/cpusvc  (  460): [restore_max_freq] max freq gonna restore to: 1200000
05-22 11:12:52.299 I/cpusvc  (  460): [reduce_max_freq] max freq gonna reduce to: 1000000
05-22 11:13:01.452 I/cpusvc  (  460): [restore_max_freq] max freq gonna restore to: 1200000
05-22 11:13:04.503 I/cpusvc  (  460): [reduce_max_freq] max freq gonna reduce to: 1000000
05-22 11:13:10.604 I/cpusvc  (  460): [restore_max_freq] max freq gonna restore to: 1200000
05-22 11:13:13.655 I/cpusvc  (  460): [reduce_max_freq] max freq gonna reduce to: 1000000
05-22 11:13:19.757 I/cpusvc  (  460): [restore_max_freq] max freq gonna restore to: 1200000
05-22 11:13:22.808 I/cpusvc  (  460): [reduce_max_freq] max freq gonna reduce to: 1000000
05-22 11:13:28.910 I/cpusvc  (  460): [restore_max_freq] max freq gonna restore to: 1200000
05-22 11:13:31.961 I/cpusvc  (  460): [reduce_max_freq] max freq gonna reduce to: 1000000
05-22 11:13:38.062 I/cpusvc  (  460): [restore_max_freq] max freq gonna restore to: 1200000
05-22 11:13:41.113 I/cpusvc  (  460): [reduce_max_freq] max freq gonna reduce to: 1000000
05-22 11:13:50.265 I/cpusvc  (  460): [restore_max_freq] max freq gonna restore to: 1200000
05-22 11:13:53.316 I/cpusvc  (  460): [reduce_max_freq] max freq gonna reduce to: 1000000
05-22 11:13:59.417 I/cpusvc  (  460): [restore_max_freq] max freq gonna restore to: 1200000
05-22 11:14:02.468 I/cpusvc  (  460): [reduce_max_freq] max freq gonna reduce to: 1000000
05-22 11:14:08.570 I/cpusvc  (  460): [restore_max_freq] max freq gonna restore to: 1200000
05-22 11:14:11.621 I/cpusvc  (  460): [reduce_max_freq] max freq gonna reduce to: 1000000
05-22 11:14:17.723 I/cpusvc  (  460): [restore_max_freq] max freq gonna restore to: 1200000
05-22 11:14:20.773 I/cpusvc  (  460): [reduce_max_freq] max freq gonna reduce to: 1000000
05-22 11:14:26.875 I/cpusvc  (  460): [restore_max_freq] max freq gonna restore to: 1200000
05-22 11:14:29.926 I/cpusvc  (  460): [reduce_max_freq] max freq gonna reduce to: 1000000
05-22 11:14:39.079 I/cpusvc  (  460): [restore_max_freq] max freq gonna restore to: 1200000
05-22 11:14:42.130 I/cpusvc  (  460): [reduce_max_freq] max freq gonna reduce to: 1000000
05-22 11:14:48.232 I/cpusvc  (  460): [restore_max_freq] max freq gonna restore to: 1200000
05-22 11:14:51.282 I/cpusvc  (  460): [reduce_max_freq] max freq gonna reduce to: 1000000
05-22 11:14:57.384 I/cpusvc  (  460): [restore_max_freq] max freq gonna restore to: 1200000
05-22 11:15:00.435 I/cpusvc  (  460): [reduce_max_freq] max freq gonna reduce to: 1000000
05-22 11:15:06.536 I/cpusvc  (  460): [restore_max_freq] max freq gonna restore to: 1200000
05-22 11:15:09.587 I/cpusvc  (  460): [reduce_max_freq] max freq gonna reduce to: 1000000
05-22 11:15:15.689 I/cpusvc  (  460): [restore_max_freq] max freq gonna restore to: 1200000
05-22 11:15:18.740 I/cpusvc  (  460): [reduce_max_freq] max freq gonna reduce to: 1000000
05-22 11:15:27.892 I/cpusvc  (  460): [restore_max_freq] max freq gonna restore to: 1200000
05-22 11:15:30.942 I/cpusvc  (  460): [reduce_max_freq] max freq gonna reduce to: 1000000
05-22 11:15:37.044 I/cpusvc  (  460): [restore_max_freq] max freq gonna restore to: 1200000
05-22 11:15:40.095 I/cpusvc  (  460): [reduce_max_freq] max freq gonna reduce to: 1000000
05-22 11:15:46.197 I/cpusvc  (  460): [restore_max_freq] max freq gonna restore to: 1200000
05-22 11:15:49.248 I/cpusvc  (  460): [reduce_max_freq] max freq gonna reduce to: 1000000
05-22 11:15:55.350 I/cpusvc  (  460): [restore_max_freq] max freq gonna restore to: 1200000
05-22 11:15:58.401 I/cpusvc  (  460): [reduce_max_freq] max freq gonna reduce to: 1000000
05-22 11:16:04.502 I/cpusvc  (  460): [restore_max_freq] max freq gonna restore to: 1200000
05-22 11:16:07.553 I/cpusvc  (  460): [reduce_max_freq] max freq gonna reduce to: 1000000
05-22 11:16:16.705 I/cpusvc  (  460): [restore_max_freq] max freq gonna restore to: 1200000
05-22 11:16:19.756 I/cpusvc  (  460): [reduce_max_freq] max freq gonna reduce to: 1000000
05-22 11:16:25.858 I/cpusvc  (  460): [restore_max_freq] max freq gonna restore to: 1200000
05-22 11:16:28.908 I/cpusvc  (  460): [reduce_max_freq] max freq gonna reduce to: 1000000
05-22 11:16:35.010 I/cpusvc  (  460): [restore_max_freq] max freq gonna restore to: 1200000
05-22 11:16:38.061 I/cpusvc  (  460): [reduce_max_freq] max freq gonna reduce to: 1000000
05-22 11:16:44.162 I/cpusvc  (  460): [restore_max_freq] max freq gonna restore to: 1200000
05-22 11:16:47.213 I/cpusvc  (  460): [reduce_max_freq] max freq gonna reduce to: 1000000
05-22 11:16:53.315 I/cpusvc  (  460): [restore_max_freq] max freq gonna restore to: 1200000
05-22 11:16:56.366 I/cpusvc  (  460): [reduce_max_freq] max freq gonna reduce to: 1000000
05-22 11:17:02.468 I/cpusvc  (  460): [restore_max_freq] max freq gonna restore to: 1200000
05-22 11:17:05.518 I/cpusvc  (  460): [reduce_max_freq] max freq gonna reduce to: 1000000
05-22 11:17:14.671 I/cpusvc  (  460): [restore_max_freq] max freq gonna restore to: 1200000
05-22 11:17:17.721 I/cpusvc  (  460): [reduce_max_freq] max freq gonna reduce to: 1000000
05-22 11:17:23.823 I/cpusvc  (  460): [restore_max_freq] max freq gonna restore to: 1200000
05-22 11:17:26.874 I/cpusvc  (  460): [reduce_max_freq] max freq gonna reduce to: 1000000
05-22 11:17:32.976 I/cpusvc  (  460): [restore_max_freq] max freq gonna restore to: 1200000
05-22 11:17:36.026 I/cpusvc  (  460): [reduce_max_freq] max freq gonna reduce to: 1000000
05-22 11:17:42.128 I/cpusvc  (  460): [restore_max_freq] max freq gonna restore to: 1200000
05-22 11:17:45.179 I/cpusvc  (  460): [reduce_max_freq] max freq gonna reduce to: 1000000
05-22 11:17:51.281 I/cpusvc  (  460): [restore_max_freq] max freq gonna restore to: 1200000
05-22 11:17:54.332 I/cpusvc  (  460): [reduce_max_freq] max freq gonna reduce to: 1000000
05-22 11:18:03.487 I/cpusvc  (  460): [restore_max_freq] max freq gonna restore to: 1200000
05-22 11:18:06.538 I/cpusvc  (  460): [reduce_max_freq] max freq gonna reduce to: 1000000
05-22 11:18:12.640 I/cpusvc  (  460): [restore_max_freq] max freq gonna restore to: 1200000
05-22 11:18:15.691 I/cpusvc  (  460): [reduce_max_freq] max freq gonna reduce to: 1000000
05-22 11:18:21.792 I/cpusvc  (  460): [restore_max_freq] max freq gonna restore to: 1200000
05-22 11:18:24.843 I/cpusvc  (  460): [reduce_max_freq] max freq gonna reduce to: 1000000
05-22 11:18:30.945 I/cpusvc  (  460): [restore_max_freq] max freq gonna restore to: 1200000
05-22 11:18:33.996 I/cpusvc  (  460): [reduce_max_freq] max freq gonna reduce to: 1000000
05-22 11:18:40.098 I/cpusvc  (  460): [restore_max_freq] max freq gonna restore to: 1200000
05-22 11:18:43.149 I/cpusvc  (  460): [reduce_max_freq] max freq gonna reduce to: 1000000
05-22 11:18:52.301 I/cpusvc  (  460): [restore_max_freq] max freq gonna restore to: 1200000
05-22 11:18:55.352 I/cpusvc  (  460): [reduce_max_freq] max freq gonna reduce to: 1000000
05-22 11:19:01.454 I/cpusvc  (  460): [restore_max_freq] max freq gonna restore to: 1200000
05-22 11:19:04.504 I/cpusvc  (  460): [reduce_max_freq] max freq gonna reduce to: 1000000
05-22 11:19:10.606 I/cpusvc  (  460): [restore_max_freq] max freq gonna restore to: 1200000
05-22 11:19:13.657 I/cpusvc  (  460): [reduce_max_freq] max freq gonna reduce to: 1000000
05-22 11:19:19.759 I/cpusvc  (  460): [restore_max_freq] max freq gonna restore to: 1200000
05-22 11:19:22.810 I/cpusvc  (  460): [reduce_max_freq] max freq gonna reduce to: 1000000
05-22 11:19:28.911 I/cpusvc  (  460): [restore_max_freq] max freq gonna restore to: 1200000
05-22 11:19:31.962 I/cpusvc  (  460): [reduce_max_freq] max freq gonna reduce to: 1000000
05-22 11:19:41.114 I/cpusvc  (  460): [restore_max_freq] max freq gonna restore to: 1200000
05-22 11:19:44.165 I/cpusvc  (  460): [reduce_max_freq] max freq gonna reduce to: 1000000
05-22 11:19:50.267 I/cpusvc  (  460): [restore_max_freq] max freq gonna restore to: 1200000
05-22 11:19:53.318 I/cpusvc  (  460): [reduce_max_freq] max freq gonna reduce to: 1000000
05-22 11:19:59.420 I/cpusvc  (  460): [restore_max_freq] max freq gonna restore to: 1200000
05-22 11:20:02.470 I/cpusvc  (  460): [reduce_max_freq] max freq gonna reduce to: 1000000
05-22 11:20:08.572 I/cpusvc  (  460): [restore_max_freq] max freq gonna restore to: 1200000
05-22 11:20:11.623 I/cpusvc  (  460): [reduce_max_freq] max freq gonna reduce to: 1000000
05-22 11:20:17.724 I/cpusvc  (  460): [restore_max_freq] max freq gonna restore to: 1200000
05-22 11:20:20.775 I/cpusvc  (  460): [reduce_max_freq] max freq gonna reduce to: 1000000
05-22 11:20:29.928 I/cpusvc  (  460): [restore_max_freq] max freq gonna restore to: 1200000
05-22 11:20:32.978 I/cpusvc  (  460): [reduce_max_freq] max freq gonna reduce to: 1000000
05-22 11:20:35.199 I/ProcessStatsService(  552): Prepared write state in 5ms
05-22 11:20:35.213 W/ProcessCpuTracker(  552): Skipping unknown process pid 12068
05-22 11:20:39.080 I/cpusvc  (  460): [restore_max_freq] max freq gonna restore to: 1200000
05-22 11:20:42.131 I/cpusvc  (  460): [reduce_max_freq] max freq gonna reduce to: 1000000
05-22 11:20:48.233 I/cpusvc  (  460): [restore_max_freq] max freq gonna restore to: 1200000
05-22 11:20:51.284 I/cpusvc  (  460): [reduce_max_freq] max freq gonna reduce to: 1000000
05-22 11:20:57.385 I/cpusvc  (  460): [restore_max_freq] max freq gonna restore to: 1200000
05-22 11:21:00.436 I/cpusvc  (  460): [reduce_max_freq] max freq gonna reduce to: 1000000
05-22 11:21:06.539 I/cpusvc  (  460): [restore_max_freq] max freq gonna restore to: 1200000
05-22 11:21:09.590 I/cpusvc  (  460): [reduce_max_freq] max freq gonna reduce to: 1000000
05-22 11:21:18.742 I/cpusvc  (  460): [restore_max_freq] max freq gonna restore to: 1200000
05-22 11:21:21.793 I/cpusvc  (  460): [reduce_max_freq] max freq gonna reduce to: 1000000
05-22 11:21:27.895 I/cpusvc  (  460): [restore_max_freq] max freq gonna restore to: 1200000
05-22 11:21:30.946 I/cpusvc  (  460): [reduce_max_freq] max freq gonna reduce to: 1000000
05-22 11:21:37.048 I/cpusvc  (  460): [restore_max_freq] max freq gonna restore to: 1200000
05-22 11:21:40.098 I/cpusvc  (  460): [reduce_max_freq] max freq gonna reduce to: 1000000
05-22 11:21:46.200 I/cpusvc  (  460): [restore_max_freq] max freq gonna restore to: 1200000
05-22 11:21:49.251 I/cpusvc  (  460): [reduce_max_freq] max freq gonna reduce to: 1000000
05-22 11:21:55.352 I/cpusvc  (  460): [restore_max_freq] max freq gonna restore to: 1200000
05-22 11:21:58.403 I/cpusvc  (  460): [reduce_max_freq] max freq gonna reduce to: 1000000
05-22 11:22:07.555 I/cpusvc  (  460): [restore_max_freq] max freq gonna restore to: 1200000
05-22 11:22:10.606 I/cpusvc  (  460): [reduce_max_freq] max freq gonna reduce to: 1000000
05-22 11:22:16.708 I/cpusvc  (  460): [restore_max_freq] max freq gonna restore to: 1200000
05-22 11:22:19.759 I/cpusvc  (  460): [reduce_max_freq] max freq gonna reduce to: 1000000
05-22 11:22:25.861 I/cpusvc  (  460): [restore_max_freq] max freq gonna restore to: 1200000
05-22 11:22:28.911 I/cpusvc  (  460): [reduce_max_freq] max freq gonna reduce to: 1000000
05-22 11:22:35.013 I/cpusvc  (  460): [restore_max_freq] max freq gonna restore to: 1200000
05-22 11:22:38.064 I/cpusvc  (  460): [reduce_max_freq] max freq gonna reduce to: 1000000
05-22 11:22:44.166 I/cpusvc  (  460): [restore_max_freq] max freq gonna restore to: 1200000
05-22 11:22:47.216 I/cpusvc  (  460): [reduce_max_freq] max freq gonna reduce to: 1000000
05-22 11:22:56.369 I/cpusvc  (  460): [restore_max_freq] max freq gonna restore to: 1200000
05-22 11:22:59.419 I/cpusvc  (  460): [reduce_max_freq] max freq gonna reduce to: 1000000
05-22 11:23:05.521 I/cpusvc  (  460): [restore_max_freq] max freq gonna restore to: 1200000
05-22 11:23:08.572 I/cpusvc  (  460): [reduce_max_freq] max freq gonna reduce to: 1000000
05-22 11:23:14.674 I/cpusvc  (  460): [restore_max_freq] max freq gonna restore to: 1200000
05-22 11:23:17.725 I/cpusvc  (  460): [reduce_max_freq] max freq gonna reduce to: 1000000
05-22 11:23:23.826 I/cpusvc  (  460): [restore_max_freq] max freq gonna restore to: 1200000
05-22 11:23:26.877 I/cpusvc  (  460): [reduce_max_freq] max freq gonna reduce to: 1000000
05-22 11:23:32.979 I/cpusvc  (  460): [restore_max_freq] max freq gonna restore to: 1200000
05-22 11:23:36.030 I/cpusvc  (  460): [reduce_max_freq] max freq gonna reduce to: 1000000
05-22 11:23:42.132 I/cpusvc  (  460): [restore_max_freq] max freq gonna restore to: 1200000
05-22 11:23:45.183 I/cpusvc  (  460): [reduce_max_freq] max freq gonna reduce to: 1000000
05-22 11:23:54.335 I/cpusvc  (  460): [restore_max_freq] max freq gonna restore to: 1200000
05-22 11:23:57.386 I/cpusvc  (  460): [reduce_max_freq] max freq gonna reduce to: 1000000
05-22 11:24:03.488 I/cpusvc  (  460): [restore_max_freq] max freq gonna restore to: 1200000
05-22 11:24:06.538 I/cpusvc  (  460): [reduce_max_freq] max freq gonna reduce to: 1000000
05-22 11:24:12.640 I/cpusvc  (  460): [restore_max_freq] max freq gonna restore to: 1200000
05-22 11:24:15.691 I/cpusvc  (  460): [reduce_max_freq] max freq gonna reduce to: 1000000
05-22 11:24:21.793 I/cpusvc  (  460): [restore_max_freq] max freq gonna restore to: 1200000
05-22 11:24:24.843 I/cpusvc  (  460): [reduce_max_freq] max freq gonna reduce to: 1000000
05-22 11:24:30.945 I/cpusvc  (  460): [restore_max_freq] max freq gonna restore to: 1200000
05-22 11:24:33.996 I/cpusvc  (  460): [reduce_max_freq] max freq gonna reduce to: 1000000
05-22 11:24:43.149 I/cpusvc  (  460): [restore_max_freq] max freq gonna restore to: 1200000
05-22 11:24:46.199 I/cpusvc  (  460): [reduce_max_freq] max freq gonna reduce to: 1000000
05-22 11:24:52.301 I/cpusvc  (  460): [restore_max_freq] max freq gonna restore to: 1200000
05-22 11:24:55.352 I/cpusvc  (  460): [reduce_max_freq] max freq gonna reduce to: 1000000
05-22 11:25:01.454 I/cpusvc  (  460): [restore_max_freq] max freq gonna restore to: 1200000
05-22 11:25:04.504 I/cpusvc  (  460): [reduce_max_freq] max freq gonna reduce to: 1000000
05-22 11:25:10.606 I/cpusvc  (  460): [restore_max_freq] max freq gonna restore to: 1200000
05-22 11:25:13.658 I/cpusvc  (  460): [reduce_max_freq] max freq gonna reduce to: 1000000
05-22 11:25:19.760 I/cpusvc  (  460): [restore_max_freq] max freq gonna restore to: 1200000
05-22 11:25:22.811 I/cpusvc  (  460): [reduce_max_freq] max freq gonna reduce to: 1000000
05-22 11:25:31.963 I/cpusvc  (  460): [restore_max_freq] max freq gonna restore to: 1200000
05-22 11:25:35.013 I/cpusvc  (  460): [reduce_max_freq] max freq gonna reduce to: 1000000
05-22 11:25:41.115 I/cpusvc  (  460): [restore_max_freq] max freq gonna restore to: 1200000
05-22 11:25:44.166 I/cpusvc  (  460): [reduce_max_freq] max freq gonna reduce to: 1000000
05-22 11:25:50.268 I/cpusvc  (  460): [restore_max_freq] max freq gonna restore to: 1200000
05-22 11:25:53.319 I/cpusvc  (  460): [reduce_max_freq] max freq gonna reduce to: 1000000
05-22 11:25:59.421 I/cpusvc  (  460): [restore_max_freq] max freq gonna restore to: 1200000
05-22 11:26:02.472 I/cpusvc  (  460): [reduce_max_freq] max freq gonna reduce to: 1000000
05-22 11:26:08.574 I/cpusvc  (  460): [restore_max_freq] max freq gonna restore to: 1200000
05-22 11:26:11.624 I/cpusvc  (  460): [reduce_max_freq] max freq gonna reduce to: 1000000
05-22 11:26:20.777 I/cpusvc  (  460): [restore_max_freq] max freq gonna restore to: 1200000
05-22 11:26:23.828 I/cpusvc  (  460): [reduce_max_freq] max freq gonna reduce to: 1000000
05-22 11:26:29.930 I/cpusvc  (  460): [restore_max_freq] max freq gonna restore to: 1200000
05-22 11:26:32.981 I/cpusvc  (  460): [reduce_max_freq] max freq gonna reduce to: 1000000
05-22 11:26:39.083 I/cpusvc  (  460): [restore_max_freq] max freq gonna restore to: 1200000
05-22 11:26:42.133 I/cpusvc  (  460): [reduce_max_freq] max freq gonna reduce to: 1000000
05-22 11:26:48.235 I/cpusvc  (  460): [restore_max_freq] max freq gonna restore to: 1200000
05-22 11:26:51.286 I/cpusvc  (  460): [reduce_max_freq] max freq gonna reduce to: 1000000
05-22 11:26:57.390 I/cpusvc  (  460): [restore_max_freq] max freq gonna restore to: 1200000
05-22 11:27:00.440 I/cpusvc  (  460): [reduce_max_freq] max freq gonna reduce to: 1000000
05-22 11:27:09.592 I/cpusvc  (  460): [restore_max_freq] max freq gonna restore to: 1200000
05-22 11:27:12.643 I/cpusvc  (  460): [reduce_max_freq] max freq gonna reduce to: 1000000
05-22 11:27:18.745 I/cpusvc  (  460): [restore_max_freq] max freq gonna restore to: 1200000
05-22 11:27:21.796 I/cpusvc  (  460): [reduce_max_freq] max freq gonna reduce to: 1000000
05-22 11:27:27.898 I/cpusvc  (  460): [restore_max_freq] max freq gonna restore to: 1200000
05-22 11:27:30.948 I/cpusvc  (  460): [reduce_max_freq] max freq gonna reduce to: 1000000
05-22 11:27:37.050 I/cpusvc  (  460): [restore_max_freq] max freq gonna restore to: 1200000
05-22 11:27:40.101 I/cpusvc  (  460): [reduce_max_freq] max freq gonna reduce to: 1000000
05-22 11:27:46.203 I/cpusvc  (  460): [restore_max_freq] max freq gonna restore to: 1200000
05-22 11:27:49.253 I/cpusvc  (  460): [reduce_max_freq] max freq gonna reduce to: 1000000
05-22 11:27:58.406 I/cpusvc  (  460): [restore_max_freq] max freq gonna restore to: 1200000
05-22 11:28:01.456 I/cpusvc  (  460): [reduce_max_freq] max freq gonna reduce to: 1000000
05-22 11:28:07.558 I/cpusvc  (  460): [restore_max_freq] max freq gonna restore to: 1200000
05-22 11:28:10.609 I/cpusvc  (  460): [reduce_max_freq] max freq gonna reduce to: 1000000
05-22 11:28:16.712 I/cpusvc  (  460): [restore_max_freq] max freq gonna restore to: 1200000
05-22 11:28:19.762 I/cpusvc  (  460): [reduce_max_freq] max freq gonna reduce to: 1000000
05-22 11:28:25.864 I/cpusvc  (  460): [restore_max_freq] max freq gonna restore to: 1200000
05-22 11:28:28.915 I/cpusvc  (  460): [reduce_max_freq] max freq gonna reduce to: 1000000
05-22 11:28:35.017 I/cpusvc  (  460): [restore_max_freq] max freq gonna restore to: 1200000
05-22 11:28:38.067 I/cpusvc  (  460): [reduce_max_freq] max freq gonna reduce to: 1000000
05-22 11:28:47.220 I/cpusvc  (  460): [restore_max_freq] max freq gonna restore to: 1200000
05-22 11:28:50.270 I/cpusvc  (  460): [reduce_max_freq] max freq gonna reduce to: 1000000
05-22 11:28:56.372 I/cpusvc  (  460): [restore_max_freq] max freq gonna restore to: 1200000
05-22 11:28:59.423 I/cpusvc  (  460): [reduce_max_freq] max freq gonna reduce to: 1000000
05-22 11:29:05.525 I/cpusvc  (  460): [restore_max_freq] max freq gonna restore to: 1200000
05-22 11:29:08.576 I/cpusvc  (  460): [reduce_max_freq] max freq gonna reduce to: 1000000
05-22 11:29:14.677 I/cpusvc  (  460): [restore_max_freq] max freq gonna restore to: 1200000
05-22 11:29:17.728 I/cpusvc  (  460): [reduce_max_freq] max freq gonna reduce to: 1000000
05-22 11:29:23.830 I/cpusvc  (  460): [restore_max_freq] max freq gonna restore to: 1200000
05-22 11:29:26.881 I/cpusvc  (  460): [reduce_max_freq] max freq gonna reduce to: 1000000
05-22 11:29:36.033 I/cpusvc  (  460): [restore_max_freq] max freq gonna restore to: 1200000
05-22 11:29:39.084 I/cpusvc  (  460): [reduce_max_freq] max freq gonna reduce to: 1000000
05-22 11:29:45.186 I/cpusvc  (  460): [restore_max_freq] max freq gonna restore to: 1200000
05-22 11:29:48.237 I/cpusvc  (  460): [reduce_max_freq] max freq gonna reduce to: 1000000
05-22 11:29:54.339 I/cpusvc  (  460): [restore_max_freq] max freq gonna restore to: 1200000
05-22 11:29:57.390 I/cpusvc  (  460): [reduce_max_freq] max freq gonna reduce to: 1000000
05-22 11:30:03.492 I/cpusvc  (  460): [restore_max_freq] max freq gonna restore to: 1200000
05-22 11:30:06.542 I/cpusvc  (  460): [reduce_max_freq] max freq gonna reduce to: 1000000
05-22 11:30:12.644 I/cpusvc  (  460): [restore_max_freq] max freq gonna restore to: 1200000
05-22 11:30:15.695 I/cpusvc  (  460): [reduce_max_freq] max freq gonna reduce to: 1000000
05-22 11:30:19.395 I/ActivityManager(  552): Start proc 12690:com.cellfishmedia.moods/u0a78 for service com.cellfishmedia.moods/.buisness.recommandation.UpdateRecoService
05-22 11:30:20.092 D/ZenLog  (  552): disable_effects: 0|fr.filmotv.android.tv.bytel|1|null|10043,listenerHints
05-22 11:30:20.192 D/ZenLog  (  552): disable_effects: 0|fr.filmotv.android.tv.bytel|2|null|10043,listenerHints
05-22 11:30:20.295 D/ZenLog  (  552): disable_effects: 0|fr.filmotv.android.tv.bytel|3|null|10043,listenerHints
05-22 11:30:20.433 D/ZenLog  (  552): disable_effects: 0|tv.arte.plus7|1|null|10025,listenerHints
05-22 11:30:21.007 W/ResourcesManager(12690): Asset path '/system/framework/com.android.location.provider.jar' does not exist or contains no resources.
05-22 11:30:21.113 D/ZenLog  (  552): disable_effects: 0|tv.arte.plus7|2|null|10025,listenerHints
05-22 11:30:21.197 W/ResourcesManager(12690): Asset path '/system/framework/com.android.location.provider.jar' does not exist or contains no resources.
05-22 11:30:21.535 D/ZenLog  (  552): disable_effects: 0|tv.arte.plus7|3|null|10025,listenerHints
05-22 11:30:22.035 D/ZenLog  (  552): disable_effects: 0|com.cellfishmedia.moods|4101|null|10078,listenerHints
05-22 11:30:22.087 D/ZenLog  (  552): disable_effects: 0|com.cellfishmedia.moods|4029|null|10078,listenerHints
05-22 11:30:22.131 D/ZenLog  (  552): disable_effects: 0|com.cellfishmedia.moods|4441|null|10078,listenerHints
05-22 11:30:22.199 D/ZenLog  (  552): disable_effects: 0|com.cellfishmedia.moods|5635|null|10078,listenerHints
05-22 11:30:22.250 D/ZenLog  (  552): disable_effects: 0|com.cellfishmedia.moods|1815|null|10078,listenerHints
05-22 11:30:22.314 D/ZenLog  (  552): disable_effects: 0|com.cellfishmedia.moods|4183|null|10078,listenerHints
05-22 11:30:22.368 D/ZenLog  (  552): disable_effects: 0|com.cellfishmedia.moods|4391|null|10078,listenerHints
05-22 11:30:24.426 W/ActivityManager(  552): getRunningAppProcesses: caller 10071 does not hold REAL_GET_TASKS; limiting output
05-22 11:30:24.848 I/cpusvc  (  460): [restore_max_freq] max freq gonna restore to: 1200000
05-22 11:30:27.898 I/cpusvc  (  460): [reduce_max_freq] max freq gonna reduce to: 1000000
05-22 11:30:29.950 I/ActivityManager(  552): Killing 1221:com.android.vending/u0a14 (adj 15): empty for 7407s
05-22 11:30:30.059 D/ActivityManager(  552): cleanUpApplicationRecord -- 1221
05-22 11:30:34.000 I/cpusvc  (  460): [restore_max_freq] max freq gonna restore to: 1200000
05-22 11:30:37.052 I/cpusvc  (  460): [reduce_max_freq] max freq gonna reduce to: 1000000
05-22 11:30:40.459 D/ZenLog  (  552): disable_effects: 0|com.neosesame.comfm.tv|1|null|10039,listenerHints
05-22 11:30:43.154 I/cpusvc  (  460): [restore_max_freq] max freq gonna restore to: 1200000
05-22 11:30:46.205 I/cpusvc  (  460): [reduce_max_freq] max freq gonna reduce to: 1000000
05-22 11:30:52.306 I/cpusvc  (  460): [restore_max_freq] max freq gonna restore to: 1200000
05-22 11:30:55.357 I/cpusvc  (  460): [reduce_max_freq] max freq gonna reduce to: 1000000
05-22 11:31:01.459 I/cpusvc  (  460): [restore_max_freq] max freq gonna restore to: 1200000
05-22 11:31:04.510 I/cpusvc  (  460): [reduce_max_freq] max freq gonna reduce to: 1000000
05-22 11:31:13.663 I/cpusvc  (  460): [restore_max_freq] max freq gonna restore to: 1200000
05-22 11:31:16.714 I/cpusvc  (  460): [reduce_max_freq] max freq gonna reduce to: 1000000
05-22 11:31:22.815 I/cpusvc  (  460): [restore_max_freq] max freq gonna restore to: 1200000
05-22 11:31:25.866 I/cpusvc  (  460): [reduce_max_freq] max freq gonna reduce to: 1000000
05-22 11:31:31.968 I/cpusvc  (  460): [restore_max_freq] max freq gonna restore to: 1200000
05-22 11:31:35.018 I/cpusvc  (  460): [reduce_max_freq] max freq gonna reduce to: 1000000
05-22 11:31:41.120 I/cpusvc  (  460): [restore_max_freq] max freq gonna restore to: 1200000
05-22 11:31:44.171 I/cpusvc  (  460): [reduce_max_freq] max freq gonna reduce to: 1000000
05-22 11:31:50.273 I/cpusvc  (  460): [restore_max_freq] max freq gonna restore to: 1200000
05-22 11:31:53.324 I/cpusvc  (  460): [reduce_max_freq] max freq gonna reduce to: 1000000
05-22 11:32:02.477 I/cpusvc  (  460): [restore_max_freq] max freq gonna restore to: 1200000
05-22 11:32:05.527 I/cpusvc  (  460): [reduce_max_freq] max freq gonna reduce to: 1000000
05-22 11:32:11.629 I/cpusvc  (  460): [restore_max_freq] max freq gonna restore to: 1200000
05-22 11:32:14.679 I/cpusvc  (  460): [reduce_max_freq] max freq gonna reduce to: 1000000
05-22 11:32:20.781 I/cpusvc  (  460): [restore_max_freq] max freq gonna restore to: 1200000
05-22 11:32:23.832 I/cpusvc  (  460): [reduce_max_freq] max freq gonna reduce to: 1000000
05-22 11:32:29.934 I/cpusvc  (  460): [restore_max_freq] max freq gonna restore to: 1200000
05-22 11:32:32.984 I/cpusvc  (  460): [reduce_max_freq] max freq gonna reduce to: 1000000
05-22 11:32:39.086 I/cpusvc  (  460): [restore_max_freq] max freq gonna restore to: 1200000
05-22 11:32:42.137 I/cpusvc  (  460): [reduce_max_freq] max freq gonna reduce to: 1000000
05-22 11:32:51.290 I/cpusvc  (  460): [restore_max_freq] max freq gonna restore to: 1200000
05-22 11:32:54.340 I/cpusvc  (  460): [reduce_max_freq] max freq gonna reduce to: 1000000
05-22 11:33:00.442 I/cpusvc  (  460): [restore_max_freq] max freq gonna restore to: 1200000
05-22 11:33:03.493 I/cpusvc  (  460): [reduce_max_freq] max freq gonna reduce to: 1000000
05-22 11:33:09.595 I/cpusvc  (  460): [restore_max_freq] max freq gonna restore to: 1200000
05-22 11:33:12.646 I/cpusvc  (  460): [reduce_max_freq] max freq gonna reduce to: 1000000
05-22 11:33:18.748 I/cpusvc  (  460): [restore_max_freq] max freq gonna restore to: 1200000
05-22 11:33:21.798 I/cpusvc  (  460): [reduce_max_freq] max freq gonna reduce to: 1000000
05-22 11:33:27.900 I/cpusvc  (  460): [restore_max_freq] max freq gonna restore to: 1200000
05-22 11:33:30.951 I/cpusvc  (  460): [reduce_max_freq] max freq gonna reduce to: 1000000
05-22 11:33:40.103 I/cpusvc  (  460): [restore_max_freq] max freq gonna restore to: 1200000
05-22 11:33:43.154 I/cpusvc  (  460): [reduce_max_freq] max freq gonna reduce to: 1000000
05-22 11:33:49.256 I/cpusvc  (  460): [restore_max_freq] max freq gonna restore to: 1200000
05-22 11:33:52.307 I/cpusvc  (  460): [reduce_max_freq] max freq gonna reduce to: 1000000
05-22 11:33:58.409 I/cpusvc  (  460): [restore_max_freq] max freq gonna restore to: 1200000
05-22 11:34:01.459 I/cpusvc  (  460): [reduce_max_freq] max freq gonna reduce to: 1000000
05-22 11:34:07.561 I/cpusvc  (  460): [restore_max_freq] max freq gonna restore to: 1200000
05-22 11:34:10.612 I/cpusvc  (  460): [reduce_max_freq] max freq gonna reduce to: 1000000
05-22 11:34:16.713 I/cpusvc  (  460): [restore_max_freq] max freq gonna restore to: 1200000
05-22 11:34:19.764 I/cpusvc  (  460): [reduce_max_freq] max freq gonna reduce to: 1000000
05-22 11:34:28.917 I/cpusvc  (  460): [restore_max_freq] max freq gonna restore to: 1200000
05-22 11:34:31.967 I/cpusvc  (  460): [reduce_max_freq] max freq gonna reduce to: 1000000
05-22 11:34:38.069 I/cpusvc  (  460): [restore_max_freq] max freq gonna restore to: 1200000
05-22 11:34:41.120 I/cpusvc  (  460): [reduce_max_freq] max freq gonna reduce to: 1000000
05-22 11:34:47.221 I/cpusvc  (  460): [restore_max_freq] max freq gonna restore to: 1200000
05-22 11:34:50.272 I/cpusvc  (  460): [reduce_max_freq] max freq gonna reduce to: 1000000
05-22 11:34:56.374 I/cpusvc  (  460): [restore_max_freq] max freq gonna restore to: 1200000
05-22 11:34:59.424 I/cpusvc  (  460): [reduce_max_freq] max freq gonna reduce to: 1000000
05-22 11:35:05.526 I/cpusvc  (  460): [restore_max_freq] max freq gonna restore to: 1200000
05-22 11:35:08.577 I/cpusvc  (  460): [reduce_max_freq] max freq gonna reduce to: 1000000
05-22 11:35:17.729 I/cpusvc  (  460): [restore_max_freq] max freq gonna restore to: 1200000
05-22 11:35:20.780 I/cpusvc  (  460): [reduce_max_freq] max freq gonna reduce to: 1000000
05-22 11:35:26.882 I/cpusvc  (  460): [restore_max_freq] max freq gonna restore to: 1200000
05-22 11:35:29.933 I/cpusvc  (  460): [reduce_max_freq] max freq gonna reduce to: 1000000
05-22 11:35:36.034 I/cpusvc  (  460): [restore_max_freq] max freq gonna restore to: 1200000
05-22 11:35:39.085 I/cpusvc  (  460): [reduce_max_freq] max freq gonna reduce to: 1000000
05-22 11:35:45.187 I/cpusvc  (  460): [restore_max_freq] max freq gonna restore to: 1200000
05-22 11:35:48.238 I/cpusvc  (  460): [reduce_max_freq] max freq gonna reduce to: 1000000
05-22 11:35:54.339 I/cpusvc  (  460): [restore_max_freq] max freq gonna restore to: 1200000
05-22 11:35:57.390 I/cpusvc  (  460): [reduce_max_freq] max freq gonna reduce to: 1000000
05-22 11:36:06.543 I/cpusvc  (  460): [restore_max_freq] max freq gonna restore to: 1200000
05-22 11:36:09.594 I/cpusvc  (  460): [reduce_max_freq] max freq gonna reduce to: 1000000
05-22 11:36:15.696 I/cpusvc  (  460): [restore_max_freq] max freq gonna restore to: 1200000
05-22 11:36:18.747 I/cpusvc  (  460): [reduce_max_freq] max freq gonna reduce to: 1000000
05-22 11:36:24.848 I/cpusvc  (  460): [restore_max_freq] max freq gonna restore to: 1200000
05-22 11:36:27.899 I/cpusvc  (  460): [reduce_max_freq] max freq gonna reduce to: 1000000
05-22 11:36:34.001 I/cpusvc  (  460): [restore_max_freq] max freq gonna restore to: 1200000
05-22 11:36:37.052 I/cpusvc  (  460): [reduce_max_freq] max freq gonna reduce to: 1000000
05-22 11:36:43.154 I/cpusvc  (  460): [restore_max_freq] max freq gonna restore to: 1200000
05-22 11:36:46.204 I/cpusvc  (  460): [reduce_max_freq] max freq gonna reduce to: 1000000
05-22 11:36:55.357 I/cpusvc  (  460): [restore_max_freq] max freq gonna restore to: 1200000
05-22 11:36:58.408 I/cpusvc  (  460): [reduce_max_freq] max freq gonna reduce to: 1000000
05-22 11:37:04.510 I/cpusvc  (  460): [restore_max_freq] max freq gonna restore to: 1200000
05-22 11:37:07.561 I/cpusvc  (  460): [reduce_max_freq] max freq gonna reduce to: 1000000
05-22 11:37:13.663 I/cpusvc  (  460): [restore_max_freq] max freq gonna restore to: 1200000
05-22 11:37:16.714 I/cpusvc  (  460): [reduce_max_freq] max freq gonna reduce to: 1000000
05-22 11:37:22.815 I/cpusvc  (  460): [restore_max_freq] max freq gonna restore to: 1200000
05-22 11:37:25.866 I/cpusvc  (  460): [reduce_max_freq] max freq gonna reduce to: 1000000
05-22 11:37:31.968 I/cpusvc  (  460): [restore_max_freq] max freq gonna restore to: 1200000
05-22 11:37:35.019 I/cpusvc  (  460): [reduce_max_freq] max freq gonna reduce to: 1000000
05-22 11:37:44.171 I/cpusvc  (  460): [restore_max_freq] max freq gonna restore to: 1200000
05-22 11:37:47.222 I/cpusvc  (  460): [reduce_max_freq] max freq gonna reduce to: 1000000
05-22 11:37:53.324 I/cpusvc  (  460): [restore_max_freq] max freq gonna restore to: 1200000
05-22 11:37:56.375 I/cpusvc  (  460): [reduce_max_freq] max freq gonna reduce to: 1000000
05-22 11:38:02.477 I/cpusvc  (  460): [restore_max_freq] max freq gonna restore to: 1200000
05-22 11:38:05.528 I/cpusvc  (  460): [reduce_max_freq] max freq gonna reduce to: 1000000
05-22 11:38:11.630 I/cpusvc  (  460): [restore_max_freq] max freq gonna restore to: 1200000
05-22 11:38:14.680 I/cpusvc  (  460): [reduce_max_freq] max freq gonna reduce to: 1000000
05-22 11:38:20.782 I/cpusvc  (  460): [restore_max_freq] max freq gonna restore to: 1200000
05-22 11:38:23.833 I/cpusvc  (  460): [reduce_max_freq] max freq gonna reduce to: 1000000
05-22 11:38:32.986 I/cpusvc  (  460): [restore_max_freq] max freq gonna restore to: 1200000
05-22 11:38:36.036 I/cpusvc  (  460): [reduce_max_freq] max freq gonna reduce to: 1000000
05-22 11:38:42.138 I/cpusvc  (  460): [restore_max_freq] max freq gonna restore to: 1200000
05-22 11:38:45.189 I/cpusvc  (  460): [reduce_max_freq] max freq gonna reduce to: 1000000
05-22 11:38:51.291 I/cpusvc  (  460): [restore_max_freq] max freq gonna restore to: 1200000
05-22 11:38:54.341 I/cpusvc  (  460): [reduce_max_freq] max freq gonna reduce to: 1000000
05-22 11:39:00.443 I/cpusvc  (  460): [restore_max_freq] max freq gonna restore to: 1200000
05-22 11:39:03.494 I/cpusvc  (  460): [reduce_max_freq] max freq gonna reduce to: 1000000
05-22 11:39:09.596 I/cpusvc  (  460): [restore_max_freq] max freq gonna restore to: 1200000
05-22 11:39:12.647 I/cpusvc  (  460): [reduce_max_freq] max freq gonna reduce to: 1000000
05-22 11:39:21.800 I/cpusvc  (  460): [restore_max_freq] max freq gonna restore to: 1200000
05-22 11:39:24.850 I/cpusvc  (  460): [reduce_max_freq] max freq gonna reduce to: 1000000
05-22 11:39:30.953 I/cpusvc  (  460): [restore_max_freq] max freq gonna restore to: 1200000
05-22 11:39:34.004 I/cpusvc  (  460): [reduce_max_freq] max freq gonna reduce to: 1000000
05-22 11:39:40.106 I/cpusvc  (  460): [restore_max_freq] max freq gonna restore to: 1200000
05-22 11:39:43.156 I/cpusvc  (  460): [reduce_max_freq] max freq gonna reduce to: 1000000
05-22 11:39:49.258 I/cpusvc  (  460): [restore_max_freq] max freq gonna restore to: 1200000
05-22 11:39:52.309 I/cpusvc  (  460): [reduce_max_freq] max freq gonna reduce to: 1000000
05-22 11:39:58.411 I/cpusvc  (  460): [restore_max_freq] max freq gonna restore to: 1200000
05-22 11:40:01.462 I/cpusvc  (  460): [reduce_max_freq] max freq gonna reduce to: 1000000
05-22 11:40:07.564 I/cpusvc  (  460): [restore_max_freq] max freq gonna restore to: 1200000
05-22 11:40:10.615 I/cpusvc  (  460): [reduce_max_freq] max freq gonna reduce to: 1000000
05-22 11:40:19.768 I/cpusvc  (  460): [restore_max_freq] max freq gonna restore to: 1200000
05-22 11:40:22.818 I/cpusvc  (  460): [reduce_max_freq] max freq gonna reduce to: 1000000
05-22 11:40:28.920 I/cpusvc  (  460): [restore_max_freq] max freq gonna restore to: 1200000
05-22 11:40:31.971 I/cpusvc  (  460): [reduce_max_freq] max freq gonna reduce to: 1000000
05-22 11:40:38.073 I/cpusvc  (  460): [restore_max_freq] max freq gonna restore to: 1200000
05-22 11:40:41.124 I/cpusvc  (  460): [reduce_max_freq] max freq gonna reduce to: 1000000
05-22 11:40:47.226 I/cpusvc  (  460): [restore_max_freq] max freq gonna restore to: 1200000
05-22 11:40:50.277 I/cpusvc  (  460): [reduce_max_freq] max freq gonna reduce to: 1000000
05-22 11:40:56.378 I/cpusvc  (  460): [restore_max_freq] max freq gonna restore to: 1200000
05-22 11:40:59.429 I/cpusvc  (  460): [reduce_max_freq] max freq gonna reduce to: 1000000
05-22 11:41:08.582 I/cpusvc  (  460): [restore_max_freq] max freq gonna restore to: 1200000
05-22 11:41:11.633 I/cpusvc  (  460): [reduce_max_freq] max freq gonna reduce to: 1000000
05-22 11:41:17.735 I/cpusvc  (  460): [restore_max_freq] max freq gonna restore to: 1200000
05-22 11:41:20.785 I/cpusvc  (  460): [reduce_max_freq] max freq gonna reduce to: 1000000
05-22 11:41:26.887 I/cpusvc  (  460): [restore_max_freq] max freq gonna restore to: 1200000
05-22 11:41:29.938 I/cpusvc  (  460): [reduce_max_freq] max freq gonna reduce to: 1000000
05-22 11:41:36.040 I/cpusvc  (  460): [restore_max_freq] max freq gonna restore to: 1200000
05-22 11:41:39.091 I/cpusvc  (  460): [reduce_max_freq] max freq gonna reduce to: 1000000
05-22 11:41:45.193 I/cpusvc  (  460): [restore_max_freq] max freq gonna restore to: 1200000
05-22 11:41:48.243 I/cpusvc  (  460): [reduce_max_freq] max freq gonna reduce to: 1000000
05-22 11:41:57.396 I/cpusvc  (  460): [restore_max_freq] max freq gonna restore to: 1200000
05-22 11:42:00.446 I/cpusvc  (  460): [reduce_max_freq] max freq gonna reduce to: 1000000
05-22 11:42:06.548 I/cpusvc  (  460): [restore_max_freq] max freq gonna restore to: 1200000
05-22 11:42:09.599 I/cpusvc  (  460): [reduce_max_freq] max freq gonna reduce to: 1000000
05-22 11:42:15.701 I/cpusvc  (  460): [restore_max_freq] max freq gonna restore to: 1200000
05-22 11:42:18.752 I/cpusvc  (  460): [reduce_max_freq] max freq gonna reduce to: 1000000
05-22 11:42:24.854 I/cpusvc  (  460): [restore_max_freq] max freq gonna restore to: 1200000
05-22 11:42:27.905 I/cpusvc  (  460): [reduce_max_freq] max freq gonna reduce to: 1000000
05-22 11:42:34.007 I/cpusvc  (  460): [restore_max_freq] max freq gonna restore to: 1200000
05-22 11:42:37.058 I/cpusvc  (  460): [reduce_max_freq] max freq gonna reduce to: 1000000
05-22 11:42:46.210 I/cpusvc  (  460): [restore_max_freq] max freq gonna restore to: 1200000
05-22 11:42:49.261 I/cpusvc  (  460): [reduce_max_freq] max freq gonna reduce to: 1000000
05-22 11:42:55.363 I/cpusvc  (  460): [restore_max_freq] max freq gonna restore to: 1200000
05-22 11:42:58.413 I/cpusvc  (  460): [reduce_max_freq] max freq gonna reduce to: 1000000
05-22 11:43:04.516 I/cpusvc  (  460): [restore_max_freq] max freq gonna restore to: 1200000
05-22 11:43:07.566 I/cpusvc  (  460): [reduce_max_freq] max freq gonna reduce to: 1000000
05-22 11:43:13.668 I/cpusvc  (  460): [restore_max_freq] max freq gonna restore to: 1200000
05-22 11:43:16.719 I/cpusvc  (  460): [reduce_max_freq] max freq gonna reduce to: 1000000
05-22 11:43:22.821 I/cpusvc  (  460): [restore_max_freq] max freq gonna restore to: 1200000
05-22 11:43:25.871 I/cpusvc  (  460): [reduce_max_freq] max freq gonna reduce to: 1000000
05-22 11:43:35.024 I/cpusvc  (  460): [restore_max_freq] max freq gonna restore to: 1200000
05-22 11:43:38.075 I/cpusvc  (  460): [reduce_max_freq] max freq gonna reduce to: 1000000
05-22 11:43:44.176 I/cpusvc  (  460): [restore_max_freq] max freq gonna restore to: 1200000
05-22 11:43:47.227 I/cpusvc  (  460): [reduce_max_freq] max freq gonna reduce to: 1000000
05-22 11:43:53.329 I/cpusvc  (  460): [restore_max_freq] max freq gonna restore to: 1200000
05-22 11:43:56.380 I/cpusvc  (  460): [reduce_max_freq] max freq gonna reduce to: 1000000
05-22 11:44:02.482 I/cpusvc  (  460): [restore_max_freq] max freq gonna restore to: 1200000
05-22 11:44:05.532 I/cpusvc  (  460): [reduce_max_freq] max freq gonna reduce to: 1000000
05-22 11:44:11.634 I/cpusvc  (  460): [restore_max_freq] max freq gonna restore to: 1200000
05-22 11:44:14.685 I/cpusvc  (  460): [reduce_max_freq] max freq gonna reduce to: 1000000
05-22 11:44:23.838 I/cpusvc  (  460): [restore_max_freq] max freq gonna restore to: 1200000
05-22 11:44:26.888 I/cpusvc  (  460): [reduce_max_freq] max freq gonna reduce to: 1000000
05-22 11:44:32.990 I/cpusvc  (  460): [restore_max_freq] max freq gonna restore to: 1200000
05-22 11:44:36.041 I/cpusvc  (  460): [reduce_max_freq] max freq gonna reduce to: 1000000
05-22 11:44:42.142 I/cpusvc  (  460): [restore_max_freq] max freq gonna restore to: 1200000
05-22 11:44:45.193 I/cpusvc  (  460): [reduce_max_freq] max freq gonna reduce to: 1000000
05-22 11:44:51.295 I/cpusvc  (  460): [restore_max_freq] max freq gonna restore to: 1200000
05-22 11:44:54.346 I/cpusvc  (  460): [reduce_max_freq] max freq gonna reduce to: 1000000
05-22 11:45:00.448 I/cpusvc  (  460): [restore_max_freq] max freq gonna restore to: 1200000
05-22 11:45:03.499 I/cpusvc  (  460): [reduce_max_freq] max freq gonna reduce to: 1000000
05-22 11:45:12.651 I/cpusvc  (  460): [restore_max_freq] max freq gonna restore to: 1200000
05-22 11:45:15.702 I/cpusvc  (  460): [reduce_max_freq] max freq gonna reduce to: 1000000
05-22 11:45:21.804 I/cpusvc  (  460): [restore_max_freq] max freq gonna restore to: 1200000
05-22 11:45:24.855 I/cpusvc  (  460): [reduce_max_freq] max freq gonna reduce to: 1000000
05-22 11:45:30.956 I/cpusvc  (  460): [restore_max_freq] max freq gonna restore to: 1200000
05-22 11:45:34.007 I/cpusvc  (  460): [reduce_max_freq] max freq gonna reduce to: 1000000
05-22 11:45:40.109 I/cpusvc  (  460): [restore_max_freq] max freq gonna restore to: 1200000
05-22 11:45:43.160 I/cpusvc  (  460): [reduce_max_freq] max freq gonna reduce to: 1000000
05-22 11:45:49.261 I/cpusvc  (  460): [restore_max_freq] max freq gonna restore to: 1200000
05-22 11:45:52.312 I/cpusvc  (  460): [reduce_max_freq] max freq gonna reduce to: 1000000
05-22 11:45:58.414 I/cpusvc  (  460): [restore_max_freq] max freq gonna restore to: 1200000
05-22 11:46:01.465 I/cpusvc  (  460): [reduce_max_freq] max freq gonna reduce to: 1000000
05-22 11:46:10.617 I/cpusvc  (  460): [restore_max_freq] max freq gonna restore to: 1200000
05-22 11:46:13.668 I/cpusvc  (  460): [reduce_max_freq] max freq gonna reduce to: 1000000
05-22 11:46:19.769 I/cpusvc  (  460): [restore_max_freq] max freq gonna restore to: 1200000
05-22 11:46:22.820 I/cpusvc  (  460): [reduce_max_freq] max freq gonna reduce to: 1000000
05-22 11:46:28.922 I/cpusvc  (  460): [restore_max_freq] max freq gonna restore to: 1200000
05-22 11:46:31.973 I/cpusvc  (  460): [reduce_max_freq] max freq gonna reduce to: 1000000
05-22 11:46:38.074 I/cpusvc  (  460): [restore_max_freq] max freq gonna restore to: 1200000
05-22 11:46:41.125 I/cpusvc  (  460): [reduce_max_freq] max freq gonna reduce to: 1000000
05-22 11:46:47.227 I/cpusvc  (  460): [restore_max_freq] max freq gonna restore to: 1200000
05-22 11:46:50.278 I/cpusvc  (  460): [reduce_max_freq] max freq gonna reduce to: 1000000
05-22 11:46:59.430 I/cpusvc  (  460): [restore_max_freq] max freq gonna restore to: 1200000
05-22 11:47:02.481 I/cpusvc  (  460): [reduce_max_freq] max freq gonna reduce to: 1000000
05-22 11:47:08.583 I/cpusvc  (  460): [restore_max_freq] max freq gonna restore to: 1200000
05-22 11:47:11.633 I/cpusvc  (  460): [reduce_max_freq] max freq gonna reduce to: 1000000
05-22 11:47:17.735 I/cpusvc  (  460): [restore_max_freq] max freq gonna restore to: 1200000
05-22 11:47:20.786 I/cpusvc  (  460): [reduce_max_freq] max freq gonna reduce to: 1000000
05-22 11:47:26.889 I/cpusvc  (  460): [restore_max_freq] max freq gonna restore to: 1200000
05-22 11:47:29.939 I/cpusvc  (  460): [reduce_max_freq] max freq gonna reduce to: 1000000
05-22 11:47:36.041 I/cpusvc  (  460): [restore_max_freq] max freq gonna restore to: 1200000
05-22 11:47:39.092 I/cpusvc  (  460): [reduce_max_freq] max freq gonna reduce to: 1000000
05-22 11:47:48.245 I/cpusvc  (  460): [restore_max_freq] max freq gonna restore to: 1200000
05-22 11:47:51.295 I/cpusvc  (  460): [reduce_max_freq] max freq gonna reduce to: 1000000
05-22 11:47:57.397 I/cpusvc  (  460): [restore_max_freq] max freq gonna restore to: 1200000
05-22 11:48:00.448 I/cpusvc  (  460): [reduce_max_freq] max freq gonna reduce to: 1000000
05-22 11:48:06.550 I/cpusvc  (  460): [restore_max_freq] max freq gonna restore to: 1200000
05-22 11:48:09.601 I/cpusvc  (  460): [reduce_max_freq] max freq gonna reduce to: 1000000
05-22 11:48:15.703 I/cpusvc  (  460): [restore_max_freq] max freq gonna restore to: 1200000
05-22 11:48:18.754 I/cpusvc  (  460): [reduce_max_freq] max freq gonna reduce to: 1000000
05-22 11:48:24.856 I/cpusvc  (  460): [restore_max_freq] max freq gonna restore to: 1200000
05-22 11:48:27.907 I/cpusvc  (  460): [reduce_max_freq] max freq gonna reduce to: 1000000
05-22 11:48:37.059 I/cpusvc  (  460): [restore_max_freq] max freq gonna restore to: 1200000
05-22 11:48:40.110 I/cpusvc  (  460): [reduce_max_freq] max freq gonna reduce to: 1000000
05-22 11:48:46.212 I/cpusvc  (  460): [restore_max_freq] max freq gonna restore to: 1200000
05-22 11:48:49.262 I/cpusvc  (  460): [reduce_max_freq] max freq gonna reduce to: 1000000
05-22 11:48:55.364 I/cpusvc  (  460): [restore_max_freq] max freq gonna restore to: 1200000
05-22 11:48:58.415 I/cpusvc  (  460): [reduce_max_freq] max freq gonna reduce to: 1000000
05-22 11:49:04.516 I/cpusvc  (  460): [restore_max_freq] max freq gonna restore to: 1200000
05-22 11:49:07.567 I/cpusvc  (  460): [reduce_max_freq] max freq gonna reduce to: 1000000
05-22 11:49:13.669 I/cpusvc  (  460): [restore_max_freq] max freq gonna restore to: 1200000
05-22 11:49:16.720 I/cpusvc  (  460): [reduce_max_freq] max freq gonna reduce to: 1000000
05-22 11:49:25.872 I/cpusvc  (  460): [restore_max_freq] max freq gonna restore to: 1200000
05-22 11:49:28.923 I/cpusvc  (  460): [reduce_max_freq] max freq gonna reduce to: 1000000
05-22 11:49:35.025 I/cpusvc  (  460): [restore_max_freq] max freq gonna restore to: 1200000
05-22 11:49:38.076 I/cpusvc  (  460): [reduce_max_freq] max freq gonna reduce to: 1000000
05-22 11:49:44.178 I/cpusvc  (  460): [restore_max_freq] max freq gonna restore to: 1200000
05-22 11:49:47.228 I/cpusvc  (  460): [reduce_max_freq] max freq gonna reduce to: 1000000
05-22 11:49:53.330 I/cpusvc  (  460): [restore_max_freq] max freq gonna restore to: 1200000
05-22 11:49:56.381 I/cpusvc  (  460): [reduce_max_freq] max freq gonna reduce to: 1000000
05-22 11:50:02.483 I/cpusvc  (  460): [restore_max_freq] max freq gonna restore to: 1200000
05-22 11:50:05.533 I/cpusvc  (  460): [reduce_max_freq] max freq gonna reduce to: 1000000
